03-30 12:36:22.302  1707  1737 I DynamiteModule: Considering local module com.google.android.gms.googlecertificates:0 and remote module com.google.android.gms.googlecertificates:4
03-30 12:36:22.302  1707  1737 I DynamiteModule: Selected remote version of com.google.android.gms.googlecertificates, version >= 4
03-30 12:36:22.307  1302  1611 V NativeCrypto: Registering com/google/android/gms/org/conscrypt/NativeCrypto's 286 native methods...
03-30 12:36:22.328  1650  1650 I Finsky  : [2] rvz.a(28): Started reading experiment flags from file [Se-xCc4LzNyh3UrKMIU2sUf-PUKz4oQEbpKZDMuaFno].
03-30 12:36:22.337  1650  1650 I Finsky  : [2] rvz.a(42): Finished reading experiment flags from file [Se-xCc4LzNyh3UrKMIU2sUf-PUKz4oQEbpKZDMuaFno].
03-30 12:36:22.353  1302  1591 D JobProxy26: Schedule one-off jobInfo success, request{id=125, tag=ScribeFlushJob, transient=false}, start 00:01:00, end 00:06:00 (from now), reschedule count 0
03-30 12:36:22.358  1302  1618 I JobManager: Found pending job request{id=125, tag=ScribeFlushJob, transient=false}, canceling
03-30 12:36:22.379  1650  1650 I Finsky  : [2] ujt.<init>(20): Resetting scheduler db
03-30 12:36:22.441  1650  1695 I Finsky  : [147] dyq.U(6): Not a unicorn account
03-30 12:36:22.459   933  1686 W DriveInitializer: Awaiting to be initialized
03-30 12:36:22.487  1078  1091 W zygote  : Suspending all threads took: 29.995ms
03-30 12:36:22.495  1302  1618 D JobProxy26: Schedule one-off jobInfo success, request{id=126, tag=ScribeFlushJob, transient=false}, start 00:01:00, end 00:06:00 (from now), reschedule count 0
03-30 12:36:22.527  1707  1737 W zygote  : Unsupported class loader
03-30 12:36:22.529  1752  1752 I TLK_Daemon: started
03-30 12:36:22.529  1752  1752 E TLK_Daemon: failed to open device: /dev/tlk_device
03-30 12:36:22.548  1707  1737 W zygote  : Skipping duplicate class check due to unsupported classloader
03-30 12:36:22.549  1650  1698 I Finsky  : [148] yle.a(2): Disable SystemUpdateActivity, because Android is lower than Q
03-30 12:36:22.606  1650  1698 I zygote  : Deoptimizing java.lang.Object j$.util.concurrent.ConcurrentHashMap.putVal(java.lang.Object, java.lang.Object, boolean) due to JIT inline cache
03-30 12:36:22.614  1650  1698 I Finsky  : [148] rht.<init>(5): PackageMonitor - Registering in memory receiver for android.intent.action.PACKAGE_ADDED and android.intent.action.PACKAGE_REMOVED
03-30 12:36:22.630  1650  1763 I Finsky  : [163] yld.run(4): Set SystemUpdateActivity enabled state to 2
03-30 12:36:22.646  1650  1699 I cr_CronetLibraryLoader: Cronet version: 82.0.4081.3, arch: armv7l
03-30 12:36:22.655   933  1445 I PinnedContentDownloader: Finished downloading pinned content.
03-30 12:36:22.665  1302  1611 D NetworkSecurityConfig: No Network Security Config specified, using platform default
03-30 12:36:22.692  1302  1611 I ProviderInstaller: Installed default security provider GmsCore_OpenSSL
03-30 12:36:22.734  1650  1695 I Finsky  : [147] pgs.c(4): Enqueuing libraries load for -880058564
03-30 12:36:22.741  1650  1698 W Settings: Setting download_manager_max_bytes_over_mobile has moved from android.provider.Settings.Secure to android.provider.Settings.Global.
03-30 12:36:22.751  1650  1695 I Finsky  : [147] gvm.f(7): Subscription detail: N/A
03-30 12:36:22.764  1650  1698 I Finsky  : [148] qhg.a(4): SettingNotFoundException, fall through to G.downloadBytesOverMobileMaximum
03-30 12:36:22.765  1650  1698 W Settings: Setting download_manager_recommended_max_bytes_over_mobile has moved from android.provider.Settings.Secure to android.provider.Settings.Global.
03-30 12:36:22.767  1650  1698 I Finsky  : [148] qhg.a(9): SettingNotFoundException, fall through to G.downloadBytesOverMobileRecommended
03-30 12:36:22.771  1650  1751 I Finsky  : [161] pgs.a(25): Starting libraries load for -880058564
03-30 12:36:22.778  1302  1618 W zygote  : Long monitor contention with owner io-Thread-0 (1591) at long android.database.sqlite.SQLiteConnection.nativePrepareStatement(long, java.lang.String)(SQLiteConnection.java:-2) waiters=0 in android.database.sqlite.SQLiteDatabase com.twitter.database.BaseDatabaseHelper.e(int) for 278ms
03-30 12:36:22.798   933  1520 I ContentMaintenance: Internal cache bytes used: 0; limit: 100000000; download size: 0
03-30 12:36:22.809  1302  1618 I JobManager: Found pending job request{id=126, tag=ScribeFlushJob, transient=false}, canceling
03-30 12:36:22.838   933  1520 I RealtimeCacheCleanup: Beginning Realtime garbage collection.
03-30 12:36:22.856   933  1520 I RealtimeCacheCleanup: Finished Realtime garbage collection.
03-30 12:36:22.894  1650  1695 I Finsky  : [147] aaxu.m(3): Setup app restrictions monitor
03-30 12:36:22.898  1650  1695 I Finsky  : [147] aazr.a(3): Device wide unknown source restriction is changed.
03-30 12:36:22.909   313   648 D WificondControl: Scan result ready event
03-30 12:36:22.956  1302  1591 D JobProxy26: Schedule one-off jobInfo success, request{id=127, tag=ScribeFlushJob, transient=false}, start 00:01:00, end 00:06:00 (from now), reschedule count 0
03-30 12:36:22.987   933  1765 I FA-SVC  : App measurement initialized, version: 200616
03-30 12:36:23.006  1650  1650 I Finsky  : [2] ugw.a(19): Scheduling fallback job with id: 9034, and delay: 43200000 ms
03-30 12:36:23.010  1650  1650 I Finsky  : [2] ugw.a(9): Scheduling fallback in 64799998 (absolute: 64896609)
03-30 12:36:23.022   933  1765 I zygote  : Deoptimizing bwyn bwyg.g() due to JIT inline cache
03-30 12:36:23.080  1650  1650 I Finsky  : [2] mwq.<init>(12): Installer: Setting Parallelism[DEFAULT]
03-30 12:36:23.083  1650  1650 I Finsky  : [2] mss.a(18): Installer: Attempting to start installer
03-30 12:36:23.089  1650  1650 I Finsky  : [2] mny.<init>(8): Not checking if recovering from paused session because experiment is off
03-30 12:36:23.091   313   369 W ActivityManager: Background start not allowed: service Intent { act=Orca.PERSISTENT_KICK_SKIP_PING cmp=com.facebook.katana/com.facebook.mqttlite.MqttService (has extras) } to com.facebook.katana/com.facebook.mqttlite.MqttService from pid=1078 uid=10070 pkg=com.facebook.katana
03-30 12:36:23.128  1650  1650 I Finsky  : [2] gvl.onSubscriptionsChanged(1): onSubscriptionsChanged
03-30 12:36:23.132   313   575 I ActivityManager: Start proc 1801:com.google.android.configupdater/u0a15 for broadcast com.google.android.configupdater/.MainReceiver
03-30 12:36:23.149   933  1040 I zygote  : Deoptimizing void bwzr.a(java.lang.Object, java.lang.Object, long) due to JIT inline cache
03-30 12:36:23.167  1650  1650 I Finsky  : [2] mss.a(207): Installer kick - no action, not running yet
03-30 12:36:23.223  1650  1650 I Finsky  : [2] ujt.a(7): SCH: Jobs in database: 1-1337 26-1414141414 29-29 34-3 34-4 
03-30 12:36:23.231  1650  1704 D NetworkSecurityConfig: No Network Security Config specified, using platform default
03-30 12:36:23.289  1650  1650 I Finsky  : [2] ufq.a(56): SCH: ConstraintMapping: 1-1337, 34-4,  -> L: 34370758ms, D: 82888105ms, C: false, I: false, N: 1
03-30 12:36:23.292  1650  1650 I Finsky  : [2] ufq.a(56): SCH: ConstraintMapping: 34-3,  -> L: 39747436ms, D: 1335747436ms, C: false, I: true, N: 2
03-30 12:36:23.292  1650  1650 I Finsky  : [2] ufq.a(56): SCH: ConstraintMapping: 34-3,  -> L: 39747436ms, D: 1335747436ms, C: true, I: true, N: 2
03-30 12:36:23.293  1650  1650 I Finsky  : [2] ufq.a(56): SCH: ConstraintMapping: 26-1414141414, 29-29,  -> L: 29098ms, D: 59098ms, C: false, I: false, N: 0
03-30 12:36:23.295  1650  1650 I Finsky  : [2] uid.a(35): Cancelling existing jobscheduler jobs: 
03-30 12:36:23.296  1650  1650 I Finsky  : [2] uid.a(28): Scheduling job Id: 9000, L: 34370758, D: 82888105, C: false, I: false, N: 1
03-30 12:36:23.298  1650  1650 I Finsky  : [2] uid.a(28): Scheduling job Id: 9001, L: 39747436, D: 1335747436, C: false, I: true, N: 2
03-30 12:36:23.300  1650  1650 I Finsky  : [2] uid.a(28): Scheduling job Id: 9002, L: 39747436, D: 1335747436, C: true, I: true, N: 2
03-30 12:36:23.301  1650  1650 I Finsky  : [2] uid.a(28): Scheduling job Id: 9003, L: 29098, D: 59098, C: false, I: false, N: 0
03-30 12:36:23.311   313   323 I zygote  : Background concurrent copying GC freed 68937(4MB) AllocSpace objects, 95(4MB) LOS objects, 42% free, 10MB/18MB, paused 161us total 260.758ms
03-30 12:36:23.341  1801  1801 E ConfigUpdater: ignoring update request
03-30 12:36:23.405  1801  1801 I chatty  : uid=10015(com.google.android.configupdater) identical 6 lines
03-30 12:36:23.424  1801  1801 E ConfigUpdater: ignoring update request
03-30 12:36:23.433  1650  1824 I Finsky  : [192] mrt.run(2): Installer: Installer starting.
03-30 12:36:23.434  1650  1824 I Finsky  : [192] mrt.run(4): Installer: Installer started.
03-30 12:36:23.436  1801  1801 E ConfigUpdater: ignoring update request
03-30 12:36:23.439  1650  1650 I Finsky  : [2] mss.a(212): Installer: found apps to install. isMultiUserMode=false, apps=[]
03-30 12:36:23.456   761  1103 W ChimeraUtils: Non Chimera context
03-30 12:36:23.456   761  1103 W ChimeraUtils: Non Chimera context
03-30 12:36:23.458   933  1060 E ConfigFileUtils: Failed to read config file: /data/user_de/0/com.google.android.gms/app_chimera/current_modules_init.pb (No such file or directory)
03-30 12:36:23.480   313   324 I ActivityManager: Start proc 1849:com.google.android.onetimeinitializer/u0a1 for broadcast com.google.android.onetimeinitializer/.OneTimeInitializerReceiver
03-30 12:36:23.505  1650  1650 I Finsky  : [2] ujt.a(7): SCH: Jobs in database: 1-1337 26-1414141414 29-29 34-3 34-4 
03-30 12:36:23.518   933   938 I zygote  : Do full code cache collection, code=126KB, data=99KB
03-30 12:36:23.520   933  1060 I zygote  : Deoptimizing bmpi bmpg.a(java.lang.Comparable, java.lang.Comparable) due to JIT inline cache
03-30 12:36:23.523   933   938 I zygote  : After code cache collection, code=98KB, data=48KB
03-30 12:36:23.539  1177  1177 I libwatcher_bina: type=1400 audit(0.0:77): avc: denied { read } for name="file-nr" dev="proc" ino=17975 scontext=u:r:untrusted_app:s0:c512,c768 tcontext=u:object_r:proc:s0 tclass=file permissive=1
03-30 12:36:23.539  1177  1177 I libwatcher_bina: type=1400 audit(0.0:78): avc: denied { open } for path="/proc/sys/fs/file-nr" dev="proc" ino=17975 scontext=u:r:untrusted_app:s0:c512,c768 tcontext=u:object_r:proc:s0 tclass=file permissive=1
03-30 12:36:23.539  1177  1177 I libwatcher_bina: type=1400 audit(0.0:79): avc: denied { getattr } for path="/proc/sys/fs/file-nr" dev="proc" ino=17975 scontext=u:r:untrusted_app:s0:c512,c768 tcontext=u:object_r:proc:s0 tclass=file permissive=1
03-30 12:36:23.526  1650  1650 I Finsky  : [2] ufq.a(56): SCH: ConstraintMapping: 1-1337, 34-4,  -> L: 34370511ms, D: 82887863ms, C: false, I: false, N: 1
03-30 12:36:23.527  1650  1650 I Finsky  : [2] ufq.a(56): SCH: ConstraintMapping: 34-3,  -> L: 39747189ms, D: 1335747189ms, C: false, I: true, N: 2
03-30 12:36:23.527  1650  1650 I Finsky  : [2] ufq.a(56): SCH: ConstraintMapping: 34-3,  -> L: 39747189ms, D: 1335747189ms, C: true, I: true, N: 2
03-30 12:36:23.528  1650  1650 I Finsky  : [2] ufq.a(56): SCH: ConstraintMapping: 26-1414141414, 29-29,  -> L: 28855ms, D: 58855ms, C: false, I: false, N: 0
03-30 12:36:23.534  1650  1650 I Finsky  : [2] uid.a(35): Cancelling existing jobscheduler jobs: 9003 9000 9001 9002 
03-30 12:36:23.535  1650  1650 I Finsky  : [2] uid.a(28): Scheduling job Id: 9004, L: 34370511, D: 82887863, C: false, I: false, N: 1
03-30 12:36:23.536  1650  1650 I Finsky  : [2] uid.a(28): Scheduling job Id: 9005, L: 39747189, D: 1335747189, C: false, I: true, N: 2
03-30 12:36:23.537  1650  1650 I Finsky  : [2] uid.a(28): Scheduling job Id: 9006, L: 39747189, D: 1335747189, C: true, I: true, N: 2
03-30 12:36:23.538  1650  1650 I Finsky  : [2] uid.a(28): Scheduling job Id: 9007, L: 28855, D: 58855, C: false, I: false, N: 0
03-30 12:36:23.567  1650  1662 I zygote  : Do partial code cache collection, code=31KB, data=24KB
03-30 12:36:23.576  1650  1662 I zygote  : After code cache collection, code=29KB, data=24KB
03-30 12:36:23.576  1650  1662 I zygote  : Increasing code cache capacity to 128KB
03-30 12:36:23.618  1849  1849 V OneTimeInitializerReceiver: OneTimeInitializerReceiver.onReceive
03-30 12:36:23.622  1849  1867 V OneTimeInitializer: OneTimeInitializer.initialize
03-30 12:36:23.634  1849  1867 V OneTimeInitializer: Already run, doing nothing.
03-30 12:36:23.638  1650  1650 I Finsky  : [2] vtr.a(25): Connecting InstallListener to SplitInstallService broadcaster...
03-30 12:36:23.657   313   325 I ActivityManager: Start proc 1869:com.google.android.packageinstaller/u0a17 for broadcast com.google.android.packageinstaller/com.android.packageinstaller.TemporaryFileManager
03-30 12:36:23.662   313   324 W ActivityManager: Unable to start service Intent { act=com.google.android.gms.auth.key.retrieval.service.START pkg=com.google.android.gms } U=0: not found
03-30 12:36:23.667   933  1060 E PhenotypeRegOp: Attempting to overwrite config package for com.google.android.gms.car
03-30 12:36:23.668   313  1538 W ActivityManager: Unbind failed: could not find connection for android.os.BinderProxy@186a0ab
03-30 12:36:23.670   933  1040 E GmsClient: unable to connect to service: com.google.android.gms.auth.key.retrieval.service.START on com.google.android.gms
03-30 12:36:23.765   933  1060 E PhenotypeRegOp: Attempting to overwrite config package for com.google.android.gms.mobile_data_plan
03-30 12:36:23.768   933  1060 E PhenotypeRegOp: Attempting to overwrite config package for com.google.android.gms.signin
03-30 12:36:23.771   933  1060 E PhenotypeRegOp: Attempting to overwrite config package for com.google.android.gms.udc
03-30 12:36:23.771   933  1060 E PhenotypeRegOp: Attempting to overwrite config package for com.google.android.gms.mdisync
03-30 12:36:23.874   313   648 I ActivityManager: Start proc 1885:com.google.android.partnersetup/u0a13 for broadcast com.google.android.partnersetup/.GooglePartnerSetup
03-30 12:36:23.881   313   648 I ActivityManager: Killing 894:com.android.keychain/1000 (adj 906): empty #17
03-30 12:36:23.888   313   330 W system_server: kill(-894, 9) failed: No such process
03-30 12:36:23.895  1302  1789 W zygote  : Long monitor contention with owner mainNetwork-core-Thread-1 (1611) at void java.util.Vector.<init>()(Vector.java:157) waiters=0 in com.twitter.network.e0 com.twitter.network.u0.a(com.twitter.network.g0$a) for 1.017s
03-30 12:36:23.899  1302  1618 W zygote  : Long monitor contention with owner mainNetwork-core-Thread-1 (1611) at void java.util.Vector.<init>()(Vector.java:157) waiters=1 in com.twitter.network.e0 com.twitter.network.u0.a(com.twitter.network.g0$a) for 999ms
03-30 12:36:23.933   313   330 W system_server: kill(-894, 9) failed: No such process
03-30 12:36:23.933   313   330 I system_server: Successfully killed process cgroup uid 1000 pid 894 in 45ms
03-30 12:36:23.965   761   777 I zygote  : Background concurrent copying GC freed 58359(3MB) AllocSpace objects, 25(596KB) LOS objects, 51% free, 5MB/11MB, paused 176us total 273.893ms
03-30 12:36:23.977   761  1097 I angf    : updateFromConfigurations using legacy put method [CONTEXT service_id=204 ]
03-30 12:36:24.011   761   770 I zygote  : Do full code cache collection, code=254KB, data=186KB
03-30 12:36:24.013   761   770 I zygote  : After code cache collection, code=240KB, data=143KB
03-30 12:36:24.069   761   761 I GeofencerStateMachine: sendQueryLocationOptIn
03-30 12:36:24.124   761   761 I chatty  : uid=10005 com.google.android.gms.persistent identical 2 lines
03-30 12:36:24.133   761   761 I GeofencerStateMachine: sendQueryLocationOptIn
03-30 12:36:24.150   933   938 I zygote  : Do partial code cache collection, code=119KB, data=75KB
03-30 12:36:24.151  1078  1232 I mobileconfig: No OTA resource found
03-30 12:36:24.151  1078  1232 I mobileconfig: Using asset manager to stream (sessionless: YES) params_map.txt
03-30 12:36:24.153   933   938 I zygote  : After code cache collection, code=118KB, data=75KB
03-30 12:36:24.153   933   938 I zygote  : Increasing code cache capacity to 512KB
03-30 12:36:24.198   313   324 W BroadcastQueue: Permission Denial: receiving Intent { act=android.intent.action.BOOT_COMPLETED flg=0x9000010 (has extras) } to com.google.android.syncadapters.calendar/com.google.android.libraries.internal.growth.growthkit.inject.GrowthKitBootCompletedBroadcastReceiver requires android.permission.RECEIVE_BOOT_COMPLETED due to sender null (uid 1000)
03-30 12:36:24.199   313   324 I ActivityManager: Killing 946:com.anydesk.anydeskandroid/u0a68 (adj 906): empty #17
03-30 12:36:24.208   313   330 W system_server: kill(-946, 9) failed: No such process
03-30 12:36:24.221   313   328 I ActivityManager: Start proc 1908:com.google.process.gapps/u0a63 for broadcast com.google.android.syncadapters.contacts/.ContactsSyncAdapterBroadcastReceiver
03-30 12:36:24.255   313   330 I chatty  : uid=1000(system) ActivityManager identical 1 line
03-30 12:36:24.301   313   330 W system_server: kill(-946, 9) failed: No such process
03-30 12:36:24.301   313   330 I system_server: Successfully killed process cgroup uid 10068 pid 946 in 92ms
03-30 12:36:24.369  1908  1908 I GoogleHttpClient: GMS http client unavailable, use old client
03-30 12:36:24.427   313   651 I ActivityManager: Start proc 1926:com.anydesk.anydeskandroid/u0a68 for broadcast com.anydesk.anydeskandroid/.BootReceiver
03-30 12:36:24.428   784   784 D CarbonDelta: property_version: CR-6.1-NOCT-UNOFFICIAL-mocha-20200329-1833
03-30 12:36:24.428   784   784 D CarbonDelta: property_device: mocha
03-30 12:36:24.428   784   784 D CarbonDelta: filename_base: CARBON-CR-6.1-NOCT-UNOFFICIAL-mocha-20200329-1833
03-30 12:36:24.428   784   784 D CarbonDelta: filename_base_prefix: CARBON-CR-6.1-NOCT-UNOFFICIAL-mocha-20200329-1833
03-30 12:36:24.428   784   784 D CarbonDelta: path_base: /storage/emulated/0/CarbonDelta/
03-30 12:36:24.428   784   784 D CarbonDelta: path_flash_after_update: /storage/emulated/0/CarbonDelta/FlashAfterUpdate/
03-30 12:36:24.428   784   784 D CarbonDelta: url_base_delta: https://mirrorbits.carbonrom.org/delta/mocha/
03-30 12:36:24.428   784   784 D CarbonDelta: url_base_update: https://mirrorbits.carbonrom.org/delta/mocha/
03-30 12:36:24.428   784   784 D CarbonDelta: url_base_full: https://mirrorbits.carbonrom.org/mocha/
03-30 12:36:24.428   784   784 D CarbonDelta: url_base_json: https://carbonrom.org/deltaindex.json
03-30 12:36:24.429   784   784 D CarbonDelta: apply_signature: 1
03-30 12:36:24.430   784   784 D CarbonDelta: inject_signature_enable: 1
03-30 12:36:24.430   784   784 D CarbonDelta: inject_signature_keys: v2 {64,0x93c6cf09,{3959460039,2678893445,715776493,105143427,3752651993,2345977744,4255469659,2032111362,2584212023,2952948098,699998037,1235552547,934551829,873032484,874616196,589103154,3070919096,3405184701,2709345581,3413373753,156567781,1124940643,969727944,309840184,2623167688,2854147242,893135305,3015966208,242570692,1852872961,3380211279,3287456297,762681615,3973732207,516101632,118627739,1553988609,4071315748,1573324055,2233175202,40301256,1225474043,324642701,4250288057,278980820,3946915951,1842950933,4105548428,51607237,2763590635,1601384761,2485085100,2183867101,3152199,2227397862,3139730963,1817545808,3813793454,3329540326,1043267749,2448945358,1444359390,755148414,3429413564},{3195344778,1203102071,497939174,4178258651,3125511805,483234386,2885776941,3769629599,3404720485,1303404185,3126846896,884358772,3776789879,3086168575,2018689230,2115082478,3623399513,2734070052,3940910951,1778481129,3523530172,1344826058,89030284,3367155105,1131891459,2666883281,1200265709,4030351581,3743143635,2174031168,2618213422,2218537432,2605477546,2633644521,3712788091,3625632604,205313521,1944998142,2857342250,1514431854,1870915627,4055661202,387138816,2440761334,1882806768,153031880,3997553240,467930107,192535380,219219562,2417691338,1818159826,666249047,3768300061,3101391637,1890240512,1973385389,1708791076,2976789789,4222268227,861165292,1796465005,3662015909,2675294906}}
03-30 12:36:24.430   784   784 D CarbonDelta: secure_mode_enable: 1
03-30 12:36:24.430   784   784 D CarbonDelta: secure_mode_default: 1
03-30 12:36:24.430   784   784 D CarbonDelta: keep_screen_on: 0
03-30 12:36:24.438   313   651 I ActivityManager: Killing 875:com.android.printspooler/u0a38 (adj 906): empty #17
03-30 12:36:24.438   313   330 W system_server: kill(-875, 9) failed: No such process
03-30 12:36:24.443   784   784 D CarbonDelta: networkstate flags --> 48
03-30 12:36:24.447   784   784 D CarbonDelta: network state --> 1
03-30 12:36:24.450   784   784 D CarbonDelta: screen state --> 1
03-30 12:36:24.450   784   784 D CarbonDelta: autoState state = action_none userInitiated = false checkOnly = 1
03-30 12:36:24.451   784   784 D CarbonDelta: Checking step done
03-30 12:36:24.451   784   784 D CarbonDelta: System up to date
03-30 12:36:24.460   761   770 I zygote  : Do partial code cache collection, code=241KB, data=152KB
03-30 12:36:24.460   784   784 D CarbonDelta: battery state --> 1
03-30 12:36:24.467   761   770 I zygote  : After code cache collection, code=241KB, data=152KB
03-30 12:36:24.467   761   770 I zygote  : Increasing code cache capacity to 1024KB
03-30 12:36:24.485   313   330 W system_server: kill(-875, 9) failed: No such process
03-30 12:36:24.485   313   330 I system_server: Successfully killed process cgroup uid 10038 pid 875 in 46ms
03-30 12:36:24.571  1926  1926 W anydesk : NoLog! java:MainApplication - using device protected storage
03-30 12:36:24.576  1926  1926 W anydesk : NoLog! java:MainApplication - already imported from default storage
03-30 12:36:24.581  1926  1926 W anydesk : NoLog! java:SamsungHelper - KNOX API level 0
03-30 12:36:24.673  1926  1948 E BitmapFactory: Unable to decode stream: java.io.FileNotFoundException:  (No such file or directory)
03-30 12:36:24.689  1926  1948 I chatty  : uid=10068(com.anydesk.anydeskandroid) Thread-3 identical 1 line
03-30 12:36:24.699  1926  1948 E BitmapFactory: Unable to decode stream: java.io.FileNotFoundException:  (No such file or directory)
03-30 12:36:24.721  1650  1662 I zygote  : Do partial code cache collection, code=62KB, data=44KB
03-30 12:36:24.724  1650  1662 I zygote  : After code cache collection, code=62KB, data=44KB
03-30 12:36:24.724  1650  1662 I zygote  : Increasing code cache capacity to 256KB
03-30 12:36:24.737  1078  1232 I mobileconfig: Params map streaming - readbytes: 720897/720897
03-30 12:36:24.738  1078  1232 I mobileconfig: Successfully parsed (sessionless: YES) params_map.txt
03-30 12:36:24.760  1078  1232 I mobileconfig: Initialized MobileConfig - directory: /data/user/0/com.facebook.katana/files, appVersion: 263.0.0.46.121, paramHash: 63850917ed7fd630429acd59fc00e78c:5c7696953bff4183c66e91846379e3b7, readOnly: false bufferPathPostfix: 
03-30 12:36:24.840   313   575 I ActivityManager: Start proc 1971:com.instagram.android/u0a76 for content provider com.instagram.android/com.instagram.contentprovider.FamilyAppsUserValuesProvider
03-30 12:36:24.964  1302  1310 I zygote  : Do partial code cache collection, code=31KB, data=25KB
03-30 12:36:24.972  1650  1751 I Finsky  : [161] pgs.a(41): Loaded library for account: [dbnIwwyg5seSnw7W3siFpf06qxmud5ySXtjmLWXy5W4]
03-30 12:36:24.973  1650  1751 I Finsky  : [161] pgs.a(45): Finished loading 1 libraries.
03-30 12:36:24.989  1302  1310 I zygote  : After code cache collection, code=28KB, data=23KB
03-30 12:36:24.989  1302  1310 I zygote  : Increasing code cache capacity to 128KB
03-30 12:36:25.131  1302  1618 I zygote  : Deoptimizing boolean com.twitter.util.c0.c(java.lang.CharSequence) due to JIT inline cache
03-30 12:36:25.152  1078  1223 I mobileconfig: Using OTA mobileconfig resource
03-30 12:36:25.215  1971  1971 W CrashLoopRemedyLog: unable to delete remedy log, instaCrash: false
03-30 12:36:25.216  1971  1971 W CrashLoopRemedyLog: unable to delete remedy log, instaCrash: true
03-30 12:36:25.217  1971  1971 I stagram.android: type=1400 audit(0.0:80): avc: denied { read } for name="zoneinfo" dev="proc" ino=4026537335 scontext=u:r:untrusted_app:s0:c512,c768 tcontext=u:object_r:proc_zoneinfo:s0 tclass=file permissive=1
03-30 12:36:25.217  1971  1971 I stagram.android: type=1400 audit(0.0:81): avc: denied { open } for path="/proc/zoneinfo" dev="proc" ino=4026537335 scontext=u:r:untrusted_app:s0:c512,c768 tcontext=u:object_r:proc_zoneinfo:s0 tclass=file permissive=1
03-30 12:36:25.218  1971  1971 I stagram.android: type=1400 audit(0.0:82): avc: denied { getattr } for path="/proc/zoneinfo" dev="proc" ino=4026537335 scontext=u:r:untrusted_app:s0:c512,c768 tcontext=u:object_r:proc_zoneinfo:s0 tclass=file permissive=1
03-30 12:36:25.278   313   331 I WifiService: requestActivityInfo uid=1000
03-30 12:36:25.278   313   331 I WifiService: reportActivityInfo uid=1000
03-30 12:36:25.278   313   331 I WifiService: getSupportedFeatures uid=1000
03-30 12:36:25.279   226   226 D WifiHAL : In DebugCommand::handleResponse
03-30 12:36:25.280   226   226 D WifiHAL : len = 4, expected len = 4
03-30 12:36:25.280   226   226 D WifiHAL : In DebugCommand::handleResponse
03-30 12:36:25.280   226   226 D WifiHAL : len = 4, expected len = 4
03-30 12:36:25.284  1971  1971 E ACRA    : Initializing ANR detector for process: com.instagram.android
03-30 12:36:25.288  1971  1971 W MultiSignalANRDetector: Starting
03-30 12:36:25.288  1971  1971 W ProcessAnrErrorMonitor: startMonitoring with delay: 4000
03-30 12:36:25.291   313   331 E BatteryExternalStatsWorker: no controller energy info supplied for bluetooth
03-30 12:36:25.291   532   532 E PhoneInterfaceManager: [PhoneIntfMgr] queryModemActivityInfo: Empty response
03-30 12:36:25.294   313   331 E KernelUidCpuFreqTimeReader: Failed to read /proc/uid_time_in_state: java.io.FileNotFoundException: /proc/uid_time_in_state (No such file or directory)
03-30 12:36:25.298   313   331 E BatteryExternalStatsWorker: modem info is invalid: ModemActivityInfo{ mTimestamp=0 mSleepTimeMs=0 mIdleTimeMs=0 mTxTimeMs[]=[0, 0, 0, 0, 0] mRxTimeMs=0 mEnergyUsed=0}
03-30 12:36:25.302  1971  1971 W SoLoader: context.getApplicationContext returned null, holding reference to original context.
03-30 12:36:25.330   761   777 I zygote  : Background concurrent copying GC freed 29939(1744KB) AllocSpace objects, 2(40KB) LOS objects, 53% free, 5MB/11MB, paused 62us total 122.282ms
03-30 12:36:25.384  1971  1971 I zygote  : Thread[1,tid=1971,Native,Thread*=0xa8184000,peer=0x72043990,"main"] recursive attempt to load library "/data/app/com.instagram.android-LLfwKP2un8oaSBuqwb5IRA==/lib/arm/libfb.so"
03-30 12:36:25.496   313   575 I ActivityManager: Start proc 1998:com.facebook.katana:fwkstartlog/u0a70 for service com.facebook.katana/com.facebook.analytics.appstatelogger.AppStateIntentService
03-30 12:36:25.517  1971  1971 W Profilo/BlackBoxApi: UNABLE TO START: No config
03-30 12:36:25.601  1971  1971 V appstatelogger: Registered App State Logger stream with Breakpad
03-30 12:36:25.620   313   323 I zygote  : Background concurrent copying GC freed 26642(2024KB) AllocSpace objects, 5(124KB) LOS objects, 42% free, 10MB/18MB, paused 212us total 188.356ms
03-30 12:36:25.626  1971  2015 D SigquitDetector: Signal catcher tid: 1977
03-30 12:36:25.626  1971  2015 D SigquitDetector: Initialized
03-30 12:36:25.635  1971  2015 D         : Function fsync hooked with result=0
03-30 12:36:25.636  1971  2015 D         : Function fdatasync hooked with result=0
03-30 12:36:25.643   933  2016 I SystemUpdate: [Installation,ReceiverIntentOperation] Received intent: Intent { act=com.google.android.gms.update.BASE_MODULE_INIT cat=[targeted_intent_op_prefix:.update.control.ReceiverIntentOperation] cmp=com.google.android.gms/.chimera.GmsIntentOperationService }.
03-30 12:36:25.645  1971  2015 D         : Function msync hooked with result=0
03-30 12:36:25.646  1971  2015 D         : Function sync hooked with result=0
03-30 12:36:25.647   933  1060 I Auth    : [WorkAccount] update authenticator enabled for boot or update
03-30 12:36:25.650  1971  1971 I logcat-pltinterceptor: PLT Logcat interceptor installed successfully
03-30 12:36:25.650   933  1056 W SystemServiceRegistry: No service published for: persistent_data_block
03-30 12:36:25.654   313   575 I ActivityManager: Killing 1335:org.videolan.vlc/u0a73 (adj 906): empty #17
03-30 12:36:25.656   933  1123 I Auth    : [FRP,FrpUpdateIntentOperation] Frp is not supported for this device / user
03-30 12:36:25.660  1971  1971 I logcat-interceptor: Logcat interceptor installed successfully with buffer size 204800 filePath /data/user/0/com.instagram.android/app_minidumps/da01f46a5b0989e5b40ee0c7b555de67.txt
03-30 12:36:25.661  1971  1971 I logcat-interceptor: Logcat interceptor file name /data/user/0/com.instagram.android/app_minidumps/da01f46a5b0989e5b40ee0c7b555de67.txt
03-30 12:36:25.661   933  1056 W ChimeraUtils: Non Chimera context
03-30 12:36:25.661   933  1056 W ChimeraUtils: Non Chimera context
03-30 12:36:25.662   313   330 W system_server: kill(-1335, 9) failed: No such process
03-30 12:36:25.663   761   761 W ChimeraUtils: Non Chimera context
03-30 12:36:25.663   761   761 W ChimeraUtils: Non Chimera context
03-30 12:36:25.675  1998  1998 W AppReliabilityOps: Errorreporting: Legacy
03-30 12:36:25.680   761   761 W ChimeraUtils: Non Chimera context
03-30 12:36:25.680   761   761 W ChimeraUtils: Non Chimera context
03-30 12:36:25.704   761  2018 W WakefulBroadcastReceiv.: No active wake lock id #1
03-30 12:36:25.707   313   330 W system_server: kill(-1335, 9) failed: No such process
03-30 12:36:25.708   313   330 I system_server: Successfully killed process cgroup uid 10073 pid 1335 in 52ms
03-30 12:36:25.709   761  1059 W GCoreFlp: No location to return for getLastLocation()
03-30 12:36:25.730   933  1056 W ChimeraUtils: Non Chimera context
03-30 12:36:25.730   933  1056 W ChimeraUtils: Non Chimera context
03-30 12:36:25.740   933  1123 I Auth    : [AccountStatusChecker] Canceling for <ELLIDED:-2118691687>
03-30 12:36:25.741   761  1102 I Auth    : [WorkAccountServiceImpl] init work authenticator
03-30 12:36:25.800  1998  1998 E ACRA    : Skipping ANR Detector for process: com.facebook.katana:fwkstartlog
03-30 12:36:25.837  1998  1998 W SoLoader: context.getApplicationContext returned null, holding reference to original context.
03-30 12:36:25.842  1971  1971 W dalvik-internals: ignoring failure to find _ZN3art12FaultManager35EnsureArtActionInFrontOfSignalChainEv: could not hook _ZN3art12FaultManager35EnsureArtActionInFrontOfSignalChainEv
03-30 12:36:25.843  1971  1971 V dalvik-internals: hooked signal using trap ()
03-30 12:36:25.843  1971  1971 V dalvik-internals: hooked sysv_signal using trap ()
03-30 12:36:25.844  1971  1971 V dalvik-internals: hooked bsd_signal using trap ()
03-30 12:36:25.844  1971  1971 V dalvik-internals: hooked sigaction using trap ()
03-30 12:36:25.844  1971  1971 I dalvik-internals: installed sigmux crash handler for crash log
03-30 12:36:25.893   933  1060 I Auth    : [SupervisedAccountIntentOperation] onHandleIntent(): android.intent.action.BOOT_COMPLETED
03-30 12:36:25.902   761   761 W SystemServiceRegistry: No service published for: persistent_data_block
03-30 12:36:25.908   761   761 W ChimeraUtils: Non Chimera context
03-30 12:36:25.908   761   761 W ChimeraUtils: Non Chimera context
03-30 12:36:25.929   313   331 I WifiService: requestActivityInfo uid=1000
03-30 12:36:25.929   313   331 I WifiService: reportActivityInfo uid=1000
03-30 12:36:25.929   313   331 I WifiService: getSupportedFeatures uid=1000
03-30 12:36:25.930   226   226 D WifiHAL : In DebugCommand::handleResponse
03-30 12:36:25.930   226   226 D WifiHAL : len = 4, expected len = 4
03-30 12:36:25.931   226   226 D WifiHAL : In DebugCommand::handleResponse
03-30 12:36:25.931   226   226 D WifiHAL : len = 4, expected len = 4
03-30 12:36:25.951   933  2040 W ChimeraUtils: Non Chimera context
03-30 12:36:25.954   313   331 E BatteryExternalStatsWorker: no controller energy info supplied for bluetooth
03-30 12:36:25.951   933  2040 W ChimeraUtils: Non Chimera context
03-30 12:36:25.954   532   532 E PhoneInterfaceManager: [PhoneIntfMgr] queryModemActivityInfo: Empty response
03-30 12:36:25.961   313   331 E BatteryExternalStatsWorker: modem info is invalid: ModemActivityInfo{ mTimestamp=0 mSleepTimeMs=0 mIdleTimeMs=0 mTxTimeMs[]=[0, 0, 0, 0, 0] mRxTimeMs=0 mEnergyUsed=0}
03-30 12:36:26.023   933  2016 W ChimeraUtils: Non Chimera context
03-30 12:36:26.025   933  2016 I chatty  : uid=10005(com.google.android.gms) [dva] idle identical 2 lines
03-30 12:36:26.025   933  2016 W ChimeraUtils: Non Chimera context
03-30 12:36:26.037   933  2029 I Auth    : [AuthManaged,PasswordComplexityHelperImpl] Updating password complexity components state.
03-30 12:36:26.037   933  2029 I Auth    : [AuthManaged,PasswordComplexityHelperImpl] Disabling com.google.android.gms.auth.managed.admin.DeviceAdminReceiver
03-30 12:36:26.038   933  2029 I Auth    : [AuthManaged,PasswordComplexityHelperImpl] Disabling com.google.android.gms.auth.managed.ui.SetNewPasswordActivity
03-30 12:36:26.040   933  2029 W ChimeraUtils: Non Chimera context
03-30 12:36:26.040   933  2029 W ChimeraUtils: Non Chimera context
03-30 12:36:26.042   761  2041 I Auth    : [AccountStateSyncher] performSync(account=<ELLIDED:-2118691687>)
03-30 12:36:26.044   933  1060 I SystemUpdate: [Execution,InstallationEventIntentOperation] Handling event of type 1.
03-30 12:36:26.053   933   944 I zygote  : Background concurrent copying GC freed 26263(1733KB) AllocSpace objects, 25(776KB) LOS objects, 60% free, 3MB/9MB, paused 168us total 200.723ms
03-30 12:36:26.058   933  2036 I SystemUpdate: [Execution,InstallationIntentOperation] Received intent: Intent { act=com.google.android.gms.update.INSTALL_UPDATE cat=[targeted_intent_op_prefix:.update.execution.InstallationIntentOperation] cmp=com.google.android.gms/.chimera.GmsIntentOperationService }.
03-30 12:36:26.084   933  2036 I SystemUpdate: [Execution,ExecutionManager] Action finished-execution executed for 0.00 seconds.
03-30 12:36:26.085   933  2040 E GmsRequestQueue: Tried to stop global GMSCore RequestQueue. This is likely unintended, so ignoring.
03-30 12:36:26.102   761  1097 I angf    : updateFromConfigurations using legacy put method [CONTEXT service_id=204 ]
03-30 12:36:26.167   933  2040 I Authzen : [AuthZenEventHandler] Handling event: android.intent.action.BOOT_COMPLETED
03-30 12:36:26.169   933  2040 I Authzen : [SyncManager] Sync requested for event 0, account <ELLIDED:1328727867>, and components 3, with reason 1
03-30 12:36:26.169   933  2040 I Authzen : [SyncManager] Triggering AuthZen registration check...
03-30 12:36:26.180   933  2029 I AutofillModuleInitInten: AutofillModuleInitIntentOperation onInitRuntimeState(2) [CONTEXT service_id=177 ]
03-30 12:36:26.190   933  2040 I Authzen : [ipu] Opening database auth.proximity.permit_store...
03-30 12:36:26.238   313   575 I ActivityManager: Start proc 2056:com.google.android.gms.ui/u0a5 for service com.google.android.gms/.chimera.UiIntentOperationService
03-30 12:36:26.251   933  1040 I zygote  : Deoptimizing int dzb.a(brak, dyt, java.lang.Comparable) due to JIT inline cache
03-30 12:36:26.284  1998  1998 W dalvik-internals: ignoring failure to find _ZN3art12FaultManager35EnsureArtActionInFrontOfSignalChainEv: could not hook _ZN3art12FaultManager35EnsureArtActionInFrontOfSignalChainEv
03-30 12:36:26.285  1998  1998 V dalvik-internals: hooked signal using trap ()
03-30 12:36:26.285  1998  1998 V dalvik-internals: hooked sysv_signal using trap ()
03-30 12:36:26.285  1998  1998 V dalvik-internals: hooked bsd_signal using trap ()
03-30 12:36:26.285  1998  1998 V dalvik-internals: hooked sigaction using trap ()
03-30 12:36:26.286  1998  1998 I dalvik-internals: installed sigmux crash handler for crash log
03-30 12:36:26.288  1998  1998 V appstatelogger: Registered App State Logger stream with Breakpad
03-30 12:36:26.298  1998  1998 D appstatelogger: Successfully distracted _ZN3art7Runtime31GetPreAllocatedOutOfMemoryErrorEv
03-30 12:36:26.324  1998  1998 W Ditto   : Ditto initialized, state = DittoState{build id=205281674;in QE=false;enable ditto=false;patch name=;override=none;crash mitigation detected=false}; identifier = null
03-30 12:36:26.333  1998  2074 D         : Function fsync hooked with result=0
03-30 12:36:26.334  1998  2074 D         : Function fdatasync hooked with result=0
03-30 12:36:26.335  1998  2074 D         : Function msync hooked with result=0
03-30 12:36:26.336  1998  2074 D         : Function sync hooked with result=0
03-30 12:36:26.374  2056  2056 W zygote  : Can't mmap dex file /system/framework/com.android.media.remotedisplay.jar!classes.dex directly; please zipalign to 4 bytes. Falling back to extracting file.
03-30 12:36:26.385  2056  2056 W zygote  : Can't mmap dex file /system/framework/com.android.location.provider.jar!classes.dex directly; please zipalign to 4 bytes. Falling back to extracting file.
03-30 12:36:26.390  1998  2075 V AospBugFixOpts: set AOSP bug fix jboolean EnableAospBugFixes: bugFixOpt -> enable = 0. Given 0
03-30 12:36:26.436   933  1123 I Backup  : [TargetEnabler] Setting target components to enabled = true
03-30 12:36:26.467   761   923 E AsyncOperation: serviceID=142, operation=GetMySyncedMetadata
03-30 12:36:26.467   761   923 E AsyncOperation: OperationException[Status{statusCode=Initial sync not done, resolution=null}]
03-30 12:36:26.467   761   923 E AsyncOperation: 	at jte.b(:com.google.android.gms@200616017@20.06.16 (040306-296104215):3)
03-30 12:36:26.467   761   923 E AsyncOperation: 	at jte.a(:com.google.android.gms@200616017@20.06.16 (040306-296104215):8)
03-30 12:36:26.467   761   923 E AsyncOperation: 	at aaes.run(:com.google.android.gms@200616017@20.06.16 (040306-296104215):8)
03-30 12:36:26.467   761   923 E AsyncOperation: 	at bkua.run(:com.google.android.gms@200616017@20.06.16 (040306-296104215):2)
03-30 12:36:26.467   761   923 E AsyncOperation: 	at suk.b(:com.google.android.gms@200616017@20.06.16 (040306-296104215):14)
03-30 12:36:26.467   761   923 E AsyncOperation: 	at suk.run(:com.google.android.gms@200616017@20.06.16 (040306-296104215):5)
03-30 12:36:26.467   761   923 E AsyncOperation: 	at java.util.concurrent.ThreadPoolExecutor.runWorker(ThreadPoolExecutor.java:1162)
03-30 12:36:26.467   761   923 E AsyncOperation: 	at java.util.concurrent.ThreadPoolExecutor$Worker.run(ThreadPoolExecutor.java:636)
03-30 12:36:26.467   761   923 E AsyncOperation: 	at tak.run(:com.google.android.gms@200616017@20.06.16 (040306-296104215):0)
03-30 12:36:26.467   761   923 E AsyncOperation: 	at java.lang.Thread.run(Thread.java:764)
03-30 12:36:26.471   761  1103 E EasyUnlock: [HostValidator] Error getting synced metadata.
03-30 12:36:26.471   761  1103 E EasyUnlock: java.util.concurrent.ExecutionException: rpm: 13: Initial sync not done
03-30 12:36:26.471   761  1103 E EasyUnlock: 	at atrv.b(:com.google.android.gms@200616017@20.06.16 (040306-296104215):5)
03-30 12:36:26.471   761  1103 E EasyUnlock: 	at atrv.a(:com.google.android.gms@200616017@20.06.16 (040306-296104215):23)
03-30 12:36:26.471   761  1103 E EasyUnlock: 	at jcd.a(:com.google.android.gms@200616017@20.06.16 (040306-296104215):15)
03-30 12:36:26.471   761  1103 E EasyUnlock: 	at jcd.a(:com.google.android.gms@200616017@20.06.16 (040306-296104215):4)
03-30 12:36:26.471   761  1103 E EasyUnlock: 	at com.google.android.gms.auth.easyunlock.config.EasyUnlockSupportReporterIntentOperation.onHandleIntent(:com.google.android.gms@200616017@20.06.16 (040306-296104215):3)
03-30 12:36:26.471   761  1103 E EasyUnlock: 	at com.google.android.chimera.IntentOperation.onHandleIntent(:com.google.android.gms@200616017@20.06.16 (040306-296104215):2)
03-30 12:36:26.471   761  1103 E EasyUnlock: 	at qra.onHandleIntent(:com.google.android.gms@200616017@20.06.16 (040306-296104215):4)
03-30 12:36:26.471   761  1103 E EasyUnlock: 	at dus.run(:com.google.android.gms@200616017@20.06.16 (040306-296104215):7)
03-30 12:36:26.471   761  1103 E EasyUnlock: 	at dur.run(:com.google.android.gms@200616017@20.06.16 (040306-296104215):7)
03-30 12:36:26.471   761  1103 E EasyUnlock: 	at java.util.concurrent.ThreadPoolExecutor.runWorker(ThreadPoolExecutor.java:1162)
03-30 12:36:26.471   761  1103 E EasyUnlock: 	at java.util.concurrent.ThreadPoolExecutor$Worker.run(ThreadPoolExecutor.java:636)
03-30 12:36:26.471   761  1103 E EasyUnlock: 	at java.lang.Thread.run(Thread.java:764)
03-30 12:36:26.471   761  1103 E EasyUnlock: Caused by: rpm: 13: Initial sync not done
03-30 12:36:26.471   761  1103 E EasyUnlock: 	at ruz.a(:com.google.android.gms@200616017@20.06.16 (040306-296104215):4)
03-30 12:36:26.471   761  1103 E EasyUnlock: 	at jse.a(:com.google.android.gms@200616017@20.06.16 (040306-296104215):0)
03-30 12:36:26.471   761  1103 E EasyUnlock: 	at jte.a(:com.google.android.gms@200616017@20.06.16 (040306-296104215):9)
03-30 12:36:26.471   761  1103 E EasyUnlock: 	at aaes.run(:com.google.android.gms@200616017@20.06.16 (040306-296104215):16)
03-30 12:36:26.471   761  1103 E EasyUnlock: 	at bkua.run(:com.google.android.gms@200616017@20.06.16 (040306-296104215):2)
03-30 12:36:26.471   761  1103 E EasyUnlock: 	at suk.b(:com.google.android.gms@200616017@20.06.16 (040306-296104215):14)
03-30 12:36:26.471   761  1103 E EasyUnlock: 	at suk.run(:com.google.android.gms@200616017@20.06.16 (040306-296104215):5)
03-30 12:36:26.471   761  1103 E EasyUnlock: 	at java.util.concurrent.ThreadPoolExecutor.runWorker(ThreadPoolExecutor.java:1162)
03-30 12:36:26.471   761  1103 E EasyUnlock: 	at java.util.concurrent.ThreadPoolExecutor$Worker.run(ThreadPoolExecutor.java:636)
03-30 12:36:26.471   761  1103 E EasyUnlock: 	at tak.run(:com.google.android.gms@200616017@20.06.16 (040306-296104215):0)
03-30 12:36:26.471   761  1103 E EasyUnlock: 	... 1 more
03-30 12:36:26.497   933  1123 I Backup  : [SourceEnabler] Setting source components to enabled = true
03-30 12:36:26.514   933  1123 W Backup  : [ComponentEnablerUtil] Unable to set component 'com.google.android.gms.backup.component.D2dMigrateFlowActivity' to enabled=false
03-30 12:36:26.588  2056  2056 W DynamiteModule: Local module descriptor class for providerinstaller not found.
03-30 12:36:26.602  2056  2056 W ProviderHelper: Unknown dynamite feature providerinstaller
03-30 12:36:26.618  2056  2056 I DynamiteModule: Considering local module providerinstaller:0 and remote module providerinstaller:0
03-30 12:36:26.619  2056  2056 W ProviderInstaller: Failed to load providerinstaller module: No acceptable module found. Local version is 0 and remote version is 0.
03-30 12:36:26.634  2056  2056 V NativeCrypto: Registering com/google/android/gms/org/conscrypt/NativeCrypto's 286 native methods...
03-30 12:36:26.685   313  1340 I ActivityManager: Killing 1407:com.android.cellbroadcastreceiver/u0a18 (adj 906): empty #17
03-30 12:36:26.689  2056  2056 D NetworkSecurityConfig: Using Network Security Config from resource network_security_config debugBuild: false
03-30 12:36:26.691   313   330 W system_server: kill(-1407, 9) failed: No such process
03-30 12:36:26.692  2056  2056 I ProviderInstaller: Installed default security provider GmsCore_OpenSSL
03-30 12:36:26.724   933  1749 I CryptauthV2: [EnrollKeyName] ClientName calling Cryptauth is AuthzenAccountRegistration
03-30 12:36:26.739   313   330 W system_server: kill(-1407, 9) failed: No such process
03-30 12:36:26.739   313   330 I system_server: Successfully killed process cgroup uid 10018 pid 1407 in 54ms
03-30 12:36:26.741  2056  2056 I Safeboot: Checking safeboot...
03-30 12:36:26.742  2056  2056 I Safeboot: Not entering safeboot; wrong process.
03-30 12:36:26.766  1971  1971 D CACHE_HINTS: Entering madvise file
03-30 12:36:26.775  1302  1310 I zygote  : Do partial code cache collection, code=62KB, data=46KB
03-30 12:36:26.782   933  2029 I ChromeSync: [Sync,SyncIntentOperation] Handling the intent: Intent { act=android.intent.action.BOOT_COMPLETED flg=0x9000010 cmp=com.google.android.gms/.chimera.GmsIntentOperationService (has extras) }.
03-30 12:36:26.789   933  2028 I Ads     : Parental control value is stale. Refreshing.
03-30 12:36:26.797   933  2028 I Ads     : Initialized AdMob in container 20.06.16 (040306-296104215)
03-30 12:36:26.800   933  2036 I Checkin : [EventLogChimeraService] Opted in for usage reporting: true
03-30 12:36:26.806  1302  1310 I zygote  : After code cache collection, code=62KB, data=46KB
03-30 12:36:26.806  1302  1310 I zygote  : Increasing code cache capacity to 256KB
03-30 12:36:26.813  1650  1670 I Finsky  : [143] bit.a(8): Received content filters request from sharedUserId=com.google.uid.shared:10005
03-30 12:36:26.817   761  1103 I VacuumService: Turn off VacuumService
03-30 12:36:26.872   761   761 W ChimeraUtils: Non Chimera context
03-30 12:36:26.872   761   761 W ChimeraUtils: Non Chimera context
03-30 12:36:26.901   933  2112 I Ads     : Successfully received play store parental controls the result.
03-30 12:36:26.929   933  1060 I constellation: [intent_handler] Received onBootCompleted intent
03-30 12:36:26.929   933  1060 I constellation: [reboot_checker] Reboot checker check status.
03-30 12:36:26.962  2056  2056 W bcxl    : Primes not initialized, returning default (no-op) Primes instance which will ignore all calls. Please call Primes.initialize(...) before using any Primes API.
03-30 12:36:27.063   933  2036 I Checkin : [EventLogChimeraService] Accumulating logs since 1585564457752
03-30 12:36:27.090   933  1060 I constellation: [reboot_checker] Reboot Sync didn't run.
03-30 12:36:27.096   933  1060 I constellation: [intent_handler] on init with intent Intent { act=android.intent.action.BOOT_COMPLETED flg=0x9000010 cmp=com.google.android.gms/.chimera.GmsIntentOperationService (has extras) }
03-30 12:36:27.225   933  1123 E JavaBinder: !!! FAILED BINDER TRANSACTION !!!  (parcel size = 1056768)
03-30 12:36:27.285   933  2036 W Checkin : [EventLogAggregator] Unknown tag: install_package_attempt
03-30 12:36:27.285   933  2036 W Checkin : [EventLogAggregator] Unknown tag: snet_gcore
03-30 12:36:27.286   933  2036 W Checkin : [EventLogAggregator] Unknown tag: snet_launch_service
03-30 12:36:27.303   933  1123 I Fido    : [FidoInitIntentOperation] Initializing Fido module, InitRuntimeState=2
03-30 12:36:27.345   313   521 I ActivityManager: Start proc 2165:com.google.android.gms.unstable/u0a5 for service com.google.android.gms/.droidguard.DroidGuardService
03-30 12:36:27.476  1998  2003 I zygote  : Do partial code cache collection, code=0B, data=31KB
03-30 12:36:27.492  2165  2165 W zygote  : Can't mmap dex file /system/framework/com.android.media.remotedisplay.jar!classes.dex directly; please zipalign to 4 bytes. Falling back to extracting file.
03-30 12:36:27.499   313   323 I zygote  : Background concurrent copying GC freed 28701(2MB) AllocSpace objects, 16(600KB) LOS objects, 42% free, 10MB/18MB, paused 11.571ms total 514.585ms
03-30 12:36:27.501  1998  2003 I zygote  : After code cache collection, code=0B, data=31KB
03-30 12:36:27.501  1998  2003 I zygote  : Increasing code cache capacity to 128KB
03-30 12:36:27.505  1998  2003 I zygote  : Compiler allocated 5MB to compile void X.01H.run()
03-30 12:36:27.506  2165  2165 W zygote  : Can't mmap dex file /system/framework/com.android.location.provider.jar!classes.dex directly; please zipalign to 4 bytes. Falling back to extracting file.
03-30 12:36:27.517   933   944 I zygote  : Background concurrent copying GC freed 26477(2MB) AllocSpace objects, 32(960KB) LOS objects, 51% free, 5MB/11MB, paused 1.954ms total 805.043ms
03-30 12:36:27.531  2187  2187 I TLK_Daemon: started
03-30 12:36:27.531  2187  2187 E TLK_Daemon: failed to open device: /dev/tlk_device
03-30 12:36:27.546  1177  1177 I libwatcher_bina: type=1400 audit(0.0:83): avc: denied { read } for name="file-nr" dev="proc" ino=17975 scontext=u:r:untrusted_app:s0:c512,c768 tcontext=u:object_r:proc:s0 tclass=file permissive=1
03-30 12:36:27.546  1177  1177 I libwatcher_bina: type=1400 audit(0.0:84): avc: denied { open } for path="/proc/sys/fs/file-nr" dev="proc" ino=17975 scontext=u:r:untrusted_app:s0:c512,c768 tcontext=u:object_r:proc:s0 tclass=file permissive=1
03-30 12:36:27.546  1177  1177 I libwatcher_bina: type=1400 audit(0.0:85): avc: denied { getattr } for path="/proc/sys/fs/file-nr" dev="proc" ino=17975 scontext=u:r:untrusted_app:s0:c512,c768 tcontext=u:object_r:proc:s0 tclass=file permissive=1
03-30 12:36:27.569   761   761 I Fido    : [CableAuthenticatorChimeraService] Registering broadcast receiver.
03-30 12:36:27.623   933  2029 W ChimeraUtils: Non Chimera context
03-30 12:36:27.623   933  2029 W ChimeraUtils: Non Chimera context
03-30 12:36:27.623  1971  2136 D vndksupport: Loading /vendor/lib/egl/libEGL_tegra.so from current namespace instead of sphal namespace.
03-30 12:36:27.676  2165  2165 W DynamiteModule: Local module descriptor class for providerinstaller not found.
03-30 12:36:27.678   933  2029 W ChimeraUtils: Non Chimera context
03-30 12:36:27.678   933  2029 W ChimeraUtils: Non Chimera context
03-30 12:36:27.683   761  1103 I Herrevad: [89] abqh.a: updateListenState
03-30 12:36:27.733   933  2142 I ChromeSync: [Sync,SyncAdapter] Successfully synced in 475 milliseconds with request: rbu{account=<hide PII>, eventType=101, waitForInitialization=false, zipitVersionInfo=null}.
03-30 12:36:27.734  2165  2165 W ProviderHelper: Unknown dynamite feature providerinstaller
03-30 12:36:27.745  2165  2165 I DynamiteModule: Considering local module providerinstaller:0 and remote module providerinstaller:0
03-30 12:36:27.748  2165  2165 W ProviderInstaller: Failed to load providerinstaller module: No acceptable module found. Local version is 0 and remote version is 0.
03-30 12:36:27.763  2165  2165 V NativeCrypto: Registering com/google/android/gms/org/conscrypt/NativeCrypto's 286 native methods...
