03-30 12:36:12.242   313   399 D SupplicantP2pIfaceHal: leaving listNetworks() with result = []
03-30 12:36:12.242   313   399 D SupplicantP2pIfaceHal: entering saveConfig()
03-30 12:36:12.245   431   451 I zygote  : Do full code cache collection, code=126KB, data=103KB
03-30 12:36:12.246   431   451 I zygote  : After code cache collection, code=89KB, data=59KB
03-30 12:36:12.255   313   399 D SupplicantP2pIfaceHal: saveConfig() completed successfully.
03-30 12:36:12.255   313   399 D SupplicantP2pIfaceHal: leaving saveConfig()
03-30 12:36:12.260   532   532 D CarrierSvcBindHelper: Received android.intent.action.USER_UNLOCKED
03-30 12:36:12.260   579   579 D FallbackHome: User unlocked and real home found; let's go!
03-30 12:36:12.261   313   313 V NotificationListeners: enabling notification listener for 0: ComponentInfo{com.google.android.apps.nexuslauncher/com.android.launcher3.notification.NotificationListener}
03-30 12:36:12.261   313   313 V NotificationListeners: binding: Intent { act=android.service.notification.NotificationListenerService cmp=com.google.android.apps.nexuslauncher/com.android.launcher3.notification.NotificationListener (has extras) }
03-30 12:36:12.263   532   532 E PhoneInterfaceManager: [PhoneIntfMgr] getCarrierPackageNamesForIntent: No UICC
03-30 12:36:12.263   532   532 D CarrierSvcBindHelper: No carrier app for: 0
03-30 12:36:12.264   761   761 W zygote  : Can't mmap dex file /system/framework/com.android.media.remotedisplay.jar!classes.dex directly; please zipalign to 4 bytes. Falling back to extracting file.
03-30 12:36:12.272   761   761 W zygote  : Can't mmap dex file /system/framework/com.android.location.provider.jar!classes.dex directly; please zipalign to 4 bytes. Falling back to extracting file.
03-30 12:36:12.304   313   313 I ActivityManager: Start proc 815:com.google.android.apps.nexuslauncher/1000 for service com.google.android.apps.nexuslauncher/com.android.launcher3.notification.NotificationListener
03-30 12:36:12.304   313   313 I AccountManagerService: User 0 is unlocked - opening CE database
03-30 12:36:12.355   313   557 I ActivityManager: Start proc 820:com.android.smspush/u0a41 for service com.android.smspush/.WapPushManager
03-30 12:36:12.380   723   723 I AlarmClock: AlarmInitReceiver android.intent.action.LOCKED_BOOT_COMPLETED
03-30 12:36:12.392   313   521 I ActivityManager: START u0 {act=android.intent.action.MAIN cat=[android.intent.category.HOME] flg=0x10000100 cmp=com.google.android.apps.nexuslauncher/.NexusLauncherActivity} from uid 0
03-30 12:36:12.406   723   835 I AlarmClock: Fixing alarm instances
03-30 12:36:12.467   313   313 W ResourceType: ResTable_typeSpec entry count inconsistent: given 42, previously 49
03-30 12:36:12.467   313   313 W ResourceType: ResTable_typeSpec entry count inconsistent: given 4092, previously 4093
03-30 12:36:12.470   313   313 W ResourceType: ResTable_typeSpec entry count inconsistent: given 1630, previously 1723
03-30 12:36:12.470   313   313 W ResourceType: ResTable_typeSpec entry count inconsistent: given 1647, previously 1675
03-30 12:36:12.470   313   313 W ResourceType: ResTable_typeSpec entry count inconsistent: given 197, previously 1474
03-30 12:36:12.477   313   327 W ResourceType: ResTable_typeSpec entry count inconsistent: given 42, previously 49
03-30 12:36:12.477   313   327 W ResourceType: ResTable_typeSpec entry count inconsistent: given 4092, previously 4093
03-30 12:36:12.496   313   327 W ResourceType: ResTable_typeSpec entry count inconsistent: given 1630, previously 1723
03-30 12:36:12.507   313   327 W ResourceType: ResTable_typeSpec entry count inconsistent: given 1647, previously 1675
03-30 12:36:12.507   313   327 W ResourceType: ResTable_typeSpec entry count inconsistent: given 197, previously 1474
03-30 12:36:12.521   431   431 I zygote  : Deoptimizing void com.android.systemui.statusbar.stack.ViewState.applyToView(android.view.View) due to JIT inline cache
03-30 12:36:12.665   313   651 I ActivityManager: Start proc 857:com.google.process.gservices/u0a5 for content provider com.google.android.gsf/.gservices.GservicesProvider
03-30 12:36:12.680   815   815 V Launcher: LauncherAppState initiated
03-30 12:36:12.724   313   334 I AppWidgetServiceImpl: Async processing of onUserUnlocked u0 took 662 ms
03-30 12:36:12.724   313   393 W zygote  : Long monitor contention with owner android.fg (334) at void android.content.res.AssetManager.init(boolean)(AssetManager.java:-2) waiters=0 in boolean com.android.server.appwidget.AppWidgetServiceImpl.isBoundWidgetPackage(java.lang.String, int) for 500ms
03-30 12:36:12.725   313   392 W zygote  : Long monitor contention with owner NetworkPolicy.uid (393) at boolean com.android.server.appwidget.AppWidgetServiceImpl.isBoundWidgetPackage(java.lang.String, int)(AppWidgetServiceImpl.java:2865) waiters=0 in void com.android.server.net.NetworkPolicyManagerService$10.onReceive(android.content.Context, android.content.Intent) for 450ms
03-30 12:36:12.726   313   392 I WifiService: getConfiguredNetworks uid=1000
03-30 12:36:12.751   313   327 I ActivityManager: Start proc 875:com.android.printspooler/u0a38 for service com.android.printspooler/.model.PrintSpoolerService
03-30 12:36:12.754   815   880 D vndksupport: Loading /vendor/lib/egl/libEGL_tegra.so from current namespace instead of sphal namespace.
03-30 12:36:12.762   857   857 I GservicesProvider: Gservices pushing to system: true; secure/global: true
03-30 12:36:12.767   313   648 W WallpaperManagerService: Cannot extract colors because wallpaper could not be read.
03-30 12:36:12.778   815   880 D libEGL  : loaded /vendor/lib/egl/libEGL_tegra.so
03-30 12:36:12.781   815   880 D vndksupport: Loading /vendor/lib/egl/libGLESv1_CM_tegra.so from current namespace instead of sphal namespace.
03-30 12:36:12.861   815   880 D libEGL  : loaded /vendor/lib/egl/libGLESv1_CM_tegra.so
03-30 12:36:12.914   815   880 D vndksupport: Loading /vendor/lib/egl/libGLESv2_tegra.so from current namespace instead of sphal namespace.
03-30 12:36:12.916   815   880 D libEGL  : loaded /vendor/lib/egl/libGLESv2_tegra.so
03-30 12:36:12.961   313   327 I ActivityManager: Start proc 894:com.android.keychain/1000 for service com.android.keychain/.KeyChainService
03-30 12:36:12.961   313   575 E ActivityManager: Sending non-protected broadcast com.google.android.apps.gsa.smartspace.ENABLE_UPDATE from system 815:com.google.android.apps.nexuslauncher/1000 pkg com.google.android.apps.nexuslauncher
03-30 12:36:12.961   313   575 E ActivityManager: java.lang.Throwable
03-30 12:36:12.961   313   575 E ActivityManager: 	at com.android.server.am.ActivityManagerService.checkBroadcastFromSystem(ActivityManagerService.java:19164)
03-30 12:36:12.961   313   575 E ActivityManager: 	at com.android.server.am.ActivityManagerService.broadcastIntentLocked(ActivityManagerService.java:19769)
03-30 12:36:12.961   313   575 E ActivityManager: 	at com.android.server.am.ActivityManagerService.broadcastIntent(ActivityManagerService.java:19911)
03-30 12:36:12.961   313   575 E ActivityManager: 	at android.app.IActivityManager$Stub.onTransact(IActivityManager.java:240)
03-30 12:36:12.961   313   575 E ActivityManager: 	at com.android.server.am.ActivityManagerService.onTransact(ActivityManagerService.java:2937)
03-30 12:36:12.961   313   575 E ActivityManager: 	at android.os.Binder.execTransact(Binder.java:697)
03-30 12:36:12.995   313   557 W ActivityManager: Unable to start service Intent { act=com.android.launcher3.WINDOW_OVERLAY dat=app://com.google.android.apps.nexuslauncher:1000?v=7&cv=9 pkg=com.google.android.googlequicksearchbox } U=0: not found
03-30 12:36:12.995   815   865 D LoaderTask: loadWorkspace: loading default favorites
03-30 12:36:12.998   313   369 W ActivityManager: Unable to start service Intent { act=com.android.launcher3.WINDOW_OVERLAY dat=app://com.google.android.apps.nexuslauncher:1000?v=7&cv=9 pkg=com.google.android.googlequicksearchbox } U=0: not found
03-30 12:36:13.033   313   328 W ActivityManager: Activity pause timeout for ActivityRecord{f25470f u0 com.google.android.apps.nexuslauncher/.NexusLauncherActivity t2}
03-30 12:36:13.037   815   909 D OpenGLRenderer: HWUI GL Pipeline
03-30 12:36:13.066   313   575 D AutofillManagerServiceImpl: Reset component for user 0
03-30 12:36:13.083   815   909 D vndksupport: Loading /vendor/lib/hw/gralloc.tegra.so from current namespace instead of sphal namespace.
03-30 12:36:13.087   815   909 D NvOsDebugPrintf: NvRmPrivGetChipPlatform: Could not read platform information 
03-30 12:36:13.087   815   909 D NvOsDebugPrintf: Expected on kernels without fuse support, using silicon
03-30 12:36:13.092   815   909 I com.google.android.apps.nexuslauncher: android::hardware::configstore::V1_0::ISurfaceFlingerConfigs::hasWideColorDisplay retrieved: 0
03-30 12:36:13.092   815   909 I OpenGLRenderer: Initialized EGL, version 1.4
03-30 12:36:13.092   815   909 D OpenGLRenderer: Swap behavior 2
03-30 12:36:13.103   815   815 W View    : requestLayout() improperly called by com.android.launcher3.graphics.GradientView{c53c461 V.ED..... ......I. 0,0-0,0 #7f0b0046 app:id/gradient_bg} during layout: running second layout pass
03-30 12:36:13.108   761   761 W DynamiteModule: Local module descriptor class for providerinstaller not found.
03-30 12:36:13.126   913   913 I TLK_Daemon: started
03-30 12:36:13.126   913   913 E TLK_Daemon: failed to open device: /dev/tlk_device
03-30 12:36:13.134   313   313 I FusedLocation: engine stopped (com.android.location.fused)
03-30 12:36:13.146   313   327 I SyncManager: Loaded persisted syncs: 17 periodic syncs, 0 oneshot syncs, 24 total system server jobs, JobStats: FirstLoad: 26/17/17 LastSave: -1/-1/-1
03-30 12:36:13.157   761   761 W ProviderHelper: Unknown dynamite feature providerinstaller
03-30 12:36:13.169   761   761 I DynamiteModule: Considering local module providerinstaller:0 and remote module providerinstaller:0
03-30 12:36:13.173   761   761 W ProviderInstaller: Failed to load providerinstaller module: No acceptable module found. Local version is 0 and remote version is 0.
03-30 12:36:13.198   761   761 V NativeCrypto: Registering com/google/android/gms/org/conscrypt/NativeCrypto's 286 native methods...
03-30 12:36:13.220   313   323 I zygote  : Background concurrent copying GC freed 55068(4MB) AllocSpace objects, 14(600KB) LOS objects, 42% free, 10MB/17MB, paused 111us total 179.721ms
03-30 12:36:13.250   761   761 D NetworkSecurityConfig: Using Network Security Config from resource network_security_config debugBuild: false
03-30 12:36:13.260   761   761 I ProviderInstaller: Installed default security provider GmsCore_OpenSSL
03-30 12:36:13.271   815   909 D vndksupport: Loading /vendor/lib/hw/android.hardware.graphics.mapper@2.0-impl.so from current namespace instead of sphal namespace.
03-30 12:36:13.273   815   909 D vndksupport: Loading /vendor/lib/hw/gralloc.tegra.so from current namespace instead of sphal namespace.
03-30 12:36:13.282   761   761 I Safeboot: Checking safeboot...
03-30 12:36:13.330   761   761 I Safeboot Condition: No need to enter Safeboot.
03-30 12:36:13.378   761   761 I GmsApplication: Registering the BackgroundBroadcastReceiverSupport receiver.
03-30 12:36:13.440   761   761 I GmsReceiverSupport: Registered Receiver for 18+1 IntentFilters
03-30 12:36:13.487   761   761 W bcxl    : Primes not initialized, returning default (no-op) Primes instance which will ignore all calls. Please call Primes.initialize(...) before using any Primes API.
03-30 12:36:13.524   815   865 D ProtoStore: no cached data
03-30 12:36:13.525   815   865 D ProtoStore: no cached data
03-30 12:36:13.540   761   770 I zygote  : Do partial code cache collection, code=26KB, data=25KB
03-30 12:36:13.542   761   770 I zygote  : After code cache collection, code=25KB, data=24KB
03-30 12:36:13.542   761   770 I zygote  : Increasing code cache capacity to 128KB
03-30 12:36:13.582   761   761 I DynamiteModule: Considering local module com.google.android.gms.googlecertificates:4 and remote module com.google.android.gms.googlecertificates:4
03-30 12:36:13.582   761   761 I DynamiteModule: Selected local version of com.google.android.gms.googlecertificates
03-30 12:36:13.830   313   313 W Binder  : Outgoing transactions from this process must be FLAG_ONEWAY
03-30 12:36:13.830   313   313 W Binder  : java.lang.Throwable
03-30 12:36:13.830   313   313 W Binder  : 	at android.os.BinderProxy.transact(Binder.java:754)
03-30 12:36:13.830   313   313 W Binder  : 	at com.android.internal.backup.IBackupTransport$Stub$Proxy.name(IBackupTransport.java:369)
03-30 12:36:13.830   313   313 W Binder  : 	at com.android.server.backup.TransportManager$TransportConnection.onServiceConnected(TransportManager.java:339)
03-30 12:36:13.830   313   313 W Binder  : 	at android.app.LoadedApk$ServiceDispatcher.doConnected(LoadedApk.java:1652)
03-30 12:36:13.830   313   313 W Binder  : 	at android.app.LoadedApk$ServiceDispatcher$RunConnection.run(LoadedApk.java:1681)
03-30 12:36:13.830   313   313 W Binder  : 	at android.os.Handler.handleCallback(Handler.java:790)
03-30 12:36:13.830   313   313 W Binder  : 	at android.os.Handler.dispatchMessage(Handler.java:99)
03-30 12:36:13.830   313   313 W Binder  : 	at android.os.Looper.loop(Looper.java:164)
03-30 12:36:13.830   313   313 W Binder  : 	at com.android.server.SystemServer.run(SystemServer.java:421)
03-30 12:36:13.830   313   313 W Binder  : 	at com.android.server.SystemServer.main(SystemServer.java:272)
03-30 12:36:13.830   313   313 W Binder  : 	at java.lang.reflect.Method.invoke(Native Method)
03-30 12:36:13.830   313   313 W Binder  : 	at com.android.internal.os.RuntimeInit$MethodAndArgsCaller.run(RuntimeInit.java:440)
03-30 12:36:13.830   313   313 W Binder  : 	at com.android.internal.os.ZygoteInit.main(ZygoteInit.java:787)
03-30 12:36:13.834   313   313 D BackupTransportManager: Bound to transport: com.google.android.gms/.backup.component.D2dTransportService
03-30 12:36:13.878   313   313 W Binder  : Outgoing transactions from this process must be FLAG_ONEWAY
03-30 12:36:13.878   313   313 W Binder  : java.lang.Throwable
03-30 12:36:13.878   313   313 W Binder  : 	at android.os.BinderProxy.transact(Binder.java:754)
03-30 12:36:13.878   313   313 W Binder  : 	at com.android.internal.backup.IBackupTransport$Stub$Proxy.name(IBackupTransport.java:369)
03-30 12:36:13.878   313   313 W Binder  : 	at com.android.server.backup.TransportManager$TransportConnection.onServiceConnected(TransportManager.java:339)
03-30 12:36:13.878   313   313 W Binder  : 	at android.app.LoadedApk$ServiceDispatcher.doConnected(LoadedApk.java:1652)
03-30 12:36:13.878   313   313 W Binder  : 	at android.app.LoadedApk$ServiceDispatcher$RunConnection.run(LoadedApk.java:1681)
03-30 12:36:13.878   313   313 W Binder  : 	at android.os.Handler.handleCallback(Handler.java:790)
03-30 12:36:13.878   313   313 W Binder  : 	at android.os.Handler.dispatchMessage(Handler.java:99)
03-30 12:36:13.878   313   313 W Binder  : 	at android.os.Looper.loop(Looper.java:164)
03-30 12:36:13.878   313   313 W Binder  : 	at com.android.server.SystemServer.run(SystemServer.java:421)
03-30 12:36:13.878   313   313 W Binder  : 	at com.android.server.SystemServer.main(SystemServer.java:272)
03-30 12:36:13.878   313   313 W Binder  : 	at java.lang.reflect.Method.invoke(Native Method)
03-30 12:36:13.878   313   313 W Binder  : 	at com.android.internal.os.RuntimeInit$MethodAndArgsCaller.run(RuntimeInit.java:440)
03-30 12:36:13.878   313   313 W Binder  : 	at com.android.internal.os.ZygoteInit.main(ZygoteInit.java:787)
03-30 12:36:13.881   313   313 D BackupTransportManager: Bound to transport: com.google.android.gms/.backup.BackupTransportService
03-30 12:36:13.902   313   557 I ActivityManager: Start proc 933:com.google.android.gms/u0a5 for service com.google.android.gms/.chimera.GmsIntentOperationService
03-30 12:36:13.916   761   770 I zygote  : Do partial code cache collection, code=59KB, data=56KB
03-30 12:36:13.917   761   770 I zygote  : After code cache collection, code=59KB, data=56KB
03-30 12:36:13.917   761   770 I zygote  : Increasing code cache capacity to 256KB
03-30 12:36:13.926   313   369 I ActivityManager: Start proc 946:com.anydesk.anydeskandroid/u0a68 for broadcast com.anydesk.anydeskandroid/.BootReceiver
03-30 12:36:13.965   933   933 W zygote  : Can't mmap dex file /system/framework/com.android.media.remotedisplay.jar!classes.dex directly; please zipalign to 4 bytes. Falling back to extracting file.
03-30 12:36:13.968   933   933 W zygote  : Can't mmap dex file /system/framework/com.android.location.provider.jar!classes.dex directly; please zipalign to 4 bytes. Falling back to extracting file.
03-30 12:36:13.983   313   648 I ActivityManager: Start proc 961:com.google.process.gapps/u0a5 for content provider com.google.android.gsf/.settings.GoogleSettingsProvider
03-30 12:36:13.999   424   424 I LatinIME: Timeout waiting for dictionary load
03-30 12:36:14.060   946   946 W anydesk : NoLog! java:MainApplication - using device protected storage
03-30 12:36:14.064   946   946 W anydesk : NoLog! java:MainApplication - already imported from default storage
03-30 12:36:14.067   961   961 I GoogleHttpClient: GMS http client unavailable, use old client
03-30 12:36:14.070   946   946 W anydesk : NoLog! java:SamsungHelper - KNOX API level 0
03-30 12:36:14.076   313   325 D AccountManagerService: Visibility was not initialized
03-30 12:36:14.076   313   325 D AccountManagerService: Visibility was not initialized
03-30 12:36:14.099   313   327 W Binder  : Outgoing transactions from this process must be FLAG_ONEWAY
03-30 12:36:14.099   313   327 W Binder  : java.lang.Throwable
03-30 12:36:14.099   313   327 W Binder  : 	at android.os.BinderProxy.transact(Binder.java:754)
03-30 12:36:14.099   313   327 W Binder  : 	at com.android.internal.location.ILocationProvider$Stub$Proxy.getProperties(ILocationProvider.java:232)
03-30 12:36:14.099   313   327 W Binder  : 	at com.android.server.location.LocationProviderProxy$1.run(LocationProviderProxy.java:119)
03-30 12:36:14.099   313   327 W Binder  : 	at android.os.Handler.handleCallback(Handler.java:790)
03-30 12:36:14.099   313   327 W Binder  : 	at android.os.Handler.dispatchMessage(Handler.java:99)
03-30 12:36:14.099   313   327 W Binder  : 	at android.os.Looper.loop(Looper.java:164)
03-30 12:36:14.099   313   327 W Binder  : 	at android.os.HandlerThread.run(HandlerThread.java:65)
03-30 12:36:14.107   933   933 W DynamiteModule: Local module descriptor class for providerinstaller not found.
03-30 12:36:14.113   313   327 W Binder  : Outgoing transactions from this process must be FLAG_ONEWAY
03-30 12:36:14.113   313   327 W Binder  : java.lang.Throwable
03-30 12:36:14.113   313   327 W Binder  : 	at android.os.BinderProxy.transact(Binder.java:754)
03-30 12:36:14.113   313   327 W Binder  : 	at com.android.internal.location.ILocationProvider$Stub$Proxy.getProperties(ILocationProvider.java:232)
03-30 12:36:14.113   313   327 W Binder  : 	at com.android.server.location.LocationProviderProxy$1.run(LocationProviderProxy.java:119)
03-30 12:36:14.113   313   327 W Binder  : 	at android.os.Handler.handleCallback(Handler.java:790)
03-30 12:36:14.113   313   327 W Binder  : 	at android.os.Handler.dispatchMessage(Handler.java:99)
03-30 12:36:14.113   313   327 W Binder  : 	at android.os.Looper.loop(Looper.java:164)
03-30 12:36:14.113   313   327 W Binder  : 	at android.os.HandlerThread.run(HandlerThread.java:65)
03-30 12:36:14.118   933   933 W ProviderHelper: Unknown dynamite feature providerinstaller
03-30 12:36:14.124   933   933 I DynamiteModule: Considering local module providerinstaller:0 and remote module providerinstaller:0
03-30 12:36:14.124   933   933 W ProviderInstaller: Failed to load providerinstaller module: No acceptable module found. Local version is 0 and remote version is 0.
03-30 12:36:14.131   933   933 V NativeCrypto: Registering com/google/android/gms/org/conscrypt/NativeCrypto's 286 native methods...
03-30 12:36:14.157   933   933 D NetworkSecurityConfig: Using Network Security Config from resource network_security_config debugBuild: false
03-30 12:36:14.159   933   933 I ProviderInstaller: Installed default security provider GmsCore_OpenSSL
03-30 12:36:14.177   946   985 E BitmapFactory: Unable to decode stream: java.io.FileNotFoundException:  (No such file or directory)
03-30 12:36:14.191   933   933 I Safeboot: Checking safeboot...
03-30 12:36:14.193   933   933 I Safeboot: Not entering safeboot; wrong process.
03-30 12:36:14.194   946   985 E BitmapFactory: Unable to decode stream: java.io.FileNotFoundException:  (No such file or directory)
03-30 12:36:14.204   946   985 E BitmapFactory: Unable to decode stream: java.io.FileNotFoundException:  (No such file or directory)
03-30 12:36:14.303   933   933 W bcxl    : Primes not initialized, returning default (no-op) Primes instance which will ignore all calls. Please call Primes.initialize(...) before using any Primes API.
03-30 12:36:14.332   313   575 I ActivityManager: Start proc 1041:android.process.media/u0a2 for broadcast com.android.providers.downloads/.DownloadReceiver
03-30 12:36:14.368   313   651 D ContextHubService: Added callback, total callbacks 1
03-30 12:36:14.375   313   521 D ContextHubService: System supports 0 hubs
03-30 12:36:14.411   313   313 I android.bg: type=1400 audit(0.0:47): avc: denied { read } for name="nvmap" dev="debugfs" ino=4417 scontext=u:r:system_server:s0 tcontext=u:object_r:debugfs:s0 tclass=dir permissive=1
03-30 12:36:14.411   313   313 I android.bg: type=1400 audit(0.0:48): avc: denied { open } for path="/sys/kernel/debug/nvmap" dev="debugfs" ino=4417 scontext=u:r:system_server:s0 tcontext=u:object_r:debugfs:s0 tclass=dir permissive=1
03-30 12:36:14.433   313   324 I WifiService: getConnectionInfo uid=10005
03-30 12:36:14.555   933  1060 I GmsModuleFndr: Beginning GMS chimera module scan
03-30 12:36:14.562   933  1060 I DynamiteModule: Considering local module com.google.android.gms.googlecertificates:4 and remote module com.google.android.gms.googlecertificates:4
03-30 12:36:14.562   933  1060 I DynamiteModule: Selected local version of com.google.android.gms.googlecertificates
03-30 12:36:14.569   761   761 E inertial-anchor: Requested sensor:1 and fallback sensor: 1 are both unavailable.
03-30 12:36:14.570   761   761 E inertial-anchor: Requested sensor:1 and fallback sensor: 1 are both unavailable.
03-30 12:36:14.611   933  1060 I ModuleSetMgr: Computing pending module set with APKs: [[AdsFdrDynamite.integ:21207000006], [VisionOcr.optional:200616000300], [AdsFdrDynamite.integ:21001000006], [Cronetdynamite:200616040306], [Dynamiteloader:200616040006], [Dynamitemodulesa:200616040006], [Dynamitemodulesc:200616040006], [Googlecertificates:200616040006], [Mapsdynamite:200616040006], [Measurementdynamite:200616040006]]
03-30 12:36:14.634  1041  1041 D MediaScannerReceiver: action: android.intent.action.MEDIA_MOUNTED path: /storage/emulated/0
03-30 12:36:14.670   313  1077 I RecoverySystem: No recovery log file
03-30 12:36:14.679   313   313 I ActivityManager: Start proc 1078:com.facebook.katana/u0a70 for broadcast com.facebook.katana/com.facebook.push.mqtt.receiver.BootCompleteBroadcastReceiver
03-30 12:36:14.680   313  1077 I BootReceiver: Copying audit failures to DropBox
03-30 12:36:14.681   313  1077 I BootReceiver: Checking for fsck errors
03-30 12:36:14.682   313  1077 I BootReceiver: fs_stat, partition:APP stat:0x3
03-30 12:36:14.682   313  1077 I BootReceiver: fs_stat, partition:CAC stat:0x1
03-30 12:36:14.682   313  1077 I BootReceiver: fs_stat, partition:UDA stat:0x1
03-30 12:36:14.722   313   651 I WifiService: getWifiEnabledState uid=10005
03-30 12:36:14.723   761   761 W Settings: Setting airplane_mode_on has moved from android.provider.Settings.System to android.provider.Settings.Global, returning read-only value.
03-30 12:36:14.736   313   325 I WifiService: getWifiEnabledState uid=10005
03-30 12:36:14.880   933  1060 I ModuleSetMgr: Pending container module APKs: [[VisionOcr.optional:200616000300]]
03-30 12:36:14.880   933  1060 I ModuleSetMgr: Pending non-container module APKs: [[AdsFdrDynamite.integ:21207000006]]
03-30 12:36:14.886   933   938 I zygote  : Do partial code cache collection, code=22KB, data=27KB
03-30 12:36:14.887   933   938 I zygote  : After code cache collection, code=22KB, data=27KB
03-30 12:36:14.887   933   938 I zygote  : Increasing code cache capacity to 128KB
03-30 12:36:14.921  1078  1078 W CrashLoopRemedyLog: unable to delete remedy log, instaCrash: false
03-30 12:36:14.922  1078  1078 W CrashLoopRemedyLog: unable to delete remedy log, instaCrash: true
03-30 12:36:14.927  1078  1078 W AppReliabilityOps: Errorreporting: Legacy
03-30 12:36:14.936  1078  1078 I facebook.katana: type=1400 audit(0.0:49): avc: denied { read } for name="zoneinfo" dev="proc" ino=4026537335 scontext=u:r:untrusted_app:s0:c512,c768 tcontext=u:object_r:proc_zoneinfo:s0 tclass=file permissive=1
03-30 12:36:14.936  1078  1078 I facebook.katana: type=1400 audit(0.0:50): avc: denied { open } for path="/proc/zoneinfo" dev="proc" ino=4026537335 scontext=u:r:untrusted_app:s0:c512,c768 tcontext=u:object_r:proc_zoneinfo:s0 tclass=file permissive=1
03-30 12:36:14.936  1078  1078 I facebook.katana: type=1400 audit(0.0:51): avc: denied { getattr } for path="/proc/zoneinfo" dev="proc" ino=4026537335 scontext=u:r:untrusted_app:s0:c512,c768 tcontext=u:object_r:proc_zoneinfo:s0 tclass=file permissive=1
03-30 12:36:14.963   313   323 I zygote  : Background concurrent copying GC freed 26092(2MB) AllocSpace objects, 16(996KB) LOS objects, 42% free, 9MB/16MB, paused 114us total 215.617ms
03-30 12:36:14.966   313   369 D WificondControl: Scan result ready event
03-30 12:36:14.974   313   395 W WifiConfigManager: Looking up network with invalid networkId -1
03-30 12:36:14.977   313   395 W WifiConfigManager: Looking up network with invalid networkId -1
03-30 12:36:14.977   313   395 D WifiStateMachine: CMD_START_CONNECT sup state UninitializedState my state DisconnectedState nid=0 roam=false
03-30 12:36:14.978   313   395 W LastMileLogger: Failed to open free_buffer pseudo-file: /sys/kernel/debug/tracing/instances/wifi/free_buffer (No such file or directory)
03-30 12:36:14.979   313   395 W LastMileLogger: Failed to arm fail-safe.
03-30 12:36:14.979   247   247 W wificond: Scan is not started. Ignore abort request
03-30 12:36:14.986   313   395 D SupplicantStaIfaceHal: connectToNetwork "JAZZTEL_EKEW"WPA_PSK
03-30 12:36:14.986   313   395 I SupplicantStaIfaceHal: addSupplicantStaNetwork via HIDL
03-30 12:36:15.002   933  1106 I zygote  : Deoptimizing java.lang.Object bdkg.a() due to JIT inline cache
03-30 12:36:15.009   538   538 I wpa_supplicant: wlan0: Trying to associate with SSID 'JAZZTEL_EKEW'
03-30 12:36:15.040  1078  1078 I AppStateLoggerT: type=1400 audit(0.0:52): avc: denied { read } for name="osrelease" dev="proc" ino=17824 scontext=u:r:untrusted_app:s0:c512,c768 tcontext=u:object_r:proc:s0 tclass=file permissive=1
03-30 12:36:15.040  1078  1078 I AppStateLoggerT: type=1400 audit(0.0:53): avc: denied { open } for path="/proc/sys/kernel/osrelease" dev="proc" ino=17824 scontext=u:r:untrusted_app:s0:c512,c768 tcontext=u:object_r:proc:s0 tclass=file permissive=1
03-30 12:36:15.040  1078  1078 I AppStateLoggerT: type=1400 audit(0.0:54): avc: denied { getattr } for path="/proc/sys/kernel/osrelease" dev="proc" ino=17824 scontext=u:r:untrusted_app:s0:c512,c768 tcontext=u:object_r:proc:s0 tclass=file permissive=1
03-30 12:36:15.070  1078  1078 E ACRA    : Initializing ANR detector for process: com.facebook.katana
03-30 12:36:15.078  1078  1078 W MultiSignalANRDetector: Starting
03-30 12:36:15.078  1078  1078 W ProcessAnrErrorMonitor: startMonitoring with delay: 4000
03-30 12:36:15.091   933   938 I zygote  : Do partial code cache collection, code=39KB, data=36KB
03-30 12:36:15.101  1078  1078 W SoLoader: context.getApplicationContext returned null, holding reference to original context.
03-30 12:36:15.104   933   938 I zygote  : After code cache collection, code=37KB, data=35KB
03-30 12:36:15.104   933   938 I zygote  : Increasing code cache capacity to 256KB
03-30 12:36:15.128   538   538 I wpa_supplicant: wlan0: Associated with 70:2e:22:da:ca:5c
03-30 12:36:15.131   538   538 I wpa_supplicant: wlan0: CTRL-EVENT-SUBNET-STATUS-UPDATE status=0
03-30 12:36:15.147   538   538 I wpa_supplicant: wlan0: WPA: Key negotiation completed with 70:2e:22:da:ca:5c [PTK=CCMP GTK=CCMP]
03-30 12:36:15.147   538   538 I wpa_supplicant: wlan0: CTRL-EVENT-CONNECTED - Connection to 70:2e:22:da:ca:5c completed [id=0 id_str=%7B%22configKey%22%3A%22%5C%22JAZZTEL_EKEW%5C%22WPA_PSK%22%2C%22creatorUid%22%3A%221000%22%7D]
03-30 12:36:15.161   313   331 I WifiService: requestActivityInfo uid=1000
03-30 12:36:15.161   313   331 I WifiService: reportActivityInfo uid=1000
03-30 12:36:15.162   313   331 I WifiService: getSupportedFeatures uid=1000
03-30 12:36:15.168   313   395 D ConnectivityService: registerNetworkAgent NetworkAgentInfo{ ni{[type: WIFI[], state: CONNECTING/CONNECTING, reason: (unspecified), extra: "JAZZTEL_EKEW", failover: false, available: true, roaming: false]}  network{100}  nethandle{429513165534}  lp{{LinkAddresses: []  Routes: [] DnsAddresses: [] Domains: null MTU: 0}}  nc{[ Transports: WIFI Capabilities: NOT_METERED&INTERNET&NOT_RESTRICTED&TRUSTED&NOT_VPN LinkUpBandwidth>=1048576Kbps LinkDnBandwidth>=1048576Kbps]}  Score{20}  everValidated{false}  lastValidated{false}  created{false} lingering{false} explicitlySelected{false} acceptUnvalidated{false} everCaptivePortalDetected{false} lastCaptivePortalDetected{false} clat{null} }
03-30 12:36:15.169   313   400 D ConnectivityService: NetworkAgentInfo [WIFI () - 100] EVENT_NETWORK_INFO_CHANGED, going from null to CONNECTING
03-30 12:36:15.176   226   226 D WifiHAL : Getting APF capabilities, halHandle = 0xb2799a80
03-30 12:36:15.176   226   226 I WifiHAL : 
03-30 12:36:15.176   226   226 I WifiHAL : createRequest: APF get capabilities request
03-30 12:36:15.177   226   226 I WifiHAL : Request Response failed for APF, result = -95
03-30 12:36:15.182   313   395 E WifiVendorHal: getApfCapabilities(l.1538) failed {.code = ERROR_UNKNOWN, .description = errno: -95 (Unknown error -95)}
03-30 12:36:15.201   226   226 D WifiHAL : In DebugCommand::handleResponse
03-30 12:36:15.201   226   226 D WifiHAL : len = 4, expected len = 4
03-30 12:36:15.201   226   226 D WifiHAL : In DebugCommand::handleResponse
03-30 12:36:15.202   226   226 D WifiHAL : len = 4, expected len = 4
03-30 12:36:15.223   313   395 E WifiVendorHal: configureNeighborDiscoveryOffload(l.2240) failed {.code = ERROR_UNKNOWN, .description = errno: -95 (Unknown error -95)}
03-30 12:36:15.243   313   331 E BatteryExternalStatsWorker: no controller energy info supplied for bluetooth
03-30 12:36:15.244   532   532 E PhoneInterfaceManager: [PhoneIntfMgr] queryModemActivityInfo: Empty response
03-30 12:36:15.248   313   331 E KernelUidCpuFreqTimeReader: Failed to read /proc/uid_time_in_state: java.io.FileNotFoundException: /proc/uid_time_in_state (No such file or directory)
03-30 12:36:15.252   313  1135 D DhcpClient: Receive thread started
03-30 12:36:15.259   313   331 E BatteryExternalStatsWorker: modem info is invalid: ModemActivityInfo{ mTimestamp=0 mSleepTimeMs=0 mIdleTimeMs=0 mTxTimeMs[]=[0, 0, 0, 0, 0] mRxTimeMs=0 mEnergyUsed=0}
03-30 12:36:15.295   761   761 I rcs     : [RcsBindingManager] Checking if we should rebind to previous service. Attempt 0
03-30 12:36:15.295   761   761 I rcs     : [RcsBindingManager] No valid settings for binding.
03-30 12:36:15.355   313  1133 D DhcpClient: Broadcasting DHCPDISCOVER
03-30 12:36:15.357   761   777 I zygote  : Background concurrent copying GC freed 25628(1838KB) AllocSpace objects, 15(540KB) LOS objects, 63% free, 3MB/9MB, paused 1.301ms total 305.776ms
03-30 12:36:15.374   761   775 W inertial-anchor: NdkSensorDataProvider is not started before calling Stop().
03-30 12:36:15.404   933  1127 I GmsModuleFndr: Beginning GMS chimera module scan
03-30 12:36:15.464   933  1127 I ModuleSetMgr: Computing pending module set with APKs: [[AdsFdrDynamite.integ:21207000006], [VisionOcr.optional:200616000300], [AdsFdrDynamite.integ:21001000006], [Cronetdynamite:200616040306], [Dynamiteloader:200616040006], [Dynamitemodulesa:200616040006], [Dynamitemodulesc:200616040006], [Googlecertificates:200616040006], [Mapsdynamite:200616040006], [Measurementdynamite:200616040006]]
03-30 12:36:15.568  1078  1078 W dalvik-internals: ignoring failure to find _ZN3art12FaultManager35EnsureArtActionInFrontOfSignalChainEv: could not hook _ZN3art12FaultManager35EnsureArtActionInFrontOfSignalChainEv
03-30 12:36:15.569  1078  1078 V dalvik-internals: hooked signal using trap ()
03-30 12:36:15.570  1078  1078 V dalvik-internals: hooked sysv_signal using trap ()
03-30 12:36:15.570  1078  1078 V dalvik-internals: hooked bsd_signal using trap ()
03-30 12:36:15.570  1078  1078 V dalvik-internals: hooked sigaction using trap ()
03-30 12:36:15.570  1078  1078 D CACHE_HINTS: Entering madvise file
03-30 12:36:15.573  1078  1078 D CACHE_HINTS: MADVISE_RAND file 0x8b1ca000 516095 /data/app/com.facebook.katana-U6nrKVtoD5hE6JgAZr3A-g==/base.apk
03-30 12:36:15.573  1078  1078 D CACHE_HINTS: MADVISE_RAND file 0x8b248000 344063 /data/app/com.facebook.katana-U6nrKVtoD5hE6JgAZr3A-g==/base.apk
03-30 12:36:15.579   431   431 W FalsingLog: isFalseTouch	Session is not active, yet there's a query for a false touch. enabled=0 mScreenOn=1 mState=KGRD. Escalating to WTF if screen does not turn on soon.
03-30 12:36:15.743   313   557 I WifiService: getConnectionInfo uid=10005
03-30 12:36:15.839   431   451 I zygote  : Do partial code cache collection, code=124KB, data=101KB
03-30 12:36:15.841   431   451 I zygote  : After code cache collection, code=121KB, data=100KB
03-30 12:36:15.841   431   451 I zygote  : Increasing code cache capacity to 512KB
03-30 12:36:15.860  1078  1150 I dalvik-internals: installed sigmux crash handler for crash log
03-30 12:36:15.863  1078  1150 V appstatelogger: Registered App State Logger stream with Breakpad
03-30 12:36:15.876  1078  1150 D appstatelogger: Successfully distracted _ZN3art7Runtime31GetPreAllocatedOutOfMemoryErrorEv
03-30 12:36:15.899  1078  1150 W Ditto   : Ditto initialized, state = DittoState{build id=205281674;in QE=false;enable ditto=false;patch name=;override=none;crash mitigation detected=false}; identifier = null
03-30 12:36:15.923  1078  1173 D PgoUtils: Trying to int PGO tools for art (Apply String init map fix: 0)
03-30 12:36:15.924  1078  1173 D SUSPEND_RESUME: Flag: base add: /suspendResumeVerifyV3_810_VV3 flag: PGO use: /suspendResumeVerifyV3_810_VV3_PGO
03-30 12:36:15.928  1078  1173 D         : Attempting verification for SuspendResume with flag file: /data/user/0/com.facebook.katana/app_pgoutils/suspendResumeVerifyV3_810_VV3_PGO
03-30 12:36:15.937   761   770 I zygote  : Do full code cache collection, code=126KB, data=111KB
03-30 12:36:15.955   761   770 I zygote  : After code cache collection, code=100KB, data=68KB
03-30 12:36:15.985  1175  1173 D         : Starting verification for SuspendResume
03-30 12:36:16.010  1078  1150 W DexLibLoader: disabling background optimization
03-30 12:36:16.013   431   431 I zygote  : Deoptimizing void com.android.systemui.statusbar.stack.NotificationStackScrollLayout.updateViewShadows() due to JIT inline cache
03-30 12:36:16.015  1078  1176 I nightwatch-lib: watcher succeeded mmap /data/data/com.facebook.katana/app_watcher/com.facebook.katana_2ba1cfe9-f934-251b-ced8-9a9a778479fc.txt
03-30 12:36:16.022  1078  1171 D SigquitDetector: Signal catcher tid: 1085
03-30 12:36:16.022  1078  1171 D SigquitDetector: Initialized
03-30 12:36:16.067  1078  1176 I nightwatch-target: waiting on child pid 1177
03-30 12:36:16.114  1177  1177 I nightwatch-watcher: I have arisen! pid: 1177
03-30 12:36:16.114  1177  1177 I nightwatch-lib: watcher succeeded mmap /data/data/com.facebook.katana/app_watcher/com.facebook.katana_2ba1cfe9-f934-251b-ced8-9a9a778479fc.txt
03-30 12:36:16.114  1177  1177 I nightwatch-watcher: attached to tid 1176 in pid 1078, ptrace_ret: 0
03-30 12:36:16.114  1177  1177 I nightwatch-watcher: created thread to monitor process resources
03-30 12:36:16.115  1177  1177 I nightwatch-watcher: created thread to capture logcat
03-30 12:36:16.115  1177  1177 I nightwatch-watcher: target tid 1176 stopped with signal 19. continuing and delivering signal 0
03-30 12:36:16.123  1078  1114 D         : Function _ZN3art13SignalCatcher6OutputERKNSt3__112basic_stringIcNS1_11char_traitsIcEENS1_9allocatorIcEEEE hooked with result=0
03-30 12:36:16.123  1078  1114 D SigquitDetector: Hooked methods
03-30 12:36:16.125  1078  1171 D         : Function fsync hooked with result=0
03-30 12:36:16.127  1078  1171 D         : Function fdatasync hooked with result=0
03-30 12:36:16.155  1078  1172 V AospBugFixOpts: set AOSP bug fix jboolean EnableAospBugFixes: bugFixOpt -> enable = 0. Given 0
03-30 12:36:16.158  1078  1171 D         : Function msync hooked with result=0
03-30 12:36:16.162  1078  1171 D         : Function sync hooked with result=0
03-30 12:36:16.167   761  1182 E WakeLock: GCM_HB_ALARM release without a matched acquire!
03-30 12:36:16.167   761  1182 W WakeLock: GCM_HB_ALARM counter does not exist
03-30 12:36:16.178   761   761 I NetworkScheduler: Using standalone scheduling engine
03-30 12:36:16.178  1078  1150 V dalvik-internals: Hooking function _ZN3art15DexFileVerifier6VerifyEPKNS_7DexFileEPKhjPKcbPNSt3__112basic_stringIcNS8_11char_traitsIcEENS8_9allocatorIcEEEE
03-30 12:36:16.179  1078  1150 V dalvik-internals: hooked _ZN3art15DexFileVerifier6VerifyEPKNS_7DexFileEPKhjPKcbPNSt3__112basic_stringIcNS8_11char_traitsIcEENS8_9allocatorIcEEEE using trap (unrecognized instruction)
03-30 12:36:16.179  1078  1150 E dalvik-internals: attempting to hook OatFileManager::HasCollisions
03-30 12:36:16.180  1078  1150 V dalvik-internals: Hooking function _ZNK3art14OatFileManager13HasCollisionsEPKNS_7OatFileEPKNS_18ClassLoaderContextEPNSt3__112basic_stringIcNS7_11char_traitsIcEENS7_9allocatorIcEEEE
03-30 12:36:16.180  1078  1150 V dalvik-internals: hooked _ZNK3art14OatFileManager13HasCollisionsEPKNS_7OatFileEPKNS_18ClassLoaderContextEPNSt3__112basic_stringIcNS7_11char_traitsIcEENS7_9allocatorIcEEEE using jump ()
03-30 12:36:16.180  1078  1150 E dalvik-internals: attempting to hook OatFileAssistant::IsUpToDate
03-30 12:36:16.181  1078  1150 V dalvik-internals: Hooking function _ZN3art16OatFileAssistant10IsUpToDateEv
03-30 12:36:16.181  1078  1150 V dalvik-internals: hooked _ZN3art16OatFileAssistant10IsUpToDateEv using jump ()
03-30 12:36:16.181  1078  1150 E dalvik-internals: attempting to hook OatFileAssistant::IsUpToDate
03-30 12:36:16.182  1078  1150 E dalvik-internals: could not hook _ZN3art16OatFileAssistant17OatFileIsUpToDateEv
03-30 12:36:16.182  1078  1150 E dalvik-internals: attempting to hook OatFileAssistant::IsUpToDate
03-30 12:36:16.182  1078  1150 E dalvik-internals: could not hook _ZN3art16OatFileAssistant18OdexFileIsUpToDateEv
03-30 12:36:16.182  1078  1150 E dalvik-internals: attempting to hook OatFileAssistant::IsUpToDate
03-30 12:36:16.182  1078  1150 E dalvik-internals: could not hook _ZN3art16OatFileAssistant22GivenOatFileIsUpToDateERKNS_7OatFileE
03-30 12:36:16.217  1078  1150 W MultiDexClassLoader: unable to use native MDCL: falling back to Java impl
03-30 12:36:16.217  1078  1150 W MultiDexClassLoader: java.lang.RuntimeException: Invalid API Level
03-30 12:36:16.217  1078  1150 W MultiDexClassLoader: 	at |lyra|{/data/data/com.facebook.katana/lib-superpack-xz/liblowlevel.so}._ZN8facebook4lyra9cxa_throwEPvPKSt9type_infoPFvS1_E(EA584A90-CA7A-01F9-DB99-2BB5EB046C87:52988)
03-30 12:36:16.217  1078  1150 W MultiDexClassLoader: 	at |lyra|{/data/data/com.facebook.katana/lib-superpack-xz/libcoldstart.so}.(F0C47B47-9235-B85A-858D-2A400CC16EDD:2759470)
03-30 12:36:16.217  1078  1150 W MultiDexClassLoader: 	at |lyra|{/data/data/com.facebook.katana/lib-superpack-xz/libcoldstart.so}.(F0C47B47-9235-B85A-858D-2A400CC16EDD:2755524)
03-30 12:36:16.217  1078  1150 W MultiDexClassLoader: 	at |lyra|{/data/data/com.facebook.katana/lib-superpack-xz/libcoldstart.so}.(F0C47B47-9235-B85A-858D-2A400CC16EDD:2765352)
03-30 12:36:16.217  1078  1150 W MultiDexClassLoader: 	at |lyra|{/data/data/com.facebook.katana/lib-superpack-xz/libcoldstart.so}.(F0C47B47-9235-B85A-858D-2A400CC16EDD:2765234)
03-30 12:36:16.217  1078  1150 W MultiDexClassLoader: 	at |lyra|{/data/data/com.facebook.katana/lib-superpack-xz/libcoldstart.so}.(F0C47B47-9235-B85A-858D-2A400CC16EDD:2760974)
03-30 12:36:16.217  1078  1150 W MultiDexClassLoader: 	at com.facebook.common.dextricks.MultiDexClassLoaderArtNative.init(Native Method)
03-30 12:36:16.217  1078  1150 W MultiDexClassLoader: 	at com.facebook.common.dextricks.MultiDexClassLoaderArtNative.<init>(:60)
03-30 12:36:16.217  1078  1150 W MultiDexClassLoader: 	at com.facebook.common.dextricks.MultiDexClassLoader.createMultiDexClassLoader(:71)
03-30 12:36:16.217  1078  1150 W MultiDexClassLoader: 	at com.facebook.common.dextricks.MultiDexClassLoader.install(:97)
03-30 12:36:16.217  1078  1150 W MultiDexClassLoader: 	at com.facebook.common.dextricks.DexStore.loadDexFiles(:187)
03-30 12:36:16.217  1078  1150 W MultiDexClassLoader: 	at com.facebook.common.dextricks.DexStore.loadAllImpl(:13010)
03-30 12:36:16.217  1078  1150 W MultiDexClassLoader: 	at com.facebook.common.dextricks.DexStore.loadAll(:1)
03-30 12:36:16.217  1078  1150 W MultiDexClassLoader: 	at com.facebook.common.dextricks.DexLibLoader.loadAllImpl(:188)
03-30 12:36:16.217  1078  1150 W MultiDexClassLoader: 	at com.facebook.common.dextricks.DexLibLoader.loadAll(:12471)
03-30 12:36:16.217  1078  1150 W MultiDexClassLoader: 	at com.facebook.common.dextricks.DexLibLoader.loadAll(:12467)
03-30 12:36:16.217  1078  1150 W MultiDexClassLoader: 	at X.0Gc.A01(:9)
03-30 12:36:16.217  1078  1150 W MultiDexClassLoader: 	at com.facebook.katana.app.FacebookApplication.A07(:11)
03-30 12:36:16.217  1078  1150 W MultiDexClassLoader: 	at com.facebook.katana.app.FacebookApplication.A0I(:1344)
03-30 12:36:16.217  1078  1150 W MultiDexClassLoader: 	at X.002.A0E(:5)
03-30 12:36:16.217  1078  1150 W MultiDexClassLoader: 	at X.03k.run(:13)
03-30 12:36:16.229  1078  1150 W DexLibLoader: Comparing new 1585524105947 to old 1585524105947
03-30 12:36:16.236  1078  1083 I zygote  : Do partial code cache collection, code=0B, data=30KB
03-30 12:36:16.237  1078  1150 W MemoryReductionHack: Couldn't update the Loader (NoSuchFieldException)
03-30 12:36:16.240  1078  1188 E JitUtils: Should call jit init first
03-30 12:36:16.240  1078  1083 I zygote  : After code cache collection, code=0B, data=30KB
03-30 12:36:16.240  1078  1083 I zygote  : Increasing code cache capacity to 128KB
03-30 12:36:16.248   933  1127 I ModuleSetMgr: Pending container module APKs: [[VisionOcr.optional:200616000300]]
03-30 12:36:16.248   933  1127 I ModuleSetMgr: Pending non-container module APKs: [[AdsFdrDynamite.integ:21207000006]]
03-30 12:36:16.248  1078  1083 I zygote  : Compiler allocated 5MB to compile void X.01H.run()
03-30 12:36:16.268  1078  1078 I com.facebook.katana: type=1400 audit(0.0:55): avc: denied { execmod } for comm=4173796E635461736B202331 path="/data/app/com.facebook.katana-U6nrKVtoD5hE6JgAZr3A-g==/oat/arm/base.odex" dev="mmcblk0p29" ino=213084 scontext=u:r:untrusted_app:s0:c512,c768 tcontext=u:object_r:dalvikcache_data_file:s0 tclass=file permissive=1
03-30 12:36:16.280   761   761 W ChimeraUtils: Non Chimera context
03-30 12:36:16.296   761   761 I chatty  : uid=10005 com.google.android.gms.persistent identical 2 lines
03-30 12:36:16.296   761   761 W ChimeraUtils: Non Chimera context
03-30 12:36:16.333   761   761 E GmsRequestQueue: Tried to stop global GMSCore RequestQueue. This is likely unintended, so ignoring.
03-30 12:36:16.380   313   313 I android.bg: type=1400 audit(0.0:56): avc: denied { read } for name="nvmap" dev="debugfs" ino=4417 scontext=u:r:system_server:s0 tcontext=u:object_r:debugfs:s0 tclass=dir permissive=1
03-30 12:36:16.382   313   313 I android.bg: type=1400 audit(0.0:57): avc: denied { open } for path="/sys/kernel/debug/nvmap" dev="debugfs" ino=4417 scontext=u:r:system_server:s0 tcontext=u:object_r:debugfs:s0 tclass=dir permissive=1
03-30 12:36:16.428   933  1127 I zygote  : Deoptimizing boolean bmpf.a(java.lang.Iterable, java.util.Comparator) due to JIT inline cache
03-30 12:36:16.450   313   557 I WifiService: getWifiEnabledState uid=10005
03-30 12:36:16.473   933  1127 W DynamiteModule: Local module descriptor class for providerinstaller not found.
03-30 12:36:16.474   933  1127 W ProviderHelper: Unknown dynamite feature providerinstaller
03-30 12:36:16.474   933  1127 I DynamiteModule: Considering local module providerinstaller:0 and remote module providerinstaller:0
03-30 12:36:16.474   933  1127 W ProviderInstaller: Failed to load providerinstaller module: No acceptable module found. Local version is 0 and remote version is 0.
03-30 12:36:16.492   761  1099 W Settings: Setting airplane_mode_on has moved from android.provider.Settings.System to android.provider.Settings.Global, returning read-only value.
03-30 12:36:16.522  1078  1083 I com.facebook.katana: Method exceeds compiler instruction limit: 22006 in boolean X.02q.A0B(java.lang.String, java.lang.String, java.lang.String, int, android.os.StrictMode$ThreadPolicy)
03-30 12:36:16.523   933  1127 W DynamiteModule: Local module descriptor class for providerinstaller not found.
03-30 12:36:16.523   933  1127 I DynamiteModule: Considering local module providerinstaller:0 and remote module providerinstaller:0
03-30 12:36:16.524   933  1127 W ProviderInstaller: Failed to load providerinstaller module: No acceptable module found. Local version is 0 and remote version is 0.
03-30 12:36:16.540   933  1127 W DynamiteModule: Local module descriptor class for providerinstaller not found.
03-30 12:36:16.541   933  1127 I DynamiteModule: Considering local module providerinstaller:0 and remote module providerinstaller:0
03-30 12:36:16.542   933  1127 W ProviderInstaller: Failed to load providerinstaller module: No acceptable module found. Local version is 0 and remote version is 0.
03-30 12:36:16.583   431   431 E FalsingLog: isFalseTouch Session did not become active after query for a false touch. enabled=0/0 mScreenOn=1/1 mState=KGRD/SHD_LCK. Look for warnings ~1000ms earlier to see root cause.; Log written to /data/user_de/0/com.android.systemui/falsing-2020-03-30-12-36-16.txt
03-30 12:36:16.583   431   431 E FalsingLog: java.lang.Throwable: here
03-30 12:36:16.583   431   431 E FalsingLog: 	at com.android.systemui.classifier.FalsingManager.isFalseTouch(FalsingManager.java:205)
03-30 12:36:16.583   431   431 E FalsingLog: 	at com.android.systemui.statusbar.DragDownHelper.isFalseTouch(DragDownHelper.java:156)
03-30 12:36:16.583   431   431 E FalsingLog: 	at com.android.systemui.statusbar.DragDownHelper.onTouchEvent(DragDownHelper.java:131)
03-30 12:36:16.583   431   431 E FalsingLog: 	at com.android.systemui.statusbar.phone.StatusBarWindowView.onTouchEvent(StatusBarWindowView.java:377)
03-30 12:36:16.583   431   431 E FalsingLog: 	at com.android.systemui.statusbar.phone.StatusBar.lambda$-com_android_systemui_statusbar_phone_StatusBar_61517(StatusBar.java:1354)
03-30 12:36:16.583   431   431 E FalsingLog: 	at com.android.systemui.statusbar.phone.-$Lambda$T7g2SiyymZCZdfMR075uHCviYmE$1.$m$3(Unknown Source:4)
03-30 12:36:16.583   431   431 E FalsingLog: 	at com.android.systemui.statusbar.phone.-$Lambda$T7g2SiyymZCZdfMR075uHCviYmE$1.onTouch(Unknown Source:26)
03-30 12:36:16.583   431   431 E FalsingLog: 	at android.view.View.dispatchTouchEvent(View.java:11773)
03-30 12:36:16.583   431   431 E FalsingLog: 	at android.view.ViewGroup.dispatchTransformedTouchEvent(ViewGroup.java:2962)
03-30 12:36:16.583   431   431 E FalsingLog: 	at android.view.ViewGroup.dispatchTouchEvent(ViewGroup.java:2643)
03-30 12:36:16.583   431   431 E FalsingLog: 	at com.android.systemui.statusbar.phone.StatusBarWindowView.dispatchTouchEvent(StatusBarWindowView.java:332)
03-30 12:36:16.583   431   431 E FalsingLog: 	at android.view.View.dispatchPointerEvent(View.java:12016)
03-30 12:36:16.583   431   431 E FalsingLog: 	at android.view.ViewRootImpl$ViewPostImeInputStage.processPointerEvent(ViewRootImpl.java:4795)
03-30 12:36:16.583   431   431 E FalsingLog: 	at android.view.ViewRootImpl$ViewPostImeInputStage.onProcess(ViewRootImpl.java:4609)
03-30 12:36:16.583   431   431 E FalsingLog: 	at android.view.ViewRootImpl$InputStage.deliver(ViewRootImpl.java:4147)
03-30 12:36:16.583   431   431 E FalsingLog: 	at android.view.ViewRootImpl$InputStage.onDeliverToNext(ViewRootImpl.java:4200)
03-30 12:36:16.583   431   431 E FalsingLog: 	at android.view.ViewRootImpl$InputStage.forward(ViewRootImpl.java:4166)
03-30 12:36:16.583   431   431 E FalsingLog: 	at android.view.ViewRootImpl$AsyncInputStage.forward(ViewRootImpl.java:4293)
03-30 12:36:16.583   431   431 E FalsingLog: 	at android.view.ViewRootImpl$InputStage.apply(ViewRootImpl.java:4174)
03-30 12:36:16.583   431   431 E FalsingLog: 	at android.view.ViewRootImpl$AsyncInputStage.apply(ViewRootImpl.java:4350)
03-30 12:36:16.583   431   431 E FalsingLog: 	at android.view.ViewRootImpl$InputStage.deliver(ViewRootImpl.java:4147)
03-30 12:36:16.583   431   431 E FalsingLog: 	at android.view.ViewRootImpl$InputStage.onDeliverToNext(ViewRootImpl.java:4200)
03-30 12:36:16.583   431   431 E FalsingLog: 	at android.view.ViewRootImpl$InputStage.forward(ViewRootImpl.java:4166)
03-30 12:36:16.583   431   431 E FalsingLog: 	at android.view.ViewRootImpl$InputStage.apply(ViewRootImpl.java:4174)
03-30 12:36:16.583   431   431 E FalsingLog: 	at android.view.ViewRootImpl$InputStage.deliver(ViewRootImpl.java:4147)
