03-30 12:36:19.514  1437  1453 D BluetoothAdapterService: enable() - Enable called with quiet mode status =  false
03-30 12:36:19.514  1437  1481 D BluetoothAdapterState: Current state: OFF, message: 0
03-30 12:36:19.514  1437  1481 D BluetoothAdapterProperties: Setting state to 14
03-30 12:36:19.515  1437  1481 I BluetoothAdapterState: Bluetooth adapter state changed: 10-> 14
03-30 12:36:19.515  1437  1481 D BluetoothAdapterService: updateAdapterState() - Broadcasting state to 1 receivers.
03-30 12:36:19.515   933   933 V MediaRouter: Selecting route: RouteInfo{ name=Tablet, description=null, status=null, category=RouteCategory{ name=Sistema types=ROUTE_TYPE_LIVE_AUDIO ROUTE_TYPE_LIVE_VIDEO  groupable=false }, supportedTypes=ROUTE_TYPE_LIVE_AUDIO ROUTE_TYPE_LIVE_VIDEO , presentationDisplay=null }
03-30 12:36:19.515   313   335 D BluetoothManagerService: MESSAGE_BLUETOOTH_STATE_CHANGE: OFF > BLE_TURNING_ON
03-30 12:36:19.515   313   335 D BluetoothManagerService: Sending BLE State Change: OFF > BLE_TURNING_ON
03-30 12:36:19.515  1437  1481 D BluetoothAdapterService: BleOnProcessStart()
03-30 12:36:19.517  1437  1481 D BluetoothAdapterService: BleOnProcessStart() - Make Bond State Machine
03-30 12:36:19.517  1437  1481 D BluetoothBondStateMachine: make
03-30 12:36:19.525   933   933 I MediaRouter: Found default route: MediaRouter.RouteInfo{ uniqueId=android/aoh:DEFAULT_ROUTE, name=Tablet, description=null, iconUri=null, enabled=true, connectionState=0, canDisconnect=false, playbackType=0, playbackStream=3, deviceType=0, volumeHandling=1, volume=0, volumeMax=15, presentationDisplayId=-1, extras=null, settingsIntent=null, providerPackageName=android }
03-30 12:36:19.528   933   933 I MediaRouter: Unselecting the current route because it is no longer selectable: null
03-30 12:36:19.530   723   723 I AlarmClock: AlarmInitReceiver android.intent.action.BOOT_COMPLETED
03-30 12:36:19.530   933  1123 I zygote  : The ClassLoaderContext is a special shared library.
03-30 12:36:19.544  1437  1492 I BluetoothBondStateMachine: StableState(): Entering Off State
03-30 12:36:19.544   723   835 I AlarmClock: Fixing alarm instances
03-30 12:36:19.544  1437  1481 D BluetoothAdapterService: setProfileServiceState() - Starting service com.android.bluetooth.gatt.GattService
03-30 12:36:19.547  1437  1481 I BluetoothAdapterState: Entering PendingCommandState
03-30 12:36:19.549  1437  1437 I BtGatt.JNI: classInitNative(L871): classInitNative: Success!
03-30 12:36:19.550  1078  1173 D         : Verify SuspendResume child finished: 0 status: 0 signalled: 1 signal: 11 retryFlag: 2 (should retry) finished:  sub verify job: 
03-30 12:36:19.550  1078  1173 D         : Call markCompletedState [num sub jobs: 0] main verifier failed: 0 sub verifier failed: 0 finished everything: 0
03-30 12:36:19.550  1078  1173 D         : Soft failure: Failed verifyAbortHookInstalled(libart)
03-30 12:36:19.550  1078  1173 D         : Verify SuspendResume failed [retry: 1 cnt: 2] with Soft failure: Failed verifyAbortHookInstalled(libart)
03-30 12:36:19.551  1437  1437 D BtGatt.DebugUtils: handleDebugAction() action=null
03-30 12:36:19.552  1437  1437 D BluetoothAdapterService: getAdapterService() - returning com.android.bluetooth.btservice.AdapterService@21f8601
03-30 12:36:19.552  1437  1437 D BtGatt.GattService: Received start request. Starting profile...
03-30 12:36:19.552  1437  1437 I bt_btif : get_profile_interface: id = gatt
03-30 12:36:19.553  1437  1437 D BluetoothAdapterService: getAdapterService() - returning com.android.bluetooth.btservice.AdapterService@21f8601
03-30 12:36:19.576   431   431 I Choreographer: Skipped 37 frames!  The application may be doing too much work on its main thread.
03-30 12:36:19.594   761  1084 I GCoreUlr: Not uploading first location since start (in case we're in restart loop)
03-30 12:36:19.597  1499  1173 D         : Starting verification for SuspendResume
03-30 12:36:19.529  1177  1177 I libwatcher_bina: type=1400 audit(0.0:66): avc: denied { read } for name="file-nr" dev="proc" ino=17975 scontext=u:r:untrusted_app:s0:c512,c768 tcontext=u:object_r:proc:s0 tclass=file permissive=1
03-30 12:36:19.529  1177  1177 I libwatcher_bina: type=1400 audit(0.0:67): avc: denied { open } for path="/proc/sys/fs/file-nr" dev="proc" ino=17975 scontext=u:r:untrusted_app:s0:c512,c768 tcontext=u:object_r:proc:s0 tclass=file permissive=1
03-30 12:36:19.529  1177  1177 I libwatcher_bina: type=1400 audit(0.0:68): avc: denied { getattr } for path="/proc/sys/fs/file-nr" dev="proc" ino=17975 scontext=u:r:untrusted_app:s0:c512,c768 tcontext=u:object_r:proc:s0 tclass=file permissive=1
03-30 12:36:19.647   313   651 W ActivityManager: Slow operation: 74ms so far, now at startProcess: returned from zygote!
03-30 12:36:19.647   313   651 W ActivityManager: Slow operation: 74ms so far, now at startProcess: done updating battery stats
03-30 12:36:19.647   313   651 W ActivityManager: Slow operation: 75ms so far, now at startProcess: building log message
03-30 12:36:19.647   313   651 I ActivityManager: Start proc 1500:com.android.email/u0a53 for broadcast com.android.email/.service.EmailBroadcastReceiver
03-30 12:36:19.647   313   651 W ActivityManager: Slow operation: 75ms so far, now at startProcess: starting to update pids map
03-30 12:36:19.647   313   651 W ActivityManager: Slow operation: 75ms so far, now at startProcess: done updating pids map
03-30 12:36:19.647   313   651 W ActivityManager: Slow operation: 75ms so far, now at startProcess: done starting proc!
03-30 12:36:19.650   313   557 W Binder  : Outgoing transactions from this process must be FLAG_ONEWAY
03-30 12:36:19.650   313   557 W Binder  : java.lang.Throwable
03-30 12:36:19.650   313   557 W Binder  : 	at android.os.BinderProxy.transact(Binder.java:754)
03-30 12:36:19.650   313   557 W Binder  : 	at android.content.ContentProviderProxy.getType(ContentProviderNative.java:451)
03-30 12:36:19.650   313   557 W Binder  : 	at com.android.server.am.ActivityManagerService.getProviderMimeType(ActivityManagerService.java:12305)
03-30 12:36:19.650   313   557 W Binder  : 	at android.app.IActivityManager$Stub.onTransact(IActivityManager.java:1799)
03-30 12:36:19.650   313   557 W Binder  : 	at com.android.server.am.ActivityManagerService.onTransact(ActivityManagerService.java:2937)
03-30 12:36:19.650   313   557 W Binder  : 	at android.os.Binder.execTransact(Binder.java:697)
03-30 12:36:19.662  1437  1437 D BluetoothAdapterService: getAdapterService() - returning com.android.bluetooth.btservice.AdapterService@21f8601
03-30 12:36:19.662  1437  1437 D BluetoothAdapterService: getAdapterService() - returning com.android.bluetooth.btservice.AdapterService@21f8601
03-30 12:36:19.666   933  1123 I zygote  : The ClassLoaderContext is a special shared library.
03-30 12:36:19.680  1078  1173 D         : Verify SuspendResume child finished: 0 status: 0 signalled: 1 signal: 11 retryFlag: 2 (should retry) finished:  sub verify job: 
03-30 12:36:19.680  1078  1173 D         : Call markCompletedState [num sub jobs: 0] main verifier failed: 0 sub verifier failed: 0 finished everything: 0
03-30 12:36:19.680  1078  1173 D         : Soft failure: Failed verifyAbortHookInstalled(libart)
03-30 12:36:19.680  1078  1173 D         : Verify SuspendResume failed [retry: 1 cnt: 3] with Soft failure: Failed verifyAbortHookInstalled(libart)
03-30 12:36:19.680  1078  1173 W SUSPEND_RESUME: Failed to verify SuspendResume with error: Soft failure: Failed verifyAbortHookInstalled(libart)
03-30 12:36:19.680  1078  1173 D SUSPEND_RESUME: isSuspendResumeSupported: 0
03-30 12:36:19.680  1078  1173 D PgoUtils: Art Pgo supported on platform: 0 suspend and resume supported: 0
03-30 12:36:19.681  1078  1173 D PgoUtils: PGO Utils was not successfully inited [pgoutils: 0]
03-30 12:36:19.687  1078  1173 D JitUtils: Trying to int jit tools for art
03-30 12:36:19.690  1078  1173 D ART_JIT : verifyArtJitCalls with jit Enabled [force verify: 0] malloc arena pool: 0 Jit sampling weights: 0 mmap race fix: 1 Test Method initialize (Landroid/content/Context;ZLjava/util/List;IZZZZZZ)Z[flag name: /ArtJitEnabledMMapFix_S2V13_AV810_VV3] test methods: [ ( n: testCompileMethod, s: (I)Z )( n: loadInnerNewApiClass, s: (Ljava/lang/String;[Ldalvik/system/DexFile;I)Ljava/lang/Class; ) ]
03-30 12:36:19.696  1437  1437 D BluetoothAdapterService: handleMessage() - Message: 1
03-30 12:36:19.696  1437  1437 D BluetoothAdapterService: handleMessage() - MESSAGE_PROFILE_SERVICE_STATE_CHANGED
03-30 12:36:19.696  1437  1437 D BluetoothAdapterService: processProfileServiceStateChanged() - serviceName=com.android.bluetooth.gatt.GattService isTurningOn=false isTurningOff=false isBleTurningOn=true isBleTurningOff=false
03-30 12:36:19.696  1437  1437 D BluetoothAdapterService: GattService is started
03-30 12:36:19.696  1437  1481 V BluetoothAdapterState: PendingCommand - transient state(s): isBleTurningOn
03-30 12:36:19.696  1437  1481 D BluetoothAdapterState: Current state: PENDING_COMMAND, message: 4
03-30 12:36:19.700  1437  1481 I bt_btif : enable: start restricted = 0
03-30 12:36:19.700  1437  1482 I bt_stack_manager: event_start_up_stack is bringing up the stack
03-30 12:36:19.700  1437  1482 I bt_core_module: module_start_up Starting module "btif_config_module"
03-30 12:36:19.700  1437  1482 I bt_core_module: module_start_up Started module "btif_config_module"
03-30 12:36:19.700  1437  1482 I bt_core_module: module_start_up Starting module "btsnoop_module"
03-30 12:36:19.701  1437  1482 I bt_core_module: module_start_up Started module "btsnoop_module"
03-30 12:36:19.701  1437  1482 I bt_core_module: module_start_up Starting module "hci_module"
03-30 12:36:19.702  1437  1482 I bt_hci  : hci_module_start_up
03-30 12:36:19.703  1437  1516 I bt_osi_thread: run_thread: thread id 1516, thread name hci_thread started
03-30 12:36:19.703  1437  1482 D bt_hci  : hci_module_start_up starting async portion
03-30 12:36:19.704  1437  1516 I bt_hci  : hci_initialize
03-30 12:36:19.711  1078  1173 D         : Attempting verification for Art Jit with flag file: /data/user/0/com.facebook.katana/app_jitutils/ArtJitEnabledMMapFix_S2V13_AV810_VV3
03-30 12:36:19.713  1437  1516 D vndksupport: Loading /vendor/lib/hw/android.hardware.bluetooth@1.0-impl.so from current namespace instead of sphal namespace.
03-30 12:36:19.714   933   933 V MediaRouter: Selecting route: RouteInfo{ name=Tablet, description=null, status=null, category=RouteCategory{ name=Sistema types=ROUTE_TYPE_LIVE_AUDIO ROUTE_TYPE_LIVE_VIDEO  groupable=false }, supportedTypes=ROUTE_TYPE_LIVE_AUDIO ROUTE_TYPE_LIVE_VIDEO , presentationDisplay=null }
03-30 12:36:19.719  1437  1516 I bt_hci  : hci_initialize: IBluetoothHci::getService() returned 0xa8271400 (local)
03-30 12:36:19.720  1437  1516 I android.hardware.bluetooth@1.0-impl: BluetoothHci::initialize()
03-30 12:36:19.723  1437  1516 I bt_vendor: init
03-30 12:36:19.723  1437  1516 I bt_vnd_conf: Attempt to load conf from /etc/bluetooth/bt_vendor.conf
03-30 12:36:19.724  1437  1516 D android.hardware.bluetooth@1.0-impl: Open vendor library loaded
03-30 12:36:19.725  1437  1516 W bt_vendor: NOTE: BT_VND_PWR_ON now forces power-off first
03-30 12:36:19.757  1519  1173 D         : Starting verification for Art Jit
03-30 12:36:19.777   933  1123 I zygote  : The ClassLoaderContext is a special shared library.
03-30 12:36:19.797   933  1123 I zygote  : The ClassLoaderContext is a special shared library.
03-30 12:36:19.805  1078  1173 D         : Verify Art Jit child finished: 0 status: 0 signalled: 1 signal: 11 retryFlag: 2 (should retry) finished:  sub verify job: 
03-30 12:36:19.805  1078  1173 D         : Call markCompletedState [num sub jobs: 0] main verifier failed: 0 sub verifier failed: 0 finished everything: 0
03-30 12:36:19.805  1078  1173 D         : Soft failure: Failed verifyAbortHookInstalled(libart)
03-30 12:36:19.805  1078  1173 D         : Verify Art Jit failed [retry: 1 cnt: 0] with Soft failure: Failed verifyAbortHookInstalled(libart)
03-30 12:36:19.840   933  1123 I zygote  : The ClassLoaderContext is a special shared library.
03-30 12:36:19.894   313   369 I WifiService: getWifiEnabledState uid=10005
03-30 12:36:19.894   313  1334 I WifiService: getConnectionInfo uid=10005
03-30 12:36:19.918   761  1066 I Places  : ?: Couldn't find platform key file.
03-30 12:36:19.923   313   408 D AudioService: Stream muted, skip playback
03-30 12:36:19.924   313   334 I UsbDeviceManager: Setting USB config to mtp,adb
03-30 12:36:19.926  1437  1516 I bt_userial_vendor: userial vendor open: opening /dev/ttyTHS2
03-30 12:36:19.929  1437  1516 I bt_userial_vendor: device fd = 71 open
03-30 12:36:19.925  1437  1437 I hci_thread: type=1400 audit(0.0:69): avc: denied { read write } for name="ttyTHS2" dev="tmpfs" ino=8283 scontext=u:r:bluetooth:s0 tcontext=u:object_r:device:s0 tclass=chr_file permissive=1
03-30 12:36:19.925  1437  1437 I hci_thread: type=1400 audit(0.0:70): avc: denied { open } for path="/dev/ttyTHS2" dev="tmpfs" ino=8283 scontext=u:r:bluetooth:s0 tcontext=u:object_r:device:s0 tclass=chr_file permissive=1
03-30 12:36:19.927  1437  1437 I hci_thread: type=1400 audit(0.0:71): avc: denied { ioctl } for path="/dev/ttyTHS2" dev="tmpfs" ino=8283 ioctlcmd=540b scontext=u:r:bluetooth:s0 tcontext=u:object_r:device:s0 tclass=chr_file permissive=1
03-30 12:36:19.951  1437  1524 I bt_hwcfg: bt vendor lib: set UART baud 3000000
03-30 12:36:19.954   933  1123 I zygote  : The ClassLoaderContext is a special shared library.
03-30 12:36:19.970  1528  1173 D         : Starting verification for Art Jit
03-30 12:36:19.974  1437  1524 D bt_hwcfg: Chipset BCM4350C0
03-30 12:36:19.974  1437  1524 D bt_hwcfg: Target name = [BCM4350C0]
03-30 12:36:19.974  1437  1524 D bt_hwcfg: Target name = [BCM4350]
03-30 12:36:19.975  1437  1524 E bt_hwcfg: vendor lib preload failed to locate firmware patch file
03-30 12:36:19.975  1437  1524 I bt_hwcfg: Setting local bd addr to 22:22:67:C6:69:73
03-30 12:36:19.975  1437  1524 I bt_hwcfg: vendor lib fwcfg completed
03-30 12:36:19.976  1437  1524 D android.hardware.bluetooth@1.0-impl: OnFirmwareConfigured result: 0
03-30 12:36:19.976  1437  1524 I android.hardware.bluetooth@1.0-impl: Firmware configured in 0.046s
03-30 12:36:19.976  1437  1524 I android.hardware.bluetooth@1.0-impl: OnFirmwareConfigured: lpm_timeout_ms 1500
03-30 12:36:19.976  1437  1516 I bt_hci  : event_finish_startup
03-30 12:36:19.976  1437  1524 D android.hardware.bluetooth@1.0-impl: OnFirmwareConfigured Calling StartLowPowerWatchdog()
03-30 12:36:19.976  1437  1482 I bt_core_module: module_start_up Started module "hci_module"
03-30 12:36:19.977  1437  1524 D android.hardware.bluetooth@1.0-impl: low_power_mode_cb result: 0
03-30 12:36:19.986  1437  1529 I bt_osi_thread: run_thread: thread id 1529, thread name bt_workqueue started
03-30 12:36:19.986  1437  1529 I         : [0330/123619:INFO:btu_task.cc(107)] Bluetooth chip preload is complete
03-30 12:36:19.994  1437  1529 I         : [0330/123619:INFO:gatt_api.cc(1004)] GATT_Register
03-30 12:36:19.994  1437  1529 I         : [0330/123619:INFO:gatt_api.cc(1027)] allocated gatt_if=1
03-30 12:36:19.994  1437  1529 I         : [0330/123619:INFO:gatt_api.cc(207)] GATTS_AddService
03-30 12:36:19.994  1437  1529 I         : [0330/123619:INFO:gatt_api.cc(317)] GATTS_AddService: service parsed correctly, now starting
03-30 12:36:19.995  1437  1529 E         : [0330/123619:ERROR:gatt_attr.cc(301)] gatt_profile_db_init:  gatt_if=1
03-30 12:36:19.996  1437  1529 I         : [0330/123619:INFO:gatt_api.cc(1004)] GATT_Register
03-30 12:36:19.996  1437  1529 I         : [0330/123619:INFO:gatt_api.cc(1027)] allocated gatt_if=2
03-30 12:36:19.996  1437  1529 I         : [0330/123619:INFO:gatt_api.cc(207)] GATTS_AddService
03-30 12:36:19.996  1437  1529 I         : [0330/123619:INFO:gatt_api.cc(317)] GATTS_AddService: service parsed correctly, now starting
03-30 12:36:19.996   313   324 W ActivityManager: Finishing task with all activities already finished
03-30 12:36:19.997   313   324 W ActivityManager: Duplicate finish request for ActivityRecord{71ee378 u0 com.android.settings/.deviceinfo.UsbModeChooserActivity t3 f}
03-30 12:36:19.997  1437  1531 I bt_osi_thread: run_thread: thread id 1531, thread name btu message loop started
03-30 12:36:19.998  1437  1532 I bt_osi_thread: run_thread: thread id 1532, thread name module_wrapper started
03-30 12:36:19.998  1437  1532 I bt_core_module: module_start_up Starting module "controller_module"
03-30 12:36:20.027  1530  1533 I adbd    : initializing functionfs
03-30 12:36:20.027  1530  1533 I adbd    : opening control endpoint /dev/usb-ffs/adb/ep0
03-30 12:36:20.041  1302  1302 W ResourceType: For resource 0x7f070687, entry index(1671) is beyond type entryCount(1630)
03-30 12:36:20.042   229   341 D PermissionCache: checking android.permission.READ_FRAME_BUFFER for uid=1000 => granted (259 us)
03-30 12:36:20.045   313  1340 D vndksupport: Loading /vendor/lib/hw/android.hardware.graphics.mapper@2.0-impl.so from current namespace instead of sphal namespace.
03-30 12:36:20.048   313  1340 D vndksupport: Loading /vendor/lib/hw/gralloc.tegra.so from current namespace instead of sphal namespace.
03-30 12:36:20.059  1078  1173 D         : Verify Art Jit child finished: 0 status: 0 signalled: 1 signal: 11 retryFlag: 2 (should retry) finished:  sub verify job: 
03-30 12:36:20.059  1078  1173 D         : Call markCompletedState [num sub jobs: 0] main verifier failed: 0 sub verifier failed: 0 finished everything: 0
03-30 12:36:20.059  1078  1173 D         : Soft failure: Failed verifyAbortHookInstalled(libart)
03-30 12:36:20.059  1078  1173 D         : Verify Art Jit failed [retry: 1 cnt: 1] with Soft failure: Failed verifyAbortHookInstalled(libart)
03-30 12:36:20.063   313  1340 D vndksupport: Loading /vendor/lib/hw/android.hardware.graphics.allocator@2.0-impl.so from current namespace instead of sphal namespace.
03-30 12:36:20.068   313  1340 D vndksupport: Loading /vendor/lib/hw/gralloc.tegra.so from current namespace instead of sphal namespace.
03-30 12:36:20.077   313  1340 D NvOsDebugPrintf: NvRmPrivGetChipPlatform: Could not read platform information 
03-30 12:36:20.077   313  1340 D NvOsDebugPrintf: Expected on kernels without fuse support, using silicon
03-30 12:36:20.088   313  1340 D vndksupport: Loading /vendor/lib/hw/gralloc.tegra.so from current namespace instead of sphal namespace.
03-30 12:36:20.099  1302  1536 W System.err: SLF4J: Failed to load class "org.slf4j.impl.StaticLoggerBinder".
03-30 12:36:20.099  1302  1536 W System.err: SLF4J: Defaulting to no-operation (NOP) logger implementation
03-30 12:36:20.099  1302  1536 W System.err: SLF4J: See http://www.slf4j.org/codes.html#StaticLoggerBinder for further details.
03-30 12:36:20.114   313   329 W Looper  : Dispatch took 112ms on android.ui, h=Handler (com.android.server.am.ActivityManagerService$UiHandler) {64ae506} cb=null msg=31
03-30 12:36:20.117   313   575 W zygote  : Long monitor contention with owner Binder:313_A (1340) at void com.android.server.am.ActivityManagerService.activityPaused(android.os.IBinder)(ActivityManagerService.java:7471) waiters=4 in boolean com.android.server.am.ActivityManagerService.stopServiceToken(android.content.ComponentName, android.os.IBinder, int) for 102ms
03-30 12:36:20.121   313   369 W ActivityManager: Unable to start service Intent { act=com.android.email.EXCHANGE_INTENT pkg=com.android.exchange } U=0: not found
03-30 12:36:20.138  1542  1173 D         : Starting verification for Art Jit
03-30 12:36:20.161  1500  1543 D ActivityThread: Loading provider com.android.email.provider;com.android.email.notifier: com.android.email.provider.EmailProvider
03-30 12:36:20.163   313   324 W ActivityManager: Unable to start service Intent { act=com.android.email.EXCHANGE_INTENT pkg=com.android.exchange } U=0: not found
03-30 12:36:20.229  1437  1532 E bt_hci  : read_command_complete_header: return status - 0x1
03-30 12:36:20.262  1078  1173 D         : Verify Art Jit child finished: 0 status: 0 signalled: 1 signal: 11 retryFlag: 2 (should retry) finished:  sub verify job: 
03-30 12:36:20.262  1078  1173 D         : Call markCompletedState [num sub jobs: 0] main verifier failed: 0 sub verifier failed: 0 finished everything: 0
03-30 12:36:20.262  1078  1173 D         : Soft failure: Failed verifyAbortHookInstalled(libart)
03-30 12:36:20.262  1078  1173 D         : Verify Art Jit failed [retry: 1 cnt: 2] with Soft failure: Failed verifyAbortHookInstalled(libart)
03-30 12:36:20.287  1437  1532 I bt_core_module: module_start_up Started module "controller_module"
03-30 12:36:20.287  1437  1532 W bt_osi_thread: run_thread: thread id 1532, thread name module_wrapper exited
03-30 12:36:20.288  1437  1529 W bt_btm  : btm_decode_ext_features_page: feature page 1 ignored
03-30 12:36:20.288  1437  1529 W bt_btm  : btm_decode_ext_features_page: feature page 2 ignored
03-30 12:36:20.289  1437  1531 I bt_btm_sec: BTM_SecRegister p_cb_info->p_le_callback == 0x0x8fc30d89
03-30 12:36:20.289  1437  1531 I bt_btm_sec: BTM_SecRegister btm_cb.api.p_le_callback = 0x0x8fc30d89 
03-30 12:36:20.289  1437  1531 I bt_stack: [INFO:ble_advertiser_hci_interface.cc(748)] Legacy advertising will be in use
03-30 12:36:20.290  1437  1531 I bt_stack: [INFO:gatt_api.cc(1004)] GATT_Register
03-30 12:36:20.290  1437  1531 I bt_stack: [INFO:gatt_api.cc(1027)] allocated gatt_if=3
03-30 12:36:20.300  1437  1487 E bt_btif_storage: btif_storage_get_adapter_property: Controller ready!
03-30 12:36:20.300  1437  1487 I bt_btif_storage: btif_storage_get_adapter_property service_mask:0x20000000
03-30 12:36:20.310  1437  1487 D BluetoothAdapterProperties: Address is:22:22:67:C6:69:73
03-30 12:36:20.321   424   424 I SystemBroadcastReceiver: Boot has been completed
03-30 12:36:20.321   424   424 I SystemBroadcastReceiver: toggleAppIcon() : FLAG_SYSTEM = true
03-30 12:36:20.322  1437  1487 D BluetoothAdapterProperties: Name is: MI PAD
03-30 12:36:20.324  1437  1487 D BluetoothAdapterProperties: Scan Mode:20
03-30 12:36:20.324  1437  1487 D BluetoothAdapterProperties: Discoverable Timeout:120
03-30 12:36:20.325  1437  1487 I bt_btif_core: btif_enable_bluetooth_evt entered: status 0
03-30 12:36:20.329  1437  1560 I bt_osi_thread: run_thread: thread id 1560, thread name btif_sock started
03-30 12:36:20.332  1437  1487 D bt_bte_conf: Device ID record 1 : primary
03-30 12:36:20.332  1437  1487 D bt_bte_conf:   vendorId            = 000f
03-30 12:36:20.332  1437  1487 D bt_bte_conf:   vendorIdSource      = 0001
03-30 12:36:20.332  1437  1487 D bt_bte_conf:   product             = 1200
03-30 12:36:20.332  1437  1487 D bt_bte_conf:   version             = 1436
03-30 12:36:20.332  1437  1487 D bt_bte_conf:   clientExecutableURL = 
03-30 12:36:20.332  1437  1487 D bt_bte_conf:   serviceDescription  = 
03-30 12:36:20.332  1437  1487 D bt_bte_conf:   documentationURL    = 
03-30 12:36:20.332  1437  1487 D bt_bte_conf: bte_load_did_conf no section named DID2.
03-30 12:36:20.332  1437  1487 I bt_btif_core: btif_enable_bluetooth_evt finished
03-30 12:36:20.333  1437  1482 I bt_stack_manager: event_start_up_stack finished
03-30 12:36:20.334  1437  1481 V BluetoothAdapterState: PendingCommand - transient state(s): isBleTurningOn
03-30 12:36:20.334  1437  1481 D BluetoothAdapterState: Current state: PENDING_COMMAND, message: 3
03-30 12:36:20.334  1437  1481 D BluetoothAdapterProperties: Setting state to 15
03-30 12:36:20.334  1437  1481 I BluetoothAdapterState: Bluetooth adapter state changed: 14-> 15
03-30 12:36:20.334  1437  1481 D BluetoothAdapterService: updateAdapterState() - Broadcasting state to 1 receivers.
03-30 12:36:20.335   313   335 D BluetoothManagerService: MESSAGE_BLUETOOTH_STATE_CHANGE: BLE_TURNING_ON > BLE_ON
03-30 12:36:20.335   313   335 D BluetoothManagerService: Bluetooth is in LE only mode
03-30 12:36:20.335   313   335 D BluetoothManagerService: Binding Bluetooth GATT service
03-30 12:36:20.335  1437  1481 I BluetoothAdapterState: Entering BleOnState
03-30 12:36:20.337   313   335 D BluetoothManagerService: Sending BLE State Change: BLE_TURNING_ON > BLE_ON
03-30 12:36:20.345   313   334 D UsbDeviceManager: Clear notification
03-30 12:36:20.361   313   313 D BluetoothManagerService: Bluetooth Adapter address changed to 22:22:67:C6:69:73
03-30 12:36:20.362   313   313 D BluetoothManagerService: Stored Bluetoothaddress: 22:22:67:C6:69:73
03-30 12:36:20.362   313   313 D BluetoothManagerService: Bluetooth Adapter name changed to MI PAD
03-30 12:36:20.362   313   313 D BluetoothManagerService: Stored Bluetooth name: MI PAD
03-30 12:36:20.362   313   313 D BluetoothManagerService: BluetoothServiceConnection: com.android.bluetooth.gatt.GattService
03-30 12:36:20.363   313   335 D BluetoothManagerService: MESSAGE_BLUETOOTH_SERVICE_CONNECTED: 2
03-30 12:36:20.367   313   323 I zygote  : Background concurrent copying GC freed 48528(3MB) AllocSpace objects, 15(732KB) LOS objects, 42% free, 11MB/20MB, paused 119us total 591.803ms
03-30 12:36:20.368   313   335 D BluetoothManagerService: BluetoothGatt Service is Up
03-30 12:36:20.378  1563  1173 D         : Starting verification for Art Jit
03-30 12:36:20.388   313   335 D BluetoothManagerService: isBleAppPresent() count: 1
03-30 12:36:20.391   313   420 D OpenGLRenderer: HWUI GL Pipeline
03-30 12:36:20.398  1302  1436 W CrashlyticsCore: No minidump data found in directory /data/user/0/com.twitter.android/files/.Fabric/com.crashlytics.sdk.android.crashlytics-ndk/native/1585558453462
03-30 12:36:20.405   313  1565 D vndksupport: Loading /vendor/lib/egl/libEGL_tegra.so from current namespace instead of sphal namespace.
03-30 12:36:20.413   313  1565 D libEGL  : loaded /vendor/lib/egl/libEGL_tegra.so
03-30 12:36:20.415   313  1565 D vndksupport: Loading /vendor/lib/egl/libGLESv1_CM_tegra.so from current namespace instead of sphal namespace.
03-30 12:36:20.416   313   521 W ActivityManager: Slow operation: 75ms so far, now at startProcess: returned from zygote!
03-30 12:36:20.416   313   521 W ActivityManager: Slow operation: 75ms so far, now at startProcess: done updating battery stats
03-30 12:36:20.416   313   521 W ActivityManager: Slow operation: 75ms so far, now at startProcess: building log message
03-30 12:36:20.416   313   521 I ActivityManager: Start proc 1564:com.android.managedprovisioning/u0a8 for broadcast com.android.managedprovisioning/.preprovisioning.BootReminder
03-30 12:36:20.416   313   521 W ActivityManager: Slow operation: 75ms so far, now at startProcess: starting to update pids map
03-30 12:36:20.416   313   521 W ActivityManager: Slow operation: 76ms so far, now at startProcess: done updating pids map
03-30 12:36:20.416   313   521 W ActivityManager: Slow operation: 76ms so far, now at startProcess: done starting proc!
03-30 12:36:20.423   313   334 D UsbDeviceManager: push notification:USB para transferir archivos
03-30 12:36:20.463   313   313 I android.bg: type=1400 audit(0.0:72): avc: denied { read } for name="nvmap" dev="debugfs" ino=4417 scontext=u:r:system_server:s0 tcontext=u:object_r:debugfs:s0 tclass=dir permissive=1
03-30 12:36:20.463   313   313 I android.bg: type=1400 audit(0.0:73): avc: denied { open } for path="/sys/kernel/debug/nvmap" dev="debugfs" ino=4417 scontext=u:r:system_server:s0 tcontext=u:object_r:debugfs:s0 tclass=dir permissive=1
03-30 12:36:20.424   313   313 D ZenLog  : intercepted: -1|android|27|null|1000,alarmsOnly
03-30 12:36:20.436  1530  1533 I adbd    : functionfs successfully initialized
03-30 12:36:20.436  1530  1533 I adbd    : registering usb transport
03-30 12:36:20.461  1302  1302 W ResourceType: For resource 0x7f1304aa, entry index(1194) is beyond type entryCount(197)
03-30 12:36:20.483  1302  1302 I chatty  : uid=10072(com.twitter.android) identical 2 lines
03-30 12:36:20.484  1302  1302 W ResourceType: For resource 0x7f1304aa, entry index(1194) is beyond type entryCount(197)
03-30 12:36:20.484  1302  1302 W ResourceType: For resource 0x7f1304b4, entry index(1204) is beyond type entryCount(197)
03-30 12:36:20.484  1302  1302 W ResourceType: For resource 0x7f1304af, entry index(1199) is beyond type entryCount(197)
03-30 12:36:20.500  1041  1041 D MtpService: Adding MTP storage 0x10001 at /storage/emulated/0
03-30 12:36:20.500  1041  1041 D MtpService: starting MTP server in MTP mode with storage /storage/emulated/0
03-30 12:36:20.524   761   761 I BeaconBle: Resetting - new scanner available: true
03-30 12:36:20.543   761   761 I BeaconBle: 'L' hardware scan: 2 filters, scanMode=-1, reportdelay=0, callback type=1, #clients=1, workSource=WorkSource{}
03-30 12:36:20.546   761   761 I BeaconBle: Starting scan on OS scanner. BT state: 15
03-30 12:36:20.547  1041  1041 D MtpService: Adding MTP storage 0x10001 at /storage/emulated/0
03-30 12:36:20.560  1437  1531 I bt_stack: [INFO:gatt_api.cc(1004)] GATT_Register
03-30 12:36:20.560  1437  1531 I bt_stack: [INFO:gatt_api.cc(1027)] allocated gatt_if=4
03-30 12:36:20.561   761   781 D BluetoothLeScanner: onScannerRegistered() - status=0 scannerId=4 mScannerId=0
03-30 12:36:20.568   313  1565 D libEGL  : loaded /vendor/lib/egl/libGLESv1_CM_tegra.so
03-30 12:36:20.586  1078  1173 D         : Verify Art Jit child finished: 0 status: 0 signalled: 1 signal: 11 retryFlag: 2 (should retry) finished:  sub verify job: 
03-30 12:36:20.586  1078  1173 D         : Call markCompletedState [num sub jobs: 0] main verifier failed: 0 sub verifier failed: 0 finished everything: 0
03-30 12:36:20.586  1078  1173 D         : Soft failure: Failed verifyAbortHookInstalled(libart)
03-30 12:36:20.586  1078  1173 D         : Verify Art Jit failed [retry: 1 cnt: 3] with Soft failure: Failed verifyAbortHookInstalled(libart)
03-30 12:36:20.600  1078  1173 D JitUtils: Art Jit supported on platform[verify malloc arena pool 0 mmap race fix: 1 UI Tid[0]: 0]: 0 suspend and resume supported: 0
03-30 12:36:20.600  1078  1173 D JitUtils: Jit Utils was not successfully inited [jitutils: 0] [Can enable malloc pool: 0] Current jit state: Enabled
03-30 12:36:20.610   313  1565 D vndksupport: Loading /vendor/lib/egl/libGLESv2_tegra.so from current namespace instead of sphal namespace.
03-30 12:36:20.613   313  1565 D libEGL  : loaded /vendor/lib/egl/libGLESv2_tegra.so
03-30 12:36:20.628  1078  1114 W fb4a.MultiSignalANRDetector: Pausing error state checks
03-30 12:36:20.656  1302  1302 W JobConfig: setApiEnabled - GCM, false
03-30 12:36:20.657  1302  1302 W JobConfig: setApiEnabled - WORK_MANAGER, false
03-30 12:36:20.685   313  1565 D vndksupport: Loading /vendor/lib/hw/gralloc.tegra.so from current namespace instead of sphal namespace.
03-30 12:36:20.692   313  1565 I system_server: android::hardware::configstore::V1_0::ISurfaceFlingerConfigs::hasWideColorDisplay retrieved: 0
03-30 12:36:20.692   313  1565 I OpenGLRenderer: Initialized EGL, version 1.4
03-30 12:36:20.692   313  1565 D OpenGLRenderer: Swap behavior 2
03-30 12:36:20.727   313   521 W ActivityManager: Unable to start service Intent { cmp=com.android.email/.service.AttachmentService } U=0: not found
03-30 12:36:20.729   313  1538 W ActivityManager: Unable to start service Intent { cmp=com.android.email/.service.AttachmentService } U=0: not found
03-30 12:36:20.754   313   369 I ActivityManager: Start proc 1594:com.android.onetimeinitializer/u0a3 for broadcast com.android.onetimeinitializer/.OneTimeInitializerReceiver
03-30 12:36:20.773   761   761 I GeofencerStateMachine: removeGeofences: removeRequest=RemoveGeofencingRequest[REMOVE_BY_PENDING_INTENT pendingIntent=PendingIntent[creatorPackage=com.google.android.gms], packageName=com.google.android.gms]
03-30 12:36:20.776   761   761 I GeofencerStateMachine: removeGeofences: removeRequest=RemoveGeofencingRequest[REMOVE_BY_PENDING_INTENT pendingIntent=PendingIntent[creatorPackage=com.google.android.gms], packageName=com.google.android.gms]
03-30 12:36:20.778   761  1059 W GCoreFlp: No location to return for getLastLocation()
03-30 12:36:20.791  1302  1588 D SoLoader: init start
03-30 12:36:20.792  1302  1588 D SoLoader: adding system library source: /vendor/lib
03-30 12:36:20.792  1302  1588 D SoLoader: adding system library source: /system/lib
03-30 12:36:20.801   313  1538 W ActivityManager: Unable to start service Intent { act=com.android.email.EXCHANGE_INTENT pkg=com.android.exchange } U=0: not found
03-30 12:36:20.805  1302  1588 D SoLoader: adding application source: com.facebook.soloader.c[root = /data/app/com.twitter.android-QFbGJazHgiI325hdvbtsPg==/lib/arm flags = 0]
03-30 12:36:20.812  1302  1588 D SoLoader: adding backup source from : com.facebook.soloader.a[root = /data/data/com.twitter.android/lib-main flags = 1]
03-30 12:36:20.812  1302  1588 D SoLoader: adding backup sources from split apks
03-30 12:36:20.812  1302  1588 D SoLoader: adding backup source: com.facebook.soloader.a[root = /data/data/com.twitter.android/lib-0 flags = 1]
03-30 12:36:20.812  1302  1588 D SoLoader: adding backup source: com.facebook.soloader.a[root = /data/data/com.twitter.android/lib-1 flags = 1]
03-30 12:36:20.812  1302  1588 D SoLoader: adding backup source: com.facebook.soloader.a[root = /data/data/com.twitter.android/lib-2 flags = 1]
03-30 12:36:20.813  1302  1588 D SoLoader: Preparing SO source: com.facebook.soloader.c[root = /system/lib flags = 2]
03-30 12:36:20.813  1302  1588 D SoLoader: Preparing SO source: com.facebook.soloader.c[root = /system/vendor/lib flags = 2]
03-30 12:36:20.813  1302  1588 D SoLoader: Preparing SO source: com.facebook.soloader.c[root = /data/app/com.twitter.android-QFbGJazHgiI325hdvbtsPg==/lib/arm flags = 0]
03-30 12:36:20.813  1302  1588 D SoLoader: Preparing SO source: com.facebook.soloader.a[root = /data/data/com.twitter.android/lib-2 flags = 1]
03-30 12:36:20.820  1500  1557 W zygote  : Long monitor contention with owner AsyncTask #2 (1544) at android.database.sqlite.SQLiteDatabase com.android.email.provider.EmailProvider.getDatabase(android.content.Context)(EmailProvider.java:478) waiters=0 in void com.android.email.provider.AccountReconciler.reconcileAccounts(android.content.Context) for 474ms
03-30 12:36:20.825  1500  1592 I Email   : Observing account changes for notifications
03-30 12:36:20.827  1302  1588 V fb-UnpackingSoSource: locked dso store /data/user/0/com.twitter.android/lib-2
03-30 12:36:20.854  1302  1588 I fb-UnpackingSoSource: dso store is up-to-date: /data/user/0/com.twitter.android/lib-2
03-30 12:36:20.854  1302  1588 V fb-UnpackingSoSource: releasing dso store lock for /data/user/0/com.twitter.android/lib-2
03-30 12:36:20.857  1302  1588 D SoLoader: Preparing SO source: com.facebook.soloader.a[root = /data/data/com.twitter.android/lib-1 flags = 1]
03-30 12:36:20.860  1302  1588 V fb-UnpackingSoSource: locked dso store /data/user/0/com.twitter.android/lib-1
03-30 12:36:20.882   313   651 W ActivityManager: Unable to start service Intent { act=com.android.email.EXCHANGE_INTENT pkg=com.android.exchange } U=0: not found
03-30 12:36:20.887  1500  1547 W zygote  : Long monitor contention with owner AsyncTask #2 (1544) at android.database.sqlite.SQLiteDatabase com.android.email.provider.EmailProvider.getDatabase(android.content.Context)(EmailProvider.java:478) waiters=1 in void com.android.email.provider.AccountReconciler.reconcileAccounts(android.content.Context) for 150ms
03-30 12:36:20.890  1302  1588 I fb-UnpackingSoSource: dso store is up-to-date: /data/user/0/com.twitter.android/lib-1
03-30 12:36:20.890  1302  1588 V fb-UnpackingSoSource: releasing dso store lock for /data/user/0/com.twitter.android/lib-1
03-30 12:36:20.890  1302  1588 D SoLoader: Preparing SO source: com.facebook.soloader.a[root = /data/data/com.twitter.android/lib-0 flags = 1]
03-30 12:36:20.895   313  1538 W ActivityManager: Unable to start service Intent { act=com.android.email.EXCHANGE_INTENT pkg=com.android.exchange } U=0: not found
03-30 12:36:20.897  1500  1500 E ActivityThread: Service com.android.email.service.EmailBroadcastProcessorService has leaked ServiceConnection com.android.emailcommon.service.ServiceProxy$ProxyConnection@186a318 that was originally bound here
03-30 12:36:20.897  1500  1500 E ActivityThread: android.app.ServiceConnectionLeaked: Service com.android.email.service.EmailBroadcastProcessorService has leaked ServiceConnection com.android.emailcommon.service.ServiceProxy$ProxyConnection@186a318 that was originally bound here
03-30 12:36:20.897  1500  1500 E ActivityThread: 	at android.app.LoadedApk$ServiceDispatcher.<init>(LoadedApk.java:1532)
03-30 12:36:20.897  1500  1500 E ActivityThread: 	at android.app.LoadedApk.getServiceDispatcher(LoadedApk.java:1424)
03-30 12:36:20.897  1500  1500 E ActivityThread: 	at android.app.ContextImpl.bindServiceCommon(ContextImpl.java:1605)
03-30 12:36:20.897  1500  1500 E ActivityThread: 	at android.app.ContextImpl.bindService(ContextImpl.java:1557)
03-30 12:36:20.897  1500  1500 E ActivityThread: 	at android.content.ContextWrapper.bindService(ContextWrapper.java:684)
03-30 12:36:20.897  1500  1500 E ActivityThread: 	at com.android.emailcommon.service.ServiceProxy.setTask(ServiceProxy.java:181)
03-30 12:36:20.897  1500  1500 E ActivityThread: 	at com.android.emailcommon.service.ServiceProxy.test(ServiceProxy.java:224)
03-30 12:36:20.897  1500  1500 E ActivityThread: 	at com.android.email.service.EmailServiceUtils.isServiceAvailable(EmailServiceUtils.java:160)
03-30 12:36:20.897  1500  1500 E ActivityThread: 	at com.android.email.provider.AccountReconciler.reconcileAccountsInternal(AccountReconciler.java:171)
03-30 12:36:20.897  1500  1500 E ActivityThread: 	at com.android.email.provider.AccountReconciler.reconcileAccounts(AccountReconciler.java:115)
03-30 12:36:20.897  1500  1500 E ActivityThread: 	at com.android.email.service.EmailBroadcastProcessorService.reconcileAndStartServices(EmailBroadcastProcessorService.java:305)
03-30 12:36:20.897  1500  1500 E ActivityThread: 	at com.android.email.service.EmailBroadcastProcessorService.onBootCompleted(EmailBroadcastProcessorService.java:295)
03-30 12:36:20.897  1500  1500 E ActivityThread: 	at com.android.email.service.EmailBroadcastProcessorService.onHandleIntent(EmailBroadcastProcessorService.java:130)
03-30 12:36:20.897  1500  1500 E ActivityThread: 	at android.app.IntentService$ServiceHandler.handleMessage(IntentService.java:76)
03-30 12:36:20.897  1500  1500 E ActivityThread: 	at android.os.Handler.dispatchMessage(Handler.java:106)
03-30 12:36:20.897  1500  1500 E ActivityThread: 	at android.os.Looper.loop(Looper.java:164)
03-30 12:36:20.897  1500  1500 E ActivityThread: 	at android.os.HandlerThread.run(HandlerThread.java:65)
03-30 12:36:20.900   313   521 W ActivityManager: Unbind failed: could not find connection for android.os.BinderProxy@920b076
03-30 12:36:20.903   313   575 W ActivityManager: Unable to start service Intent { act=com.android.email.EXCHANGE_INTENT pkg=com.android.exchange } U=0: not found
03-30 12:36:20.909  1302  1588 V fb-UnpackingSoSource: locked dso store /data/user/0/com.twitter.android/lib-0
03-30 12:36:20.929  1302  1588 I fb-UnpackingSoSource: dso store is up-to-date: /data/user/0/com.twitter.android/lib-0
03-30 12:36:20.929  1302  1588 V fb-UnpackingSoSource: releasing dso store lock for /data/user/0/com.twitter.android/lib-0
03-30 12:36:20.929  1302  1588 D SoLoader: Preparing SO source: com.facebook.soloader.a[root = /data/data/com.twitter.android/lib-main flags = 1]
03-30 12:36:20.935  1302  1588 V fb-UnpackingSoSource: locked dso store /data/user/0/com.twitter.android/lib-main
03-30 12:36:20.966  1594  1594 V OneTimeInitializerReceiver: OneTimeInitializerReceiver.onReceive
03-30 12:36:20.974  1302  1588 I fb-UnpackingSoSource: dso store is up-to-date: /data/user/0/com.twitter.android/lib-main
03-30 12:36:20.974  1302  1588 V fb-UnpackingSoSource: releasing dso store lock for /data/user/0/com.twitter.android/lib-main
03-30 12:36:20.974  1302  1588 D SoLoader: init finish: 7 SO sources prepared
03-30 12:36:20.974  1302  1588 D SoLoader: init exiting
03-30 12:36:20.986   532   532 I VvmSimStateTracker: android.intent.action.BOOT_COMPLETED
03-30 12:36:21.074   313   648 I ActivityManager: Start proc 1629:com.google.android.play.games.ui/u0a5 for content provider com.google.android.gms/.games.provider.NotificationStubContentProvider
03-30 12:36:21.110   313  1340 D PackageManager: [b9ae33ff-d324-44fb-8b75-986aebbe0394] Phase1; resolving
03-30 12:36:21.111   313  1340 V PackageManager: [b9ae33ff-d324-44fb-8b75-986aebbe0394] Binding to instant app resolver
03-30 12:36:21.140  1041  1041 D MtpService: Adding MTP storage 0x10001 at /storage/emulated/0
03-30 12:36:21.157   579   579 D ReportingServiceManager: Next sync attempt in : 11 hours
03-30 12:36:21.186   313   651 I ActivityManager: Start proc 1650:com.android.vending/u0a9 for broadcast com.android.vending/com.google.android.finsky.boothandler.BootCompletedReceiver
03-30 12:36:21.239   431   451 I zygote  : Do full code cache collection, code=246KB, data=176KB
03-30 12:36:21.240   431   451 I zygote  : After code cache collection, code=219KB, data=140KB
03-30 12:36:21.252  1629  1629 W zygote  : Can't mmap dex file /system/framework/com.android.media.remotedisplay.jar!classes.dex directly; please zipalign to 4 bytes. Falling back to extracting file.
03-30 12:36:21.256  1629  1629 W zygote  : Can't mmap dex file /system/framework/com.android.location.provider.jar!classes.dex directly; please zipalign to 4 bytes. Falling back to extracting file.
03-30 12:36:21.289  1302  1552 W zygote  : Long monitor contention with owner mainNetwork-core-Thread-1 (1611) at boolean java.lang.Class.isInstance(java.lang.Object)(Class.java:538) waiters=0 in com.twitter.network.p0 com.twitter.android.app.di.DaggerTwitterApplicationMainObjectGraph$SC.V7() for 148ms
03-30 12:36:21.396   313   313 D PackageManager: Connected to instant app resolver
03-30 12:36:21.398   761  1102 V PackageManager: [b9ae33ff-d324-44fb-8b75-986aebbe0394] Phase1 called; posting
03-30 12:36:21.401  1629  1629 W DynamiteModule: Local module descriptor class for providerinstaller not found.
03-30 12:36:21.415  1629  1629 W ProviderHelper: Unknown dynamite feature providerinstaller
03-30 12:36:21.471  1629  1629 I DynamiteModule: Considering local module providerinstaller:0 and remote module providerinstaller:0
03-30 12:36:21.471  1629  1629 W ProviderInstaller: Failed to load providerinstaller module: No acceptable module found. Local version is 0 and remote version is 0.
03-30 12:36:21.483  1629  1629 V NativeCrypto: Registering com/google/android/gms/org/conscrypt/NativeCrypto's 286 native methods...
03-30 12:36:21.484   761   761 D PackageManager: [b9ae33ff-d324-44fb-8b75-986aebbe0394] Phase1 request; prefix: [1331818496, -1536892928]
03-30 12:36:21.497   313  1340 D PackageManager: [b9ae33ff-d324-44fb-8b75-986aebbe0394] Phase1; call timed out
03-30 12:36:21.511   313   323 I zygote  : NativeAlloc concurrent copying GC freed 45202(3MB) AllocSpace objects, 36(1736KB) LOS objects, 42% free, 12MB/21MB, paused 222us total 304.200ms
03-30 12:36:21.533  1177  1177 I libwatcher_bina: type=1400 audit(0.0:74): avc: denied { read } for name="file-nr" dev="proc" ino=17975 scontext=u:r:untrusted_app:s0:c512,c768 tcontext=u:object_r:proc:s0 tclass=file permissive=1
03-30 12:36:21.535  1629  1629 D NetworkSecurityConfig: Using Network Security Config from resource network_security_config debugBuild: false
03-30 12:36:21.533  1177  1177 I libwatcher_bina: type=1400 audit(0.0:75): avc: denied { open } for path="/proc/sys/fs/file-nr" dev="proc" ino=17975 scontext=u:r:untrusted_app:s0:c512,c768 tcontext=u:object_r:proc:s0 tclass=file permissive=1
03-30 12:36:21.533  1177  1177 I libwatcher_bina: type=1400 audit(0.0:76): avc: denied { getattr } for path="/proc/sys/fs/file-nr" dev="proc" ino=17975 scontext=u:r:untrusted_app:s0:c512,c768 tcontext=u:object_r:proc:s0 tclass=file permissive=1
03-30 12:36:21.539  1629  1629 I ProviderInstaller: Installed default security provider GmsCore_OpenSSL
03-30 12:36:21.539  1650  1650 I Finsky  : [2] dyq.bd(5): Process created at version: 19.3.26-all [0] [PR] 301645536
03-30 12:36:21.566  1629  1629 I Safeboot: Checking safeboot...
03-30 12:36:21.567  1629  1629 I Safeboot: Not entering safeboot; wrong process.
03-30 12:36:21.594   313   557 D PackageManager: [dac88c19-1472-4843-8060-3e51d16134ac] Phase1; resolving
03-30 12:36:21.595   761  1102 V PackageManager: [dac88c19-1472-4843-8060-3e51d16134ac] Phase1 called; posting
03-30 12:36:21.595   761   761 D PackageManager: [dac88c19-1472-4843-8060-3e51d16134ac] Phase1 request; prefix: [-724971520]
03-30 12:36:21.602   313   557 D PackageManager: [dac88c19-1472-4843-8060-3e51d16134ac] Phase1; No results matched
03-30 12:36:21.621  1302  1317 W Parcel  : **** enforceInterface() expected 'android.content.ISyncAdapter' but read 'android.app.job.IJobService'
03-30 12:36:21.621  1302  1317 W Binder  : Binder call failed.
03-30 12:36:21.621  1302  1317 W Binder  : java.lang.SecurityException: Binder invocation to an incorrect interface
03-30 12:36:21.621  1302  1317 W Binder  : 	at android.os.Parcel.nativeEnforceInterface(Native Method)
03-30 12:36:21.621  1302  1317 W Binder  : 	at android.os.Parcel.enforceInterface(Parcel.java:581)
03-30 12:36:21.621  1302  1317 W Binder  : 	at android.content.ISyncAdapter$Stub.onTransact(ISyncAdapter.java:51)
03-30 12:36:21.621  1302  1317 W Binder  : 	at android.os.Binder.execTransact(Binder.java:697)
03-30 12:36:21.667  1302  1696 D PlatformJobService: Run job, request{id=123, tag=ScribeFlushJob, transient=false}, waited 00:02:03, start 00:01:00, end 00:06:00
03-30 12:36:21.699   313   575 I ActivityManager: Start proc 1707:com.android.chrome/u0a71 for service com.android.chrome/org.chromium.chrome.browser.customtabs.CustomTabsConnectionService
03-30 12:36:21.709  1629  1629 W bcxl    : Primes not initialized, returning default (no-op) Primes instance which will ignore all calls. Please call Primes.initialize(...) before using any Primes API.
03-30 12:36:21.733  1302  1591 W zygote  : Long monitor contention with owner RxCachedThreadScheduler-19 (1680) at void android.database.sqlite.SQLiteConnection.nativeExecute(long, long)(SQLiteConnection.java:-2) waiters=1 in void xq0.a(com.twitter.util.user.e, dr0) for 127ms
03-30 12:36:21.741  1302  1696 I JobExecutor: Executing request{id=123, tag=ScribeFlushJob, transient=false}, context PlatformJobService
03-30 12:36:21.749  1302  1618 I JobManager: Found pending job request{id=123, tag=ScribeFlushJob, transient=false}, canceling
03-30 12:36:21.751  1302  1302 D PlatformJobService: Called onStopJob for job{id=123, finished=false, result=FAILURE, canceled=true, periodic=false, class=tp0, tag=ScribeFlushJob}
03-30 12:36:21.764  1302  1720 I JobExecutor: Finished job{id=123, finished=true, result=SUCCESS, canceled=true, periodic=false, class=tp0, tag=ScribeFlushJob}
03-30 12:36:21.771  1302  1696 D PlatformJobService: Finished job, request{id=123, tag=ScribeFlushJob, transient=false} SUCCESS
03-30 12:36:22.003  1302  1611 W DynamiteModule: Local module descriptor class for providerinstaller not found.
03-30 12:36:22.022   933   933 E ConnectivityChangeRecei: Ignoring connectivity change
03-30 12:36:22.033   761   927 W ProviderHelper: Unknown dynamite feature providerinstaller
03-30 12:36:22.061  1302  1611 I DynamiteModule: Considering local module providerinstaller:0 and remote module providerinstaller:0
03-30 12:36:22.062  1302  1611 W ProviderInstaller: Failed to load providerinstaller module: No acceptable module found. Local version is 0 and remote version is 0.
03-30 12:36:22.064  1302  1611 W zygote  : Can't mmap dex file /system/framework/com.android.media.remotedisplay.jar!classes.dex directly; please zipalign to 4 bytes. Falling back to extracting file.
03-30 12:36:22.090  1302  1397 I FA      : App measurement initialized, version: 21028
03-30 12:36:22.090  1302  1397 I FA      : To enable debug logging run: adb shell setprop log.tag.FA VERBOSE
03-30 12:36:22.090  1302  1397 I FA      : To enable faster debug mode event logging run:
03-30 12:36:22.090  1302  1397 I FA      :   adb shell setprop debug.firebase.analytics.app com.twitter.android
03-30 12:36:22.093  1302  1611 W zygote  : Can't mmap dex file /system/framework/com.android.location.provider.jar!classes.dex directly; please zipalign to 4 bytes. Falling back to extracting file.
03-30 12:36:22.114  1302  1397 I zygote  : Deoptimizing java.lang.Object com.google.android.gms.measurement.internal.z3.a(java.lang.Object) due to JIT inline cache
03-30 12:36:22.164  1302  1618 D JobProxy26: Schedule one-off jobInfo success, request{id=124, tag=ScribeFlushJob, transient=false}, start 00:01:00, end 00:06:00 (from now), reschedule count 0
03-30 12:36:22.168  1302  1591 I JobManager: Found pending job request{id=124, tag=ScribeFlushJob, transient=false}, canceling
03-30 12:36:22.186  1707  1737 W DynamiteModule: Local module descriptor class for com.google.android.gms.googlecertificates not found.
03-30 12:36:22.239  1650  1704 I Finsky  : [150] rvz.a(28): Started reading experiment flags from file [0tGUNCGIkbk4o6-fQ335kUYSKwVj4lusnHT-A5Dsy08].
03-30 12:36:22.260  1650  1704 I Finsky  : [150] rvz.a(42): Finished reading experiment flags from file [0tGUNCGIkbk4o6-fQ335kUYSKwVj4lusnHT-A5Dsy08].
03-30 12:36:22.282  1707  1737 W zygote  : Unsupported class loader
03-30 12:36:22.283  1650  1704 I Finsky  : [150] rvz.a(28): Started reading experiment flags from file [mwN7HcBmlZ6qkDagEjU3KJwwKDgwUQC_faavekykNhc].
03-30 12:36:22.290  1650  1704 I Finsky  : [150] rvz.a(42): Finished reading experiment flags from file [mwN7HcBmlZ6qkDagEjU3KJwwKDgwUQC_faavekykNhc].
03-30 12:36:22.299  1707  1737 W zygote  : Skipping duplicate class check due to unsupported classloader
