03-30 12:36:09.636   313   521 W ActivityManager: Slow operation: 54ms so far, now at getContentProviderImpl: after updateOomAdj
03-30 12:36:09.636   313   521 W ActivityManager: Slow operation: 54ms so far, now at getContentProviderImpl: done!
03-30 12:36:09.646   313   652 I Telecom : Logging.Events: Non-call EVENT: AUDIO_ROUTE, Entering state QuiescentEarpieceRoute
03-30 12:36:09.665   532   532 I ImsResolver: Initializing cache and binding.
03-30 12:36:09.682   313   654 I Telecom : CallAudioModeStateMachine: Message received: null.: TS.init->CAMSM.pM_1@AAA
03-30 12:36:09.684   313   313 I Telecom : MissedCallNotifierImpl: Boot not yet complete -- call log db may not be available. Deferring loading until boot complete.: TS.init@AAA
03-30 12:36:09.690   313   313 I Telecom : Class: TelecomSystem.INSTANCE being set
03-30 12:36:09.690   313   313 W ContextImpl: Calling a method in the system process without a qualified user: android.app.ContextImpl.startService:1476 android.content.ContextWrapper.startService:650 com.android.server.telecom.components.TelecomService.initializeTelecomSystem:180 com.android.server.telecom.components.TelecomService.onBind:64 android.app.ActivityThread.handleBindService:3367 
03-30 12:36:09.712   579   643 D vndksupport: Loading /vendor/lib/hw/gralloc.tegra.so from current namespace instead of sphal namespace.
03-30 12:36:09.716   313   313 W ContextImpl: Calling a method in the system process without a qualified user: android.app.ContextImpl.startService:1476 com.android.server.content.SyncManager$13.run:722 android.os.Handler.handleCallback:790 android.os.Handler.dispatchMessage:99 android.os.Looper.loop:164 
03-30 12:36:09.716   579   643 D NvOsDebugPrintf: NvRmPrivGetChipPlatform: Could not read platform information 
03-30 12:36:09.716   579   643 D NvOsDebugPrintf: Expected on kernels without fuse support, using silicon
03-30 12:36:09.720   579   643 I com.android.settings: android::hardware::configstore::V1_0::ISurfaceFlingerConfigs::hasWideColorDisplay retrieved: 0
03-30 12:36:09.720   579   643 I OpenGLRenderer: Initialized EGL, version 1.4
03-30 12:36:09.720   579   643 D OpenGLRenderer: Swap behavior 2
03-30 12:36:09.720   239   357 D installd: Found storage mount /dev/fuse at /mnt/runtime/default/emulated
03-30 12:36:09.755   313   313 I system_server: type=1400 audit(0.0:38): avc: denied { execute } for path="/data/dalvik-cache/arm/system@framework@com.android.location.provider.jar@classes.dex" dev="mmcblk0p29" ino=245772 scontext=u:r:system_server:s0 tcontext=u:object_r:dalvikcache_data_file:s0 tclass=file permissive=1
03-30 12:36:09.760   313   313 W zygote  : ClassLoaderContext classpath size mismatch for position 0. expected=3, found=0 (PCL[services.jar*4094183988:ethernet-service.jar*247114842:wifi-service.jar*1730502638] | PCL[])
03-30 12:36:09.790   313   313 V WiredAccessoryManager: notifyWiredAccessoryChanged: when=0 bits= mask=54
03-30 12:36:09.790   313   313 V WiredAccessoryManager: newName=h2w newState=0 headsetState=0 prev headsetState=0
03-30 12:36:09.790   313   313 E WiredAccessoryManager: No state change.
03-30 12:36:09.790   313   313 V WiredAccessoryManager: init()
03-30 12:36:09.831   313   313 V NotificationListeners: enabling notification listener for 0: ComponentInfo{com.google.android.apps.nexuslauncher/com.android.launcher3.notification.NotificationListener}
03-30 12:36:09.831   313   313 V NotificationListeners: binding: Intent { act=android.service.notification.NotificationListenerService cmp=com.google.android.apps.nexuslauncher/com.android.launcher3.notification.NotificationListener (has extras) }
03-30 12:36:09.831   313   313 W ActivityManager: Unable to start service Intent { act=android.service.notification.NotificationListenerService cmp=com.google.android.apps.nexuslauncher/com.android.launcher3.notification.NotificationListener } U=0: not found
03-30 12:36:09.831   313   313 W NotificationListeners: Unable to bind notification listener service: Intent { act=android.service.notification.NotificationListenerService cmp=com.google.android.apps.nexuslauncher/com.android.launcher3.notification.NotificationListener (has extras) }
03-30 12:36:09.868   579   643 D vndksupport: Loading /vendor/lib/hw/android.hardware.graphics.mapper@2.0-impl.so from current namespace instead of sphal namespace.
03-30 12:36:09.870   579   643 D vndksupport: Loading /vendor/lib/hw/gralloc.tegra.so from current namespace instead of sphal namespace.
03-30 12:36:09.874   579   643 D vndksupport: Loading /vendor/lib/hw/gralloc.tegra.so from current namespace instead of sphal namespace.
03-30 12:36:09.889   313   313 W BroadcastQueue: Background execution not allowed: receiving Intent { act=android.intent.action.ACTION_POWER_DISCONNECTED flg=0x4000010 (has extras) } to com.google.android.gms/.chimera.GmsIntentOperationService$PersistentTrustedReceiver
03-30 12:36:09.898   313   313 D RttService: SCAN_AVAILABLE : 3
03-30 12:36:09.898   313   398 D RttService: DefaultState got{ when=0 what=160512 target=com.android.internal.util.StateMachine$SmHandler }
03-30 12:36:09.899   313   313 D ConditionProviders.SCP: onSubscribe condition://android/schedule?days=1.2.3.4.5&start=22.0&end=7.0&exitAtAlarm=false
03-30 12:36:09.900   313   313 D ConditionProviders.SCP: setRegistered true
03-30 12:36:09.900   313   328 W KeyguardServiceDelegate: onScreenTurningOn(): no keyguard service!
03-30 12:36:09.903   226   226 I WifiHAL : Got channel list with 13 channels
03-30 12:36:09.904   313   313 D ConditionProviders.SCP: notifyCondition condition://android/schedule?days=1.2.3.4.5&start=22.0&end=7.0&exitAtAlarm=false STATE_FALSE reason=!meetsSchedule
03-30 12:36:09.905   313   386 I InputReader: Reconfiguring input devices.  changes=0x00000004
03-30 12:36:09.906   226   226 I WifiHAL : Got channel list with 9 channels
03-30 12:36:09.908   226   226 I WifiHAL : Got channel list with 16 channels
03-30 12:36:09.909   313   386 I InputReader: Reconfiguring input devices.  changes=0x00000004
03-30 12:36:09.914   313   397 I WifiScanningService: wifi driver loaded with scan capabilities: max buckets=8
03-30 12:36:09.916   313   313 D ConditionProviders.SCP: Scheduling evaluate for Mon Mar 30 22:00:00 GMT+02:00 2020 (1585598400000), in +9h23m50s101ms, now=Mon Mar 30 12:36:09 GMT+02:00 2020 (1585564569899)
03-30 12:36:09.917   313   313 D ConditionProviders.SCP: onSubscribe condition://android/schedule?days=6.7&start=23.30&end=10.0&exitAtAlarm=false
03-30 12:36:09.917   313   313 D ConditionProviders.SCP: notifyCondition condition://android/schedule?days=6.7&start=23.30&end=10.0&exitAtAlarm=false STATE_FALSE reason=!meetsSchedule
03-30 12:36:09.918   313   313 D ConditionProviders.SCP: notifyCondition condition://android/schedule?days=1.2.3.4.5&start=22.0&end=7.0&exitAtAlarm=false STATE_FALSE reason=!meetsSchedule
03-30 12:36:09.918   313   313 D ConditionProviders.SCP: Scheduling evaluate for Mon Mar 30 22:00:00 GMT+02:00 2020 (1585598400000), in +9h23m50s83ms, now=Mon Mar 30 12:36:09 GMT+02:00 2020 (1585564569917)
03-30 12:36:09.939   313   313 I Telecom : WiredHeadsetManager: ACTION_HEADSET_PLUG event, plugged in: false, : WHC.oADA@AAE
03-30 12:36:09.944   313   313 D MediaSessionService: Global priority session is changed from null to com.android.server.telecom/HeadsetMediaButton (userId=0)
03-30 12:36:09.945   313   386 I InputReader: Reconfiguring input devices.  changes=0x00000004
03-30 12:36:09.950   313   386 I InputReader: Reconfiguring input devices.  changes=0x00000004
03-30 12:36:09.950   431   637 I vol.Events: writeEvent level_changed STREAM_VOICE_CALL 4
03-30 12:36:09.953   431   637 I vol.Events: writeEvent mute_changed STREAM_SYSTEM true
03-30 12:36:09.954   431   637 I vol.Events: writeEvent mute_changed STREAM_RING true
03-30 12:36:09.955   313   313 D ZenLog  : intercepted: -1|android|32|null|1000,alarmsOnly
03-30 12:36:09.955   313   327 I SyncManager: Got SyncJobService instance.
03-30 12:36:09.956   313   313 D ZenLog  : intercepted: -1|android|26|null|1000,alarmsOnly
03-30 12:36:09.961   313   313 D AutofillManagerService: Autofill restriction did not change for user 0: null
03-30 12:36:09.967   431   637 I vol.Events: writeEvent level_changed STREAM_BLUETOOTH_SCO 7
03-30 12:36:09.968   313   313 I FusedLocation: engine started (com.android.location.fused)
03-30 12:36:09.972   431   637 I vol.Events: writeEvent zen_mode_changed alarms
03-30 12:36:09.998   431   431 D SystemUIBootTiming: StartServicesVolumeUI took to complete: 510ms
03-30 12:36:10.008   313   323 I zygote  : Background concurrent copying GC freed 58558(4MB) AllocSpace objects, 35(988KB) LOS objects, 42% free, 10MB/18MB, paused 216us total 350.824ms
03-30 12:36:10.016   313   404 D NotificationSQLiteLog: Pruned event entries: 0
03-30 12:36:10.019   431   692 D OpenGLRenderer: HWUI GL Pipeline
03-30 12:36:10.027   431   431 D SystemUIBootTiming: StartServicesDivider took to complete: 28ms
03-30 12:36:10.038   313   369 I WifiService: getVerboseLoggingLevel uid=10012
03-30 12:36:10.044   313   648 I WifiService: getWifiServiceMessenger uid=10012
03-30 12:36:10.107   532   532 D PhoneSwitcherNetworkRequstListener: Registering NetworkFactory
03-30 12:36:10.107   313   400 D ConnectivityService: Got NetworkFactory Messenger for PhoneSwitcherNetworkRequstListener
03-30 12:36:10.117   313   400 D ConnectivityService: Got NetworkFactory Messenger for TelephonyNetworkFactory[0]
03-30 12:36:10.119   313   521 W WallpaperManagerService: Cannot extract colors because wallpaper could not be read.
03-30 12:36:10.120   313   648 W WallpaperManagerService: Cannot extract colors because wallpaper could not be read.
03-30 12:36:10.133   431   431 D StatusBar: disable<e i a s b h r c s q >
03-30 12:36:10.133   532   700 W CallerInfoCache: cursor is null
03-30 12:36:10.134   313   557 I StatusBarManagerService: registerStatusBar bar=com.android.internal.statusbar.IStatusBar$Stub$Proxy@219d1b9
03-30 12:36:10.144   532   532 D CarrierConfigLoader: CarrierConfigLoader has started
03-30 12:36:10.148   313   651 D BluetoothManagerService: Trying to bind to profile: 1, while Bluetooth was disabled
03-30 12:36:10.162   532   532 I TelecomFramework: TtyManager: updateUiTtyMode -1 -> 0
03-30 12:36:10.172   532   532 D ImsResolver: maybeAddedImsService, packageName: null
03-30 12:36:10.186   532   532 D ServiceStateProvider: subId=-2
03-30 12:36:10.199   431   703 I SecurityController: could not bind to KeyChainService
03-30 12:36:10.226   431   431 I CameraManagerGlobal: Connecting to camera service
03-30 12:36:10.230   532   532 D PhoneSwitcherNetworkRequstListener: got request NetworkRequest [ TRACK_DEFAULT id=3, [ Capabilities: INTERNET&NOT_RESTRICTED&TRUSTED&NOT_VPN] ] with score 0
03-30 12:36:10.230   532   532 D PhoneSwitcherNetworkRequstListener: got request NetworkRequest [ TRACK_DEFAULT id=5, [ Capabilities: INTERNET&NOT_RESTRICTED&TRUSTED&NOT_VPN] ] with score 0
03-30 12:36:10.230   532   532 D PhoneSwitcherNetworkRequstListener: got request NetworkRequest [ BACKGROUND_REQUEST id=2, [ Transports: CELLULAR Capabilities: INTERNET&NOT_RESTRICTED&TRUSTED&NOT_VPN] ] with score 0
03-30 12:36:10.230   532   532 D PhoneSwitcherNetworkRequstListener: got request NetworkRequest [ REQUEST id=1, [ Capabilities: INTERNET&NOT_RESTRICTED&TRUSTED&NOT_VPN] ] with score 0
03-30 12:36:10.231   532   532 D TelephonyDebugService: TelephonyDebugService()
03-30 12:36:10.233   532   532 D CarrierConfigLoader: mHandler: 12 phoneId: 0
03-30 12:36:10.234   431   431 I StatusBar: isKeyguardShowing() called before startKeyguard(), returning true
03-30 12:36:10.234   431   431 W StatusBar: isKeyguardSecure() called before startKeyguard(), returning false
03-30 12:36:10.234   431   431 W StatusBar: java.lang.Throwable
03-30 12:36:10.234   431   431 W StatusBar: 	at com.android.systemui.statusbar.phone.StatusBar.isKeyguardSecure(StatusBar.java:7970)
03-30 12:36:10.234   431   431 W StatusBar: 	at com.android.systemui.statusbar.phone.StatusBar.isCameraAllowedByAdmin(StatusBar.java:5804)
03-30 12:36:10.234   431   431 W StatusBar: 	at com.android.systemui.statusbar.phone.KeyguardBottomAreaView$DefaultRightButton.getIcon(KeyguardBottomAreaView.java:903)
03-30 12:36:10.234   431   431 W StatusBar: 	at com.android.systemui.statusbar.phone.KeyguardBottomAreaView.updateCameraVisibility(KeyguardBottomAreaView.java:396)
03-30 12:36:10.234   431   431 W StatusBar: 	at com.android.systemui.statusbar.phone.KeyguardBottomAreaView.setStatusBar(KeyguardBottomAreaView.java:359)
03-30 12:36:10.234   431   431 W StatusBar: 	at com.android.systemui.statusbar.phone.NotificationPanelView.setStatusBar(NotificationPanelView.java:278)
03-30 12:36:10.234   431   431 W StatusBar: 	at com.android.systemui.statusbar.phone.StatusBar.makeStatusBarView(StatusBar.java:1085)
03-30 12:36:10.234   431   431 W StatusBar: 	at com.android.systemui.statusbar.phone.StatusBar.addStatusBarWindow(StatusBar.java:4000)
03-30 12:36:10.234   431   431 W StatusBar: 	at com.android.systemui.statusbar.phone.StatusBar.createAndAddWindows(StatusBar.java:3996)
03-30 12:36:10.234   431   431 W StatusBar: 	at com.android.systemui.statusbar.phone.StatusBar.start(StatusBar.java:952)
03-30 12:36:10.234   431   431 W StatusBar: 	at com.android.systemui.SystemBars.createStatusBarFromConfig(SystemBars.java:71)
03-30 12:36:10.234   431   431 W StatusBar: 	at com.android.systemui.SystemBars.start(SystemBars.java:42)
03-30 12:36:10.234   431   431 W StatusBar: 	at com.android.systemui.SystemUIApplication.startServicesIfNeeded(SystemUIApplication.java:215)
03-30 12:36:10.234   431   431 W StatusBar: 	at com.android.systemui.SystemUIApplication.startServicesIfNeeded(SystemUIApplication.java:164)
03-30 12:36:10.234   431   431 W StatusBar: 	at com.android.systemui.SystemUIService.onCreate(SystemUIService.java:33)
03-30 12:36:10.234   431   431 W StatusBar: 	at android.app.ActivityThread.handleCreateService(ActivityThread.java:3340)
03-30 12:36:10.234   431   431 W StatusBar: 	at android.app.ActivityThread.-wrap4(Unknown Source:0)
03-30 12:36:10.234   431   431 W StatusBar: 	at android.app.ActivityThread$H.handleMessage(ActivityThread.java:1678)
03-30 12:36:10.234   431   431 W StatusBar: 	at android.os.Handler.dispatchMessage(Handler.java:106)
03-30 12:36:10.234   431   431 W StatusBar: 	at android.os.Looper.loop(Looper.java:164)
03-30 12:36:10.234   431   431 W StatusBar: 	at android.app.ActivityThread.main(ActivityThread.java:6499)
03-30 12:36:10.234   431   431 W StatusBar: 	at java.lang.reflect.Method.invoke(Native Method)
03-30 12:36:10.234   431   431 W StatusBar: 	at com.android.internal.os.RuntimeInit$MethodAndArgsCaller.run(RuntimeInit.java:440)
03-30 12:36:10.234   431   431 W StatusBar: 	at com.android.internal.os.ZygoteInit.main(ZygoteInit.java:807)
03-30 12:36:10.236   532   532 D PhoneUtils: Logical Modem id:  phoneId: 0
03-30 12:36:10.236   532   532 D PhoneUtils: Returning default phone id
03-30 12:36:10.238   532   532 E PhoneInterfaceManager: [PhoneIntfMgr] getIccId: No UICC
03-30 12:36:10.258   532   532 D OpenGLRenderer: HWUI GL Pipeline
03-30 12:36:10.263   313   324 W Telecom : : registerPhoneAccount not allowed on non-voice capable device.: TSI.rPA@AAU
03-30 12:36:10.264   532   532 I TelecomFramework: AccountEntry: Registered phoneAccount: [[ ] PhoneAccount: ComponentInfo{com.android.phone/com.android.services.telephony.TelephonyConnectionService}, [e0184adedf913b076626646d3f52c3b49c39ad6d], UserHandle{0} Capabilities: CallProvider EmergOnly MultiUser PlaceEmerg SimSub  Audio Routes: BESW Schemes: tel voicemail  Extras: Bundle[{android.telecom.extra.SUPPORTS_VIDEO_CALLING_FALLBACK=false}] GroupId: [da39a3ee5e6b4b0d3255bfef95601890afd80709]] with handle: ComponentInfo{com.android.phone/com.android.services.telephony.TelephonyConnectionService}, [e0184adedf913b076626646d3f52c3b49c39ad6d], UserHandle{0}
03-30 12:36:10.264   532   532 I TelecomFramework: PstnIncomingCallNotifier: Registering: Handler (com.android.internal.telephony.GsmCdmaPhone) {5b7a6bb}
03-30 12:36:10.274   532   532 I TelecomFramework: PstnPhoneCapabilitiesNotifier: handleVideoCapabilitesChanged. Video capability - false
03-30 12:36:10.275   532   532 E PhoneInterfaceManager: [PhoneIntfMgr] getIccId: No UICC
03-30 12:36:10.278   431   431 I StatusBar: isKeyguardShowing() called before startKeyguard(), returning true
03-30 12:36:10.279   431   431 W StatusBar: isKeyguardSecure() called before startKeyguard(), returning false
03-30 12:36:10.279   431   431 W StatusBar: java.lang.Throwable
03-30 12:36:10.279   431   431 W StatusBar: 	at com.android.systemui.statusbar.phone.StatusBar.isKeyguardSecure(StatusBar.java:7970)
03-30 12:36:10.279   431   431 W StatusBar: 	at com.android.systemui.statusbar.phone.StatusBar.isCameraAllowedByAdmin(StatusBar.java:5804)
03-30 12:36:10.279   431   431 W StatusBar: 	at com.android.systemui.statusbar.phone.KeyguardBottomAreaView$DefaultRightButton.getIcon(KeyguardBottomAreaView.java:903)
03-30 12:36:10.279   431   431 W StatusBar: 	at com.android.systemui.statusbar.phone.KeyguardBottomAreaView.updateCameraVisibility(KeyguardBottomAreaView.java:396)
03-30 12:36:10.279   431   431 W StatusBar: 	at com.android.systemui.statusbar.phone.KeyguardBottomAreaView.setUserSetupComplete(KeyguardBottomAreaView.java:368)
03-30 12:36:10.279   431   431 W StatusBar: 	at com.android.systemui.statusbar.phone.NotificationPanelView.setUserSetupComplete(NotificationPanelView.java:2743)
03-30 12:36:10.279   431   431 W StatusBar: 	at com.android.systemui.statusbar.phone.StatusBar.makeStatusBarView(StatusBar.java:1229)
03-30 12:36:10.279   431   431 W StatusBar: 	at com.android.systemui.statusbar.phone.StatusBar.addStatusBarWindow(StatusBar.java:4000)
03-30 12:36:10.279   431   431 W StatusBar: 	at com.android.systemui.statusbar.phone.StatusBar.createAndAddWindows(StatusBar.java:3996)
03-30 12:36:10.279   431   431 W StatusBar: 	at com.android.systemui.statusbar.phone.StatusBar.start(StatusBar.java:952)
03-30 12:36:10.279   431   431 W StatusBar: 	at com.android.systemui.SystemBars.createStatusBarFromConfig(SystemBars.java:71)
03-30 12:36:10.279   431   431 W StatusBar: 	at com.android.systemui.SystemBars.start(SystemBars.java:42)
03-30 12:36:10.279   431   431 W StatusBar: 	at com.android.systemui.SystemUIApplication.startServicesIfNeeded(SystemUIApplication.java:215)
03-30 12:36:10.279   431   431 W StatusBar: 	at com.android.systemui.SystemUIApplication.startServicesIfNeeded(SystemUIApplication.java:164)
03-30 12:36:10.279   431   431 W StatusBar: 	at com.android.systemui.SystemUIService.onCreate(SystemUIService.java:33)
03-30 12:36:10.279   431   431 W StatusBar: 	at android.app.ActivityThread.handleCreateService(ActivityThread.java:3340)
03-30 12:36:10.279   431   431 W StatusBar: 	at android.app.ActivityThread.-wrap4(Unknown Source:0)
03-30 12:36:10.279   431   431 W StatusBar: 	at android.app.ActivityThread$H.handleMessage(ActivityThread.java:1678)
03-30 12:36:10.279   431   431 W StatusBar: 	at android.os.Handler.dispatchMessage(Handler.java:106)
03-30 12:36:10.279   431   431 W StatusBar: 	at android.os.Looper.loop(Looper.java:164)
03-30 12:36:10.279   431   431 W StatusBar: 	at android.app.ActivityThread.main(ActivityThread.java:6499)
03-30 12:36:10.279   431   431 W StatusBar: 	at java.lang.reflect.Method.invoke(Native Method)
03-30 12:36:10.279   431   431 W StatusBar: 	at com.android.internal.os.RuntimeInit$MethodAndArgsCaller.run(RuntimeInit.java:440)
03-30 12:36:10.279   431   431 W StatusBar: 	at com.android.internal.os.ZygoteInit.main(ZygoteInit.java:807)
03-30 12:36:10.281   313   648 W Telecom : : registerPhoneAccount not allowed on non-voice capable device.: TSI.rPA@AAg
03-30 12:36:10.291   431   639 W Tile.BluetoothTile: Error in handleSetListening
03-30 12:36:10.291   431   639 W Tile.BluetoothTile: java.lang.NullPointerException: Attempt to invoke interface method 'void com.android.systemui.statusbar.policy.BluetoothController.addCallback(java.lang.Object)' on a null object reference
03-30 12:36:10.291   431   639 W Tile.BluetoothTile: 	at com.android.systemui.qs.tiles.BluetoothTile.handleSetListening(BluetoothTile.java:85)
03-30 12:36:10.291   431   639 W Tile.BluetoothTile: 	at com.android.systemui.qs.tileimpl.QSTileImpl$H.handleMessage(QSTileImpl.java:467)
03-30 12:36:10.291   431   639 W Tile.BluetoothTile: 	at android.os.Handler.dispatchMessage(Handler.java:106)
03-30 12:36:10.291   431   639 W Tile.BluetoothTile: 	at android.os.Looper.loop(Looper.java:164)
03-30 12:36:10.291   431   639 W Tile.BluetoothTile: 	at android.os.HandlerThread.run(HandlerThread.java:65)
03-30 12:36:10.292   431   639 W Tile.BluetoothTile: Error in handleSetListening
03-30 12:36:10.292   431   639 W Tile.BluetoothTile: java.lang.NullPointerException: Attempt to invoke interface method 'void com.android.systemui.statusbar.policy.BluetoothController.removeCallback(java.lang.Object)' on a null object reference
03-30 12:36:10.292   431   639 W Tile.BluetoothTile: 	at com.android.systemui.qs.tiles.BluetoothTile.handleSetListening(BluetoothTile.java:87)
03-30 12:36:10.292   431   639 W Tile.BluetoothTile: 	at com.android.systemui.qs.tileimpl.QSTileImpl$H.handleMessage(QSTileImpl.java:467)
03-30 12:36:10.292   431   639 W Tile.BluetoothTile: 	at android.os.Handler.dispatchMessage(Handler.java:106)
03-30 12:36:10.292   431   639 W Tile.BluetoothTile: 	at android.os.Looper.loop(Looper.java:164)
03-30 12:36:10.292   431   639 W Tile.BluetoothTile: 	at android.os.HandlerThread.run(HandlerThread.java:65)
03-30 12:36:10.299   431   431 D LocalBluetoothProfileManager: Adding local MAP profile
03-30 12:36:10.300   431   431 D BluetoothMap: Create BluetoothMap proxy object
03-30 12:36:10.303   431   431 D LocalBluetoothProfileManager: LocalBluetoothProfileManager construction complete
03-30 12:36:10.305   431   639 W Tile.DndTile: Error in handleSetListening
03-30 12:36:10.305   431   639 W Tile.DndTile: java.lang.NullPointerException: Attempt to invoke interface method 'void com.android.systemui.statusbar.policy.ZenModeController.addCallback(java.lang.Object)' on a null object reference
03-30 12:36:10.305   431   639 W Tile.DndTile: 	at com.android.systemui.qs.tiles.DndTile.handleSetListening(DndTile.java:247)
03-30 12:36:10.305   431   639 W Tile.DndTile: 	at com.android.systemui.qs.tileimpl.QSTileImpl$H.handleMessage(QSTileImpl.java:467)
03-30 12:36:10.305   431   639 W Tile.DndTile: 	at android.os.Handler.dispatchMessage(Handler.java:106)
03-30 12:36:10.305   431   639 W Tile.DndTile: 	at android.os.Looper.loop(Looper.java:164)
03-30 12:36:10.305   431   639 W Tile.DndTile: 	at android.os.HandlerThread.run(HandlerThread.java:65)
03-30 12:36:10.322   431   431 I StatusBar: isKeyguardShowing() called before startKeyguard(), returning true
03-30 12:36:10.322   431   431 W StatusBar: isKeyguardSecure() called before startKeyguard(), returning false
03-30 12:36:10.322   431   431 W StatusBar: java.lang.Throwable
03-30 12:36:10.322   431   431 W StatusBar: 	at com.android.systemui.statusbar.phone.StatusBar.isKeyguardSecure(StatusBar.java:7970)
03-30 12:36:10.322   431   431 W StatusBar: 	at com.android.systemui.statusbar.phone.StatusBar.isCameraAllowedByAdmin(StatusBar.java:5804)
03-30 12:36:10.322   431   431 W StatusBar: 	at com.android.systemui.statusbar.phone.KeyguardBottomAreaView$DefaultRightButton.getIcon(KeyguardBottomAreaView.java:903)
03-30 12:36:10.322   431   431 W StatusBar: 	at com.android.systemui.statusbar.phone.KeyguardBottomAreaView.updateCameraVisibility(KeyguardBottomAreaView.java:396)
03-30 12:36:10.322   431   431 W StatusBar: 	at com.android.systemui.statusbar.phone.KeyguardBottomAreaView.setUserSetupComplete(KeyguardBottomAreaView.java:368)
03-30 12:36:10.322   431   431 W StatusBar: 	at com.android.systemui.statusbar.phone.NotificationPanelView.setUserSetupComplete(NotificationPanelView.java:2743)
03-30 12:36:10.322   431   431 W StatusBar: 	at com.android.systemui.statusbar.phone.StatusBar$1.onUserSetupChanged(StatusBar.java:557)
03-30 12:36:10.322   431   431 W StatusBar: 	at com.android.systemui.statusbar.policy.DeviceProvisionedControllerImpl.addCallback(DeviceProvisionedControllerImpl.java:69)
03-30 12:36:10.322   431   431 W StatusBar: 	at com.android.systemui.statusbar.policy.DeviceProvisionedControllerImpl.addCallback(DeviceProvisionedControllerImpl.java:63)
03-30 12:36:10.322   431   431 W StatusBar: 	at com.android.systemui.statusbar.phone.StatusBar.makeStatusBarView(StatusBar.java:1319)
03-30 12:36:10.322   431   431 W StatusBar: 	at com.android.systemui.statusbar.phone.StatusBar.addStatusBarWindow(StatusBar.java:4000)
03-30 12:36:10.322   431   431 W StatusBar: 	at com.android.systemui.statusbar.phone.StatusBar.createAndAddWindows(StatusBar.java:3996)
03-30 12:36:10.322   431   431 W StatusBar: 	at com.android.systemui.statusbar.phone.StatusBar.start(StatusBar.java:952)
03-30 12:36:10.322   431   431 W StatusBar: 	at com.android.systemui.SystemBars.createStatusBarFromConfig(SystemBars.java:71)
03-30 12:36:10.322   431   431 W StatusBar: 	at com.android.systemui.SystemBars.start(SystemBars.java:42)
03-30 12:36:10.322   431   431 W StatusBar: 	at com.android.systemui.SystemUIApplication.startServicesIfNeeded(SystemUIApplication.java:215)
03-30 12:36:10.322   431   431 W StatusBar: 	at com.android.systemui.SystemUIApplication.startServicesIfNeeded(SystemUIApplication.java:164)
03-30 12:36:10.322   431   431 W StatusBar: 	at com.android.systemui.SystemUIService.onCreate(SystemUIService.java:33)
03-30 12:36:10.322   431   431 W StatusBar: 	at android.app.ActivityThread.handleCreateService(ActivityThread.java:3340)
03-30 12:36:10.322   431   431 W StatusBar: 	at android.app.ActivityThread.-wrap4(Unknown Source:0)
03-30 12:36:10.322   431   431 W StatusBar: 	at android.app.ActivityThread$H.handleMessage(ActivityThread.java:1678)
03-30 12:36:10.322   431   431 W StatusBar: 	at android.os.Handler.dispatchMessage(Handler.java:106)
03-30 12:36:10.322   431   431 W StatusBar: 	at android.os.Looper.loop(Looper.java:164)
03-30 12:36:10.322   431   431 W StatusBar: 	at android.app.ActivityThread.main(ActivityThread.java:6499)
03-30 12:36:10.322   431   431 W StatusBar: 	at java.lang.reflect.Method.invoke(Native Method)
03-30 12:36:10.322   431   431 W StatusBar: 	at com.android.internal.os.RuntimeInit$MethodAndArgsCaller.run(RuntimeInit.java:440)
03-30 12:36:10.322   431   431 W StatusBar: 	at com.android.internal.os.ZygoteInit.main(ZygoteInit.java:807)
03-30 12:36:10.323   431   692 D OpenGLRenderer: profile bars disabled
03-30 12:36:10.323   431   692 D OpenGLRenderer: ambientRatio = 1.50
03-30 12:36:10.329   431   431 D StatusBar: disable<e i a s b h r c s q >
03-30 12:36:10.351   431   431 D StatusBar: heads up is enabled
03-30 12:36:10.363   431   431 D SystemUIBootTiming: StartServicesSystemBars took to complete: 335ms
03-30 12:36:10.367   431   431 D StorageNotification: Notifying about private volume: VolumeInfo{private}:
03-30 12:36:10.367   431   431 D StorageNotification:     type=PRIVATE diskId=null partGuid=null mountFlags=0 mountUserId=-1 
03-30 12:36:10.367   431   431 D StorageNotification:     state=MOUNTED 
03-30 12:36:10.367   431   431 D StorageNotification:     fsType=null fsUuid=null fsLabel=null 
03-30 12:36:10.367   431   431 D StorageNotification:     path=/data internalPath=null 
03-30 12:36:10.369   431   431 D SystemUIBootTiming: StartServicesStorageNotification took to complete: 6ms
03-30 12:36:10.375   431   431 D SystemUIBootTiming: StartServicesPowerUI took to complete: 6ms
03-30 12:36:10.376   431   431 D SystemUIBootTiming: StartServicesRingtonePlayer took to complete: 1ms
03-30 12:36:10.377   431   431 D SystemUIBootTiming: StartServicesKeyboardUI took to complete: 0ms
03-30 12:36:10.400   431   431 D SystemUIBootTiming: StartServicesPipUI took to complete: 23ms
03-30 12:36:10.402   431   431 D SystemUIBootTiming: StartServicesShortcutKeyDispatcher took to complete: 1ms
03-30 12:36:10.402   431   431 D AmbientIndicationContainer: Indication set
03-30 12:36:10.402   431   431 D AmbientIndicationContainer: Updated view
03-30 12:36:10.402   431   431 D AmbientIndicationContainer: Initialized view
03-30 12:36:10.404   431   431 D SystemUIBootTiming: StartServicesVendorServices took to complete: 2ms
03-30 12:36:10.404   431   431 D SystemUIBootTiming: StartServicesService took to complete: 0ms
03-30 12:36:10.405   431   431 D SystemUIBootTiming: StartServicesLatencyTester took to complete: 0ms
03-30 12:36:10.406   431   431 D SystemUIBootTiming: StartServicesGlobalActionsComponent took to complete: 2ms
03-30 12:36:10.407   431   431 D SystemUIBootTiming: StartServicesRoundedCorners took to complete: 0ms
03-30 12:36:10.407   431   431 D SystemUIBootTiming: StartServices took to complete: 1696ms
03-30 12:36:10.415   313   369 D CryptdConnector: SND -> {3 cryptfs getpw}
03-30 12:36:10.415   183   187 D VoldCryptCmdListener: cryptfs getpw
03-30 12:36:10.416   313   389 D CryptdConnector: RCV <- {200 3 -1}
03-30 12:36:10.416   313   369 D CryptdConnector: SND -> {4 cryptfs clearpw}
03-30 12:36:10.417   183   187 D VoldCryptCmdListener: cryptfs clearpw
03-30 12:36:10.417   313   389 D CryptdConnector: RCV <- {200 4 0}
03-30 12:36:10.503   431   431 I Choreographer: Skipped 35 frames!  The application may be doing too much work on its main thread.
03-30 12:36:10.507   313   386 I InputReader: Reconfiguring input devices.  changes=0x00000004
03-30 12:36:10.517   431   692 D vndksupport: Loading /vendor/lib/egl/libEGL_tegra.so from current namespace instead of sphal namespace.
03-30 12:36:10.528   431   431 D ViewRootImpl[StatusBar]: changeCanvasOpacity: opaque=true
03-30 12:36:10.541   431   692 D libEGL  : loaded /vendor/lib/egl/libEGL_tegra.so
03-30 12:36:10.542   431   692 D vndksupport: Loading /vendor/lib/egl/libGLESv1_CM_tegra.so from current namespace instead of sphal namespace.
03-30 12:36:10.620   431   692 D libEGL  : loaded /vendor/lib/egl/libGLESv1_CM_tegra.so
03-30 12:36:10.636   431   431 D AmbientIndicationContainer: Indication set
03-30 12:36:10.636   431   431 D AmbientIndicationContainer: Updated view
03-30 12:36:10.651   431   692 D vndksupport: Loading /vendor/lib/egl/libGLESv2_tegra.so from current namespace instead of sphal namespace.
03-30 12:36:10.654   431   692 D libEGL  : loaded /vendor/lib/egl/libGLESv2_tegra.so
03-30 12:36:10.691   431   431 I RenderThread: type=1400 audit(0.0:39): avc: denied { search } for name="soc0" dev="sysfs" ino=244 scontext=u:r:platform_app:s0:c512,c768 tcontext=u:object_r:sysfs_soc:s0 tclass=dir permissive=1
03-30 12:36:10.691   431   431 I RenderThread: type=1400 audit(0.0:40): avc: denied { read } for name="family" dev="sysfs" ino=247 scontext=u:r:platform_app:s0:c512,c768 tcontext=u:object_r:sysfs_soc:s0 tclass=file permissive=1
03-30 12:36:10.691   431   431 I RenderThread: type=1400 audit(0.0:41): avc: denied { open } for path="/sys/devices/soc0/family" dev="sysfs" ino=247 scontext=u:r:platform_app:s0:c512,c768 tcontext=u:object_r:sysfs_soc:s0 tclass=file permissive=1
03-30 12:36:10.691   431   431 I RenderThread: type=1400 audit(0.0:42): avc: denied { getattr } for path="/sys/devices/soc0/family" dev="sysfs" ino=247 scontext=u:r:platform_app:s0:c512,c768 tcontext=u:object_r:sysfs_soc:s0 tclass=file permissive=1
03-30 12:36:10.704   431   692 D vndksupport: Loading /vendor/lib/hw/gralloc.tegra.so from current namespace instead of sphal namespace.
03-30 12:36:10.708   431   692 D NvOsDebugPrintf: NvRmPrivGetChipPlatform: Could not read platform information 
03-30 12:36:10.708   431   692 D NvOsDebugPrintf: Expected on kernels without fuse support, using silicon
03-30 12:36:10.712   431   692 I com.android.systemui: android::hardware::configstore::V1_0::ISurfaceFlingerConfigs::hasWideColorDisplay retrieved: 0
03-30 12:36:10.712   431   692 I OpenGLRenderer: Initialized EGL, version 1.4
03-30 12:36:10.712   431   692 D OpenGLRenderer: Swap behavior 2
03-30 12:36:10.833   431   692 D vndksupport: Loading /vendor/lib/hw/android.hardware.graphics.mapper@2.0-impl.so from current namespace instead of sphal namespace.
03-30 12:36:10.835   431   692 D vndksupport: Loading /vendor/lib/hw/gralloc.tegra.so from current namespace instead of sphal namespace.
03-30 12:36:10.855   313   394 D WifiService: New client listening to asynchronous messages
03-30 12:36:11.046   431   451 I zygote  : Do partial code cache collection, code=31KB, data=29KB
03-30 12:36:11.047   431   451 I zygote  : After code cache collection, code=31KB, data=29KB
03-30 12:36:11.047   431   451 I zygote  : Increasing code cache capacity to 128KB
03-30 12:36:11.134   431   431 I PowerUI.Notification: show low battery warning: level=11 [-1] playSound=true
03-30 12:36:11.143   313   313 D ZenLog  : intercepted: -1|com.android.systemui|3|low_battery|10012,alarmsOnly
03-30 12:36:11.175   431   431 D StatusBar: disable<e i a s b H!R!c s q >
03-30 12:36:11.177   431   431 D StatusBar: disable<e i a s b H R c s q >
03-30 12:36:11.193   431   431 I chatty  : uid=10012(com.android.systemui) identical 2 lines
03-30 12:36:11.193   431   431 D StatusBar: disable<e i a s b H R c s q >
03-30 12:36:11.212   313   336 W WindowManager: App freeze timeout expired.
03-30 12:36:11.212   431   431 I Choreographer: Skipped 41 frames!  The application may be doing too much work on its main thread.
03-30 12:36:11.221   431   451 I zygote  : Do partial code cache collection, code=56KB, data=53KB
03-30 12:36:11.222   431   451 I zygote  : After code cache collection, code=56KB, data=53KB
03-30 12:36:11.222   431   451 I zygote  : Increasing code cache capacity to 256KB
03-30 12:36:11.263   431   692 D vndksupport: Loading /vendor/lib/hw/gralloc.tegra.so from current namespace instead of sphal namespace.
03-30 12:36:11.358   306   306 I BootAnimation: type=1400 audit(0.0:43): avc: denied { search } for name="soc0" dev="sysfs" ino=244 scontext=u:r:bootanim:s0 tcontext=u:object_r:sysfs_soc:s0 tclass=dir permissive=1
03-30 12:36:11.358   306   306 I BootAnimation: type=1400 audit(0.0:44): avc: denied { read } for name="family" dev="sysfs" ino=247 scontext=u:r:bootanim:s0 tcontext=u:object_r:sysfs_soc:s0 tclass=file permissive=1
03-30 12:36:11.358   306   306 I BootAnimation: type=1400 audit(0.0:45): avc: denied { open } for path="/sys/devices/soc0/family" dev="sysfs" ino=247 scontext=u:r:bootanim:s0 tcontext=u:object_r:sysfs_soc:s0 tclass=file permissive=1
03-30 12:36:11.359   306   306 I BootAnimation: type=1400 audit(0.0:46): avc: denied { getattr } for path="/sys/devices/soc0/family" dev="sysfs" ino=247 scontext=u:r:bootanim:s0 tcontext=u:object_r:sysfs_soc:s0 tclass=file permissive=1
03-30 12:36:11.364   237   237 W tinyhal : adev_set_parameters 'A2dpSuspended=false'
03-30 12:36:11.365   237   270 W tinyhal : adev_set_parameters 'BT_SCO=off'
03-30 12:36:11.407   431   431 W KeyguardUpdateMonitor: invalid subId in handleServiceStateChange()
03-30 12:36:11.448   313   336 I WindowManager: ******* TELLING SURFACE FLINGER WE ARE BOOTED!
03-30 12:36:11.448   229   258 I SurfaceFlinger: Boot is finished (7929 ms)
03-30 12:36:11.452   313   336 I SystemServiceManager: Starting phase 1000
03-30 12:36:11.557   313   336 D LightsService: Excessive delay setting light
03-30 12:36:11.557   313   336 W SystemServiceManager: Service com.android.server.BatteryService took 105 ms in onBootPhase
03-30 12:36:11.560   313   338 D SensorHAL: isl29035: power-on.
03-30 12:36:11.561   313   336 D NightDisplayService: setUp: currentUser=0
03-30 12:36:11.562   313   336 D NightDisplayService: onAutoModeChanged: autoMode=0
03-30 12:36:11.562   313   336 I NightDisplayService: Turning off night display
03-30 12:36:11.565   229   341 D PermissionCache: checking android.permission.HARDWARE_TEST for uid=1000 => granted (521 us)
03-30 12:36:11.571   313   336 D ActivityManager: Finishing user boot 0
03-30 12:36:11.571   313   336 I ActivityManager: User 0 state changed from BOOTING to RUNNING_LOCKED
03-30 12:36:11.574   313   336 D StorageManagerService: Setting property: sys.user.0.ce_available=true
03-30 12:36:11.575   313   336 I ActivityManager: User 0 state changed from RUNNING_LOCKED to RUNNING_UNLOCKING
03-30 12:36:11.575   313   336 D CryptdConnector: SND -> {5 cryptfs prepare_user_storage ! 0 0 2}
03-30 12:36:11.576   183   187 D vold    : e4crypt_prepare_user_storage for volume null, user 0, serial 0, flags 2
03-30 12:36:11.576   183   187 D vold    : Preparing: /data/system_ce/0
03-30 12:36:11.576   183   187 D vold    : Preparing: /data/misc_ce/0
03-30 12:36:11.576   183   187 D vold    : Preparing: /data/media/0
03-30 12:36:11.577   183   187 D vold    : Preparing: /data/data
03-30 12:36:11.577   313   389 D CryptdConnector: RCV <- {200 5 Command succeeded}
03-30 12:36:11.578   313   336 V UserDataPreparer: Found /data/user/0 with serial number 0
03-30 12:36:11.601   313   336 V UserDataPreparer: Found /data/system_ce/0 with serial number 0
03-30 12:36:11.604   313   336 V PackageManager: reconcileAppsData for null u0 0x2 migrateAppData=false
03-30 12:36:11.640   709   709 I bootstat: Service started: /system/bin/bootstat --record_boot_complete 
03-30 12:36:11.644   709   709 E bootstat: Failed to read /data/misc/bootstat/post_decrypt_time_elapsed: No such file or directory
03-30 12:36:11.644   709   709 E bootstat: Failed to parse boot time record: /data/misc/bootstat/post_decrypt_time_elapsed
03-30 12:36:11.692   714   714 I bootstat: Service started: /system/bin/bootstat --record_boot_reason 
03-30 12:36:11.694   714   714 I bootstat: Unknown boot reason: 
03-30 12:36:11.739   715   715 I bootstat: Service started: /system/bin/bootstat --record_time_since_factory_reset 
03-30 12:36:11.773   239   357 W cutils  : Expected path /data/data/com.google.android.gms with mode 700 but found 711
03-30 12:36:11.786   716   716 I bootstat: Service started: /system/bin/bootstat -l 
03-30 12:36:11.880   313   336 V PackageManager: reconcileAppsData finished 100 packages
03-30 12:36:11.881   313   328 W zygote  : Long monitor contention with owner android.display (336) at void com.android.server.am.ActivityManagerService.finishBooting()(ActivityManagerService.java:7380) waiters=0 in void com.android.server.am.BroadcastQueue.processNextBroadcast(boolean) for 307ms
03-30 12:36:11.881   313   328 I SystemServiceManager: Calling onUnlockUser u0
03-30 12:36:11.885   313   328 D BluetoothManagerService: User 0 unlocked
03-30 12:36:11.885   313   328 D StorageManagerService: onUnlockUser 0
03-30 12:36:11.885   313   328 D VoldConnector: SND -> {6 volume user_started 0}
03-30 12:36:11.885   313   335 D BluetoothManagerService: MESSAGE_USER_UNLOCKED
03-30 12:36:11.886   313   395 D WifiConfigStore: Reading from stores completed in 2 ms.
03-30 12:36:11.888   183   186 D vold    : Linking /storage/emulated/0 to /mnt/user/0/primary
03-30 12:36:11.889   313   388 D VoldConnector: RCV <- {200 6 Command succeeded}
03-30 12:36:11.892   313   387 D StorageManagerService: Volume emulated broadcasting mounted to UserHandle{0}
03-30 12:36:11.902   313   328 I BackupManagerService: Instantiating BackupManagerService
03-30 12:36:11.911   313   313 I ActivityManager: Start proc 723:com.android.deskclock/u0a57 for broadcast com.android.deskclock/.AlarmInitReceiver
03-30 12:36:11.917   313   395 D WIFI    : Registering NetworkFactory
03-30 12:36:11.918   313   395 D WIFI_UT : Registering NetworkFactory
03-30 12:36:11.918   313   400 D ConnectivityService: Got NetworkFactory Messenger for WIFI
03-30 12:36:11.918   313   400 D ConnectivityService: Got NetworkFactory Messenger for WIFI_UT
03-30 12:36:11.920   313   395 D WifiConfigStore: Reading from user store completed in 1 ms.
03-30 12:36:11.927   313   328 V BackupManagerService: No ancestral data
03-30 12:36:11.958   313   328 I BackupManagerService: Package com.android.webview no longer eligible for full backup
03-30 12:36:11.966   313   328 V BackupManagerService: Starting with transport com.google.android.gms/.backup.BackupTransportService
03-30 12:36:11.967   313   328 D BackupTransportManager: Binding to transport: android/com.android.internal.backup.LocalTransportService
03-30 12:36:11.973   313   395 D WifiConfigStore: Writing to stores completed in 41 ms.
03-30 12:36:11.974   424   424 I InputAttributes: InputType.TYPE_NULL is specified
03-30 12:36:11.978   313   395 D WIFI    : got request NetworkRequest [ TRACK_DEFAULT id=3, [ Capabilities: INTERNET&NOT_RESTRICTED&TRUSTED&NOT_VPN] ] with score 0
03-30 12:36:11.978   313   328 D BackupTransportManager: Binding to transport: com.google.android.gms/.backup.component.D2dTransportService
03-30 12:36:11.980   226   226 D WifiHAL : In DebugCommand::handleResponse
03-30 12:36:11.980   226   226 D WifiHAL : len = 4, expected len = 4
03-30 12:36:11.981   226   226 D WifiHAL : In DebugCommand::handleResponse
03-30 12:36:11.981   226   226 D WifiHAL : len = 4, expected len = 4
03-30 12:36:11.996   313   724 V KeyValueBackupJob: Scheduling k/v pass in 241 minutes
03-30 12:36:12.003   313   395 D WifiConnectivityHelper: Firmware supported feature set: 9143f
03-30 12:36:12.003   313   395 D WifiConnectivityHelper: Firmware roaming is not supported
03-30 12:36:12.011   226   226 I WifiHAL : Got channel list with 13 channels
03-30 12:36:12.013   226   226 I WifiHAL : Got channel list with 9 channels
03-30 12:36:12.015   226   226 I WifiHAL : Got channel list with 16 channels
03-30 12:36:12.020   190   212 W CommandListener: Failed to retrieve HW addr for p2p0 (No such device)
03-30 12:36:12.028   190   212 D CommandListener: Setting iface cfg
03-30 12:36:12.040   313   328 W ActivityManager: Slow operation: 54ms so far, now at startProcess: returned from zygote!
03-30 12:36:12.041   313   328 W ActivityManager: Slow operation: 54ms so far, now at startProcess: done updating battery stats
03-30 12:36:12.041   313   328 W ActivityManager: Slow operation: 54ms so far, now at startProcess: building log message
03-30 12:36:12.041   313   328 I ActivityManager: Start proc 761:com.google.android.gms.persistent/u0a5 for service com.google.android.gms/.backup.component.D2dTransportService
03-30 12:36:12.041   313   328 W ActivityManager: Slow operation: 54ms so far, now at startProcess: starting to update pids map
03-30 12:36:12.041   313   328 W ActivityManager: Slow operation: 54ms so far, now at startProcess: done updating pids map
03-30 12:36:12.041   313   328 W ActivityManager: Slow operation: 55ms so far, now at startProcess: done starting proc!
03-30 12:36:12.041   313   328 D BackupTransportManager: Binding to transport: com.google.android.gms/.backup.BackupTransportService
03-30 12:36:12.043   313   328 I BackupManagerService: Backup enabled => true
03-30 12:36:12.046   313   395 D WIFI    : got request NetworkRequest [ TRACK_DEFAULT id=5, [ Capabilities: INTERNET&NOT_RESTRICTED&TRUSTED&NOT_VPN] ] with score 0
03-30 12:36:12.046   313   395 D WIFI    : got request NetworkRequest [ BACKGROUND_REQUEST id=2, [ Transports: CELLULAR Capabilities: INTERNET&NOT_RESTRICTED&TRUSTED&NOT_VPN] ] with score 0
03-30 12:36:12.047   313   395 D WIFI    : got request NetworkRequest [ REQUEST id=1, [ Capabilities: INTERNET&NOT_RESTRICTED&TRUSTED&NOT_VPN] ] with score 0
03-30 12:36:12.047   313   395 D WIFI_UT : got request NetworkRequest [ TRACK_DEFAULT id=3, [ Capabilities: INTERNET&NOT_RESTRICTED&TRUSTED&NOT_VPN] ] with score 0
03-30 12:36:12.047   313   395 D WIFI_UT : got request NetworkRequest [ TRACK_DEFAULT id=5, [ Capabilities: INTERNET&NOT_RESTRICTED&TRUSTED&NOT_VPN] ] with score 0
03-30 12:36:12.047   313   395 D WIFI_UT : got request NetworkRequest [ BACKGROUND_REQUEST id=2, [ Transports: CELLULAR Capabilities: INTERNET&NOT_RESTRICTED&TRUSTED&NOT_VPN] ] with score 0
03-30 12:36:12.047   313   395 D WIFI_UT : got request NetworkRequest [ REQUEST id=1, [ Capabilities: INTERNET&NOT_RESTRICTED&TRUSTED&NOT_VPN] ] with score 0
03-30 12:36:12.054   313   399 E WifiP2pService: Unable to change interface settings: java.lang.IllegalStateException: command '24 interface setcfg p2p0 0.0.0.0 0 up' failed with '400 24 Failed to clear address (No such device)'
03-30 12:36:12.054   313   399 I SupplicantP2pIfaceHal: Registering ISupplicant service ready callback.
03-30 12:36:12.054   313   399 I system_server: Looking for service android.hidl.manager@1.0::IServiceManager/default
03-30 12:36:12.056   313   399 I system_server: Starting thread pool.
03-30 12:36:12.059   313   382 I SupplicantP2pIfaceHal: IServiceNotification.onRegistration for: android.hardware.wifi.supplicant@1.0::ISupplicant, default preexisting=true
03-30 12:36:12.059   313   382 I system_server: Looking for service android.hardware.wifi.supplicant@1.0::ISupplicant/default
03-30 12:36:12.059   313   328 W SystemServiceManager: Service com.android.server.backup.BackupManagerService$Lifecycle took 158 ms in onUnlockUser 
03-30 12:36:12.059   313   328 W VoiceInteractionManagerService: no available voice interaction services found for user 0
03-30 12:36:12.059   313   328 W VoiceInteractionManagerService: no available voice recognition services found for user 0
03-30 12:36:12.060   313   382 I system_server: Starting thread pool.
03-30 12:36:12.061   313   328 D AutofillManagerServiceImpl: Reset component for user 0
03-30 12:36:12.061   313   328 D AutofillManagerServiceImpl: Reset component for user 0
03-30 12:36:12.061   313   328 I ActivityManager: Loading recents for user 0 into memory.
03-30 12:36:12.062   313   382 D SupplicantP2pIfaceHal: entering getInterface()
03-30 12:36:12.063   313   329 D AutofillUI: destroySaveUiUiThread(): already destroyed
03-30 12:36:12.073   313   382 D SupplicantP2pIfaceHal: getInterface() completed successfully.
03-30 12:36:12.074   313   382 D SupplicantP2pIfaceHal: leaving getInterface() with result = android.hardware.wifi.supplicant@1.0::ISupplicantP2pIface@Proxy
03-30 12:36:12.107   313   382 D SupplicantP2pIfaceHal: entering registerCallback()
03-30 12:36:12.108   313   382 D SupplicantP2pIfaceHal: registerCallback() completed successfully.
03-30 12:36:12.108   313   382 D SupplicantP2pIfaceHal: leaving registerCallback()
03-30 12:36:12.108   313   382 I SupplicantP2pIfaceHal: Completed initialization of ISupplicant interfaces.
03-30 12:36:12.125   313   328 W ActivityManager: Slow operation: 56ms so far, now at startProcess: returned from zygote!
03-30 12:36:12.125   313   328 W ActivityManager: Slow operation: 56ms so far, now at startProcess: done updating battery stats
03-30 12:36:12.146   313   328 W ActivityManager: Slow operation: 76ms so far, now at startProcess: building log message
03-30 12:36:12.146   313   328 I ActivityManager: Start proc 784:org.carbonrom.carbondelta/u0a4 for added application org.carbonrom.carbondelta
03-30 12:36:12.146   313   328 W ActivityManager: Slow operation: 76ms so far, now at startProcess: starting to update pids map
03-30 12:36:12.146   313   328 W ActivityManager: Slow operation: 76ms so far, now at startProcess: done updating pids map
03-30 12:36:12.149   313   328 I ActivityManager: User 0 state changed from RUNNING_UNLOCKING to RUNNING_UNLOCKED
03-30 12:36:12.150   313   328 I ActivityManager: Sending BOOT_COMPLETE user #0
03-30 12:36:12.162   313   313 D BackupTransportManager: Bound to transport: android/com.android.internal.backup.LocalTransportService
03-30 12:36:12.198   313   329 W Looper  : Dispatch took 129ms on android.ui, h=Handler (com.android.server.am.ActivityManagerService$UiHandler) {64ae506} cb=null msg=53
03-30 12:36:12.208   313   724 I BackupManagerService: Found stale backup journal, scheduling
03-30 12:36:12.215   313   399 D SupplicantP2pIfaceHal: entering setWpsDeviceName(Android_b8f8)
03-30 12:36:12.216   313   399 D SupplicantP2pIfaceHal: setWpsDeviceName(Android_b8f8) completed successfully.
03-30 12:36:12.216   313   399 D SupplicantP2pIfaceHal: leaving setWpsDeviceName(Android_b8f8)
03-30 12:36:12.216   313   399 D SupplicantP2pIfaceHal: entering setSsidPostfix(-Android_b8f8)
03-30 12:36:12.222   313   399 D SupplicantP2pIfaceHal: setSsidPostfix(-Android_b8f8) completed successfully.
03-30 12:36:12.222   313   399 D SupplicantP2pIfaceHal: leaving setSsidPostfix(-Android_b8f8)
03-30 12:36:12.222   313   399 D SupplicantP2pIfaceHal: entering setWpsDeviceType(10-0050F204-5)
03-30 12:36:12.223   313   399 D SupplicantP2pIfaceHal: setWpsDeviceType(10-0050F204-5) completed successfully.
03-30 12:36:12.223   313   399 D SupplicantP2pIfaceHal: leaving setWpsDeviceType(10-0050F204-5)
03-30 12:36:12.225   313   399 D SupplicantP2pIfaceHal: entering setWpsConfigMethods(virtual_push_button physical_display keypad)
03-30 12:36:12.226   313   399 D SupplicantP2pIfaceHal: setWpsConfigMethods(virtual_push_button physical_display keypad) completed successfully.
03-30 12:36:12.226   313   399 D SupplicantP2pIfaceHal: leaving setWpsConfigMethods(virtual_push_button physical_display keypad)
03-30 12:36:12.226   313   399 D SupplicantP2pIfaceHal: entering getDeviceAddress()
03-30 12:36:12.230   313   399 D SupplicantP2pIfaceHal: getDeviceAddress() completed successfully.
03-30 12:36:12.230   313   399 D SupplicantP2pIfaceHal: leaving getDeviceAddress() with result = 02:90:4c:16:70:01
03-30 12:36:12.238   313   399 D SupplicantP2pIfaceHal: entering flush()
03-30 12:36:12.239   313   399 D SupplicantP2pIfaceHal: flush() completed successfully.
03-30 12:36:12.240   313   399 D SupplicantP2pIfaceHal: leaving flush()
03-30 12:36:12.240   313   399 D SupplicantP2pIfaceHal: entering serviceFlush()
03-30 12:36:12.241   313   399 D SupplicantP2pIfaceHal: serviceFlush() completed successfully.
03-30 12:36:12.241   313   399 D SupplicantP2pIfaceHal: leaving serviceFlush()
03-30 12:36:12.241   313   399 D SupplicantP2pIfaceHal: entering listNetworks()
03-30 12:36:12.242   313   399 D SupplicantP2pIfaceHal: listNetworks() completed successfully.
